 EKF_sfun

 Timestamp is 4ef998be (Tue Dec 27 11:06:54 2011)

 Preferred load address is 0000000180000000

 Start         Length     Name                   Class
 0001:00000000 0006a944H .text                   CODE
 0001:0006a950 00000092H .text$x                 CODE
 0002:00000000 000004b8H .idata$5                DATA
 0002:000004b8 00000008H .CRT$XCA                DATA
 0002:000004c0 00000008H .CRT$XCZ                DATA
 0002:000004c8 00000008H .CRT$XIA                DATA
 0002:000004d0 00000008H .CRT$XIAA               DATA
 0002:000004d8 00000008H .CRT$XIZ                DATA
 0002:000004e0 00004d7cH .rdata                  DATA
 0002:00005260 00000008H .rtc$IAA                DATA
 0002:00005268 00000008H .rtc$IZZ                DATA
 0002:00005270 00000008H .rtc$TAA                DATA
 0002:00005278 00000008H .rtc$TZZ                DATA
 0002:00005280 00004fb4H .xdata                  DATA
 0002:0000a234 000000b4H .idata$2                DATA
 0002:0000a2e8 00000014H .idata$3                DATA
 0002:0000a300 000004b8H .idata$4                DATA
 0002:0000a7b8 00000ab2H .idata$6                DATA
 0002:0000b270 0000004eH .edata                  DATA
 0003:00000000 0000b1b8H .data                   DATA
 0003:0000b1c0 00002758H .bss                    DATA
 0004:00000000 00004320H .pdata                  DATA

  Address         Publics by Value              Rva+Base               Lib:Object

 0000:00000000       ___safe_se_handler_count   0000000000000000     <absolute>
 0000:00000000       ___safe_se_handler_table   0000000000000000     <absolute>
 0000:00000000       __ImageBase                0000000180000000     <linker-defined>
 0001:00000000       sf_c1_EKF_get_eml_resolved_functions_info 0000000180001000 f   c1_EKF.obj
 0001:00000080       sf_c1_EKF_get_check_sum    0000000180001080 f   c1_EKF.obj
 0001:00000100       sf_c1_EKF_get_autoinheritance_info 0000000180001100 f   c1_EKF.obj
 0001:00000960       sf_internal_get_sim_state_c1_EKF 0000000180001960 f   c1_EKF.obj
 0001:00000d10       sf_internal_set_sim_state_c1_EKF 0000000180001d10 f   c1_EKF.obj
 0001:000011f0       c1_EKF_method_dispatcher   00000001800021f0 f   c1_EKF.obj
 0001:00003370       sf_c2_EKF_get_eml_resolved_functions_info 0000000180004370 f   c2_EKF.obj
 0001:000039d0       sf_c2_EKF_get_check_sum    00000001800049d0 f   c2_EKF.obj
 0001:00003a50       sf_c2_EKF_get_autoinheritance_info 0000000180004a50 f   c2_EKF.obj
 0001:000042b0       sf_internal_get_sim_state_c2_EKF 00000001800052b0 f   c2_EKF.obj
 0001:00004660       sf_internal_set_sim_state_c2_EKF 0000000180005660 f   c2_EKF.obj
 0001:00004b40       c2_EKF_method_dispatcher   0000000180005b40 f   c2_EKF.obj
 0001:00007b20       sf_c3_EKF_get_eml_resolved_functions_info 0000000180008b20 f   c3_EKF.obj
 0001:0000a160       sf_c3_EKF_get_check_sum    000000018000b160 f   c3_EKF.obj
 0001:0000a1e0       sf_c3_EKF_get_autoinheritance_info 000000018000b1e0 f   c3_EKF.obj
 0001:0000ae10       sf_internal_get_sim_state_c3_EKF 000000018000be10 f   c3_EKF.obj
 0001:0000b2d0       sf_internal_set_sim_state_c3_EKF 000000018000c2d0 f   c3_EKF.obj
 0001:0000b990       c3_EKF_method_dispatcher   000000018000c990 f   c3_EKF.obj
 0001:000176b0       sf_c4_EKF_get_eml_resolved_functions_info 00000001800186b0 f   c4_EKF.obj
 0001:00017b20       sf_c4_EKF_get_check_sum    0000000180018b20 f   c4_EKF.obj
 0001:00017ba0       sf_c4_EKF_get_autoinheritance_info 0000000180018ba0 f   c4_EKF.obj
 0001:00018400       sf_internal_get_sim_state_c4_EKF 0000000180019400 f   c4_EKF.obj
 0001:000187d0       sf_internal_set_sim_state_c4_EKF 00000001800197d0 f   c4_EKF.obj
 0001:00018ca0       c4_EKF_method_dispatcher   0000000180019ca0 f   c4_EKF.obj
 0001:0001b5f0       sf_c11_EKF_get_eml_resolved_functions_info 000000018001c5f0 f   c11_EKF.obj
 0001:0001bc10       sf_c11_EKF_get_check_sum   000000018001cc10 f   c11_EKF.obj
 0001:0001bc90       sf_c11_EKF_get_autoinheritance_info 000000018001cc90 f   c11_EKF.obj
 0001:0001c120       sf_internal_get_sim_state_c11_EKF 000000018001d120 f   c11_EKF.obj
 0001:0001c4b0       sf_internal_set_sim_state_c11_EKF 000000018001d4b0 f   c11_EKF.obj
 0001:0001c990       c11_EKF_method_dispatcher  000000018001d990 f   c11_EKF.obj
 0001:0001e860       sf_c12_EKF_get_eml_resolved_functions_info 000000018001f860 f   c12_EKF.obj
 0001:0001ee70       sf_c12_EKF_get_check_sum   000000018001fe70 f   c12_EKF.obj
 0001:0001eef0       sf_c12_EKF_get_autoinheritance_info 000000018001fef0 f   c12_EKF.obj
 0001:0001f380       sf_internal_get_sim_state_c12_EKF 0000000180020380 f   c12_EKF.obj
 0001:0001f750       sf_internal_set_sim_state_c12_EKF 0000000180020750 f   c12_EKF.obj
 0001:0001fc20       c12_EKF_method_dispatcher  0000000180020c20 f   c12_EKF.obj
 0001:00021b20       sf_c13_EKF_get_eml_resolved_functions_info 0000000180022b20 f   c13_EKF.obj
 0001:00021ba0       sf_c13_EKF_get_check_sum   0000000180022ba0 f   c13_EKF.obj
 0001:00021c20       sf_c13_EKF_get_autoinheritance_info 0000000180022c20 f   c13_EKF.obj
 0001:000221f0       sf_internal_get_sim_state_c13_EKF 00000001800231f0 f   c13_EKF.obj
 0001:000225a0       sf_internal_set_sim_state_c13_EKF 00000001800235a0 f   c13_EKF.obj
 0001:00022a40       c13_EKF_method_dispatcher  0000000180023a40 f   c13_EKF.obj
 0001:00024690       sf_c14_EKF_get_eml_resolved_functions_info 0000000180025690 f   c14_EKF.obj
 0001:000250e0       sf_c14_EKF_get_check_sum   00000001800260e0 f   c14_EKF.obj
 0001:00025160       sf_c14_EKF_get_autoinheritance_info 0000000180026160 f   c14_EKF.obj
 0001:00025730       sf_internal_get_sim_state_c14_EKF 0000000180026730 f   c14_EKF.obj
 0001:00025ac0       sf_internal_set_sim_state_c14_EKF 0000000180026ac0 f   c14_EKF.obj
 0001:00025f60       c14_EKF_method_dispatcher  0000000180026f60 f   c14_EKF.obj
 0001:00028570       sf_c15_EKF_get_eml_resolved_functions_info 0000000180029570 f   c15_EKF.obj
 0001:00028fc0       sf_c15_EKF_get_check_sum   0000000180029fc0 f   c15_EKF.obj
 0001:00029040       sf_c15_EKF_get_autoinheritance_info 000000018002a040 f   c15_EKF.obj
 0001:00029610       sf_internal_get_sim_state_c15_EKF 000000018002a610 f   c15_EKF.obj
 0001:000299a0       sf_internal_set_sim_state_c15_EKF 000000018002a9a0 f   c15_EKF.obj
 0001:00029e40       c15_EKF_method_dispatcher  000000018002ae40 f   c15_EKF.obj
 0001:0002c440       sf_c16_EKF_get_eml_resolved_functions_info 000000018002d440 f   c16_EKF.obj
 0001:0002d000       sf_c16_EKF_get_check_sum   000000018002e000 f   c16_EKF.obj
 0001:0002d080       sf_c16_EKF_get_autoinheritance_info 000000018002e080 f   c16_EKF.obj
 0001:0002d650       sf_internal_get_sim_state_c16_EKF 000000018002e650 f   c16_EKF.obj
 0001:0002da10       sf_internal_set_sim_state_c16_EKF 000000018002ea10 f   c16_EKF.obj
 0001:0002ded0       c16_EKF_method_dispatcher  000000018002eed0 f   c16_EKF.obj
 0001:00030610       sf_c17_EKF_get_eml_resolved_functions_info 0000000180031610 f   c17_EKF.obj
 0001:000310b0       sf_c17_EKF_get_check_sum   00000001800320b0 f   c17_EKF.obj
 0001:00031130       sf_c17_EKF_get_autoinheritance_info 0000000180032130 f   c17_EKF.obj
 0001:00031700       sf_internal_get_sim_state_c17_EKF 0000000180032700 f   c17_EKF.obj
 0001:00031a90       sf_internal_set_sim_state_c17_EKF 0000000180032a90 f   c17_EKF.obj
 0001:00031f50       c17_EKF_method_dispatcher  0000000180032f50 f   c17_EKF.obj
 0001:000346b0       sf_c18_EKF_get_eml_resolved_functions_info 00000001800356b0 f   c18_EKF.obj
 0001:00034f60       sf_c18_EKF_get_check_sum   0000000180035f60 f   c18_EKF.obj
 0001:00034fe0       sf_c18_EKF_get_autoinheritance_info 0000000180035fe0 f   c18_EKF.obj
 0001:000356f0       sf_internal_get_sim_state_c18_EKF 00000001800366f0 f   c18_EKF.obj
 0001:00035a30       sf_internal_set_sim_state_c18_EKF 0000000180036a30 f   c18_EKF.obj
 0001:00035e20       c18_EKF_method_dispatcher  0000000180036e20 f   c18_EKF.obj
 0001:00037ea0       sf_process_check_sum_call  0000000180038ea0 f   EKF_sfun_registry.obj
 0001:00037ef0       sf_process_autoinheritance_call 0000000180038ef0 f   EKF_sfun_registry.obj
 0001:00038070       sf_process_get_eml_resolved_functions_info_call 0000000180039070 f   EKF_sfun_registry.obj
 0001:000381f0       sf_mex_unlock_call         00000001800391f0 f   EKF_sfun_registry.obj
 0001:000382a0       sf_machine_global_initializer_called 00000001800392a0 f   EKF_sfun_registry.obj
 0001:000382d0       sf_machine_global_method_dispatcher 00000001800392d0 f   EKF_sfun_registry.obj
 0001:00038330       sf_machine_global_terminator 0000000180039330 f   EKF_sfun_registry.obj
 0001:00038370       sf_register_machine_exported_symbols 0000000180039370 f   EKF_sfun_registry.obj
 0001:00038390       callCustomFcn              0000000180039390 f   EKF_sfun_registry.obj
 0001:000383a0       sf_machine_global_initializer 00000001800393a0 f   EKF_sfun_registry.obj
 0001:00038410       _ssSetStateAbsTol          0000000180039410 f   EKF_sfun_registry.obj
 0001:000384f0       _ssGetAbsTol               00000001800394f0 f   EKF_sfun_registry.obj
 0001:00038560       _ssSetInputPortMatrixDimensions 0000000180039560 f   EKF_sfun_registry.obj
 0001:00038670       _ssSetOutputPortMatrixDimensions 0000000180039670 f   EKF_sfun_registry.obj
 0001:00038780       _ssSetInputPortVectorDimension 0000000180039780 f   EKF_sfun_registry.obj
 0001:00038850       _ssSetOutputPortVectorDimension 0000000180039850 f   EKF_sfun_registry.obj
 0001:00038920       ssIsRunTimeParamTunable    0000000180039920 f   EKF_sfun_registry.obj
 0001:00038990       ssGetSFuncBlockHandle      0000000180039990 f   EKF_sfun_registry.obj
 0001:00038a00       _ssGetCurrentInputPortWidth 0000000180039a00 f   EKF_sfun_registry.obj
 0001:00038b20       _ssGetCurrentOutputPortWidth 0000000180039b20 f   EKF_sfun_registry.obj
 0001:00038c40       _ssGetCallSystemNumFcnCallDestinations 0000000180039c40 f   EKF_sfun_registry.obj
 0001:00038cb0       ssWarning                  0000000180039cb0 f   EKF_sfun_registry.obj
 0001:00038dc0       ssGetIsZeroCrossControlDisabled 0000000180039dc0 f   EKF_sfun_registry.obj
 0001:00038e30       ssSetIsInputPortUsedForContZcSignal 0000000180039e30 f   EKF_sfun_registry.obj
 0001:00038ea0       ssSetZcSignalIsZcElementDisc 0000000180039ea0 f   EKF_sfun_registry.obj
 0001:00038f50       ssSetZcSignalName          0000000180039f50 f   EKF_sfun_registry.obj
 0001:00038fc0       ssSetZcSignalWidth         0000000180039fc0 f   EKF_sfun_registry.obj
 0001:00039030       ssSetZcSignalZcEventType   000000018003a030 f   EKF_sfun_registry.obj
 0001:000390a0       ssSetZcSignalType          000000018003a0a0 f   EKF_sfun_registry.obj
 0001:00039110       ssSetZcSignalZcTol         000000018003a110 f   EKF_sfun_registry.obj
 0001:00039180       ssSetZcSignalNeedsEventNotification 000000018003a180 f   EKF_sfun_registry.obj
 0001:000391f0       ssCreateAndAddZcSignalInfo 000000018003a1f0 f   EKF_sfun_registry.obj
 0001:00039260       ssCloneAndAddZcSignalInfo  000000018003a260 f   EKF_sfun_registry.obj
 0001:000392d0       ssGetNumZcSignals          000000018003a2d0 f   EKF_sfun_registry.obj
 0001:00039340       ssGetZcSignalVector        000000018003a340 f   EKF_sfun_registry.obj
 0001:000393b0       ssGetZcSignalZcEvents      000000018003a3b0 f   EKF_sfun_registry.obj
 0001:00039420       ssGetZcSignalName          000000018003a420 f   EKF_sfun_registry.obj
 0001:00039490       ssGetZcSignalWidth         000000018003a490 f   EKF_sfun_registry.obj
 0001:00039500       ssGetZcSignalZcEventType   000000018003a500 f   EKF_sfun_registry.obj
 0001:00039570       ssGetZcSignalType          000000018003a570 f   EKF_sfun_registry.obj
 0001:000395e0       ssGetZcSignalZcTol         000000018003a5e0 f   EKF_sfun_registry.obj
 0001:00039660       ssGetZcSignalNeedsEventNotification 000000018003a660 f   EKF_sfun_registry.obj
 0001:000396d0       ssGetZcSignalIsZcElementDisc 000000018003a6d0 f   EKF_sfun_registry.obj
 0001:00039770       ssGetIsInputPortElementContinuous 000000018003a770 f   EKF_sfun_registry.obj
 0001:00039810       _ssGetInputPortSignalPtrsFcn 000000018003a810 f   EKF_sfun_registry.obj
 0001:00039ad0       _ssGetInputPortSignalFcn   000000018003aad0 f   EKF_sfun_registry.obj
 0001:00039cf0       _ssSetInputPortDirectFeedThroughFcn 000000018003acf0 f   EKF_sfun_registry.obj
 0001:00039e50       _ssSetInputPortReusableFcn 000000018003ae50 f   EKF_sfun_registry.obj
 0001:00039f40       _ssSetOutputPortReusableFcn 000000018003af40 f   EKF_sfun_registry.obj
 0001:0003a020       ssGetDTypeIdFromMxArray    000000018003b020 f   EKF_sfun_registry.obj
 0001:0003a140       ssWriteRTWStr              000000018003b140 f   EKF_sfun_registry.obj
 0001:0003a1a0       ssWriteRTWMxVectParam      000000018003b1a0 f   EKF_sfun_registry.obj
 0001:0003a200       ssWriteRTWMx2dMatParam     000000018003b200 f   EKF_sfun_registry.obj
 0001:0003a280       ssWriteRTWNameValuePair    000000018003b280 f   EKF_sfun_registry.obj
 0001:0003a770       ssWriteRTWParameters       000000018003b770 f   EKF_sfun_registry.obj
 0001:0003ad70       ssWriteRTWParamSettings    000000018003bd70 f   EKF_sfun_registry.obj
 0001:0003b440       ssWriteRTWWorkVect         000000018003c440 f   EKF_sfun_registry.obj
 0001:0003b940       mexFunction                000000018003c940 f   EKF_sfun_registry.obj
 0001:0003d580       ProcessMexSfunctionEveryCall 000000018003e580 f   EKF_sfun_registry.obj
 0001:0003d6f0       EKF_initializer            000000018003e6f0 f   EKF_sfun.obj
 0001:0003d700       EKF_terminator             000000018003e700 f   EKF_sfun.obj
 0001:0003d710       sf_EKF_method_dispatcher   000000018003e710 f   EKF_sfun.obj
 0001:0003d8e0       sf_EKF_process_check_sum_call 000000018003e8e0 f   EKF_sfun.obj
 0001:0003de00       sf_EKF_autoinheritance_info 000000018003ee00 f   EKF_sfun.obj
 0001:0003e020       sf_EKF_get_eml_resolved_functions_info 000000018003f020 f   EKF_sfun.obj
 0001:0003e420       EKF_debug_initialize       000000018003f420 f   EKF_sfun.obj
 0001:0003e490       EKF_register_exported_symbols 000000018003f490 f   EKF_sfun.obj
 0001:0003e540       sf_mex_mx_is_numeric       000000018003f540 f   sfc_mex:sfc_mex.obj
 0001:0003e580       strcmp_ignore_ws           000000018003f580 f   sfc_mex:sfc_mex.obj
 0001:0003e6c0       sf_mex_duplicatearraysafe  000000018003f6c0 f   sfc_mex:sfc_mex.obj
 0001:0003e820       sf_set_error_debugger_context_message_fcn 000000018003f820 f   sfc_mex:sfc_mex.obj
 0001:0003e830       sf_set_debugger_matlab_error_fcn 000000018003f830 f   sfc_mex:sfc_mex.obj
 0001:0003e860       sf_set_error_prefix_string 000000018003f860 f   sfc_mex:sfc_mex.obj
 0001:0003e890       sf_get_error_prefix_string 000000018003f890 f   sfc_mex:sfc_mex.obj
 0001:0003e8a0       sf_get_current_jmp_buf_ptr 000000018003f8a0 f   sfc_mex:sfc_mex.obj
 0001:0003e8b0       sf_set_current_jmp_buf_ptr 000000018003f8b0 f   sfc_mex:sfc_mex.obj
 0001:0003e8c0       sf_mex_set_halt_simulation 000000018003f8c0 f   sfc_mex:sfc_mex.obj
 0001:0003e8d0       sf_mex_get_halt_simulation 000000018003f8d0 f   sfc_mex:sfc_mex.obj
 0001:0003e8e0       sf_mex_clear_error_message 000000018003f8e0 f   sfc_mex:sfc_mex.obj
 0001:0003e900       sf_mex_get_error_message_for_read 000000018003f900 f   sfc_mex:sfc_mex.obj
 0001:0003e910       sf_mex_get_error_message_buffer_length 000000018003f910 f   sfc_mex:sfc_mex.obj
 0001:0003e9f0       sf_mex_warning_message     000000018003f9f0 f   sfc_mex:sfc_mex.obj
 0001:0003ea60       sf_mex_v_errbuf_createf    000000018003fa60 f   sfc_mex:sfc_mex.obj
 0001:0003ea70       sf_mex_errbuf_createf      000000018003fa70 f   sfc_mex:sfc_mex.obj
 0001:0003eaa0       sf_mex_v_errbuf_catf       000000018003faa0 f   sfc_mex:sfc_mex.obj
 0001:0003eae0       sf_mex_errbuf_catf         000000018003fae0 f   sfc_mex:sfc_mex.obj
 0001:0003eb30       sf_mex_errbuf_copy         000000018003fb30 f   sfc_mex:sfc_mex.obj
 0001:0003eb40       sf_mex_errbuf_clear        000000018003fb40 f   sfc_mex:sfc_mex.obj
 0001:0003eb50       sf_mex_errbuf_isempty      000000018003fb50 f   sfc_mex:sfc_mex.obj
 0001:0003ec60       sf_mex_set_error_status    000000018003fc60 f   sfc_mex:sfc_mex.obj
 0001:0003ecb0       sf_mex_error_direct_call   000000018003fcb0 f   sfc_mex:sfc_mex.obj
 0001:0003ecd0       sf_mex_error_message_no_long_jump 000000018003fcd0 f   sfc_mex:sfc_mex.obj
 0001:0003ecf0       sf_mex_long_jump_on_error  000000018003fcf0 f   sfc_mex:sfc_mex.obj
 0001:0003ed20       sf_mex_call_matlab         000000018003fd20 f   sfc_mex:sfc_mex.obj
 0001:0003ee40       sf_mex_check_builtin       000000018003fe40 f   sfc_mex:sfc_mex.obj
 0001:0003ee80       sf_mex_check_builtin_vs    000000018003fe80 f   sfc_mex:sfc_mex.obj
 0001:0003eee0       sf_mex_check_enum          000000018003fee0 f   sfc_mex:sfc_mex.obj
 0001:0003ef10       sf_mex_create_enum         000000018003ff10 f   sfc_mex:sfc_mex.obj
 0001:0003ef30       sf_mex_get_enum_element    000000018003ff30 f   sfc_mex:sfc_mex.obj
 0001:0003ef40       sf_mex_createcellarray     000000018003ff40 f   sfc_mex:sfc_mex.obj
 0001:0003ef50       sf_mex_setcell             000000018003ff50 f   sfc_mex:sfc_mex.obj
 0001:0003ef60       sf_mex_getcell             000000018003ff60 f   sfc_mex:sfc_mex.obj
 0001:0003ef70       sf_mex_dup                 000000018003ff70 f   sfc_mex:sfc_mex.obj
 0001:0003ef90       sf_mex_assign              000000018003ff90 f   sfc_mex:sfc_mex.obj
 0001:0003eff0       sf_mex_destroy             000000018003fff0 f   sfc_mex:sfc_mex.obj
 0001:0003f020       mx_array_has_fi_type       0000000180040020 f   sfc_mex:sfc_mex.obj
 0001:0003f050       sf_mex_convert_from_fi     0000000180040050 f   sfc_mex:sfc_mex.obj
 0001:0003f100       sf_mex_convert_to_double   0000000180040100 f   sfc_mex:sfc_mex.obj
 0001:0003f220       sf_mex_import_fi_vs        0000000180040220 f   sfc_mex:sfc_mex.obj
 0001:0003f3e0       sf_matrix_matrix_index_ok  00000001800403e0 f   sfc_mex:sfc_mex.obj
 0001:0003f470       sf_vector_vector_index_ok  0000000180040470 f   sfc_mex:sfc_mex.obj
 0001:0003f4a0       ssGetCurrentInputPortDimensions_wrapper 00000001800404a0 f   sfc_mex:sfc_mex.obj
 0001:0003f4c0       ssGetCurrentOutputPortDimensions_wrapper 00000001800404c0 f   sfc_mex:sfc_mex.obj
 0001:0003f4e0       sf_mex_emlrt_context_is_debug_mode 00000001800404e0 f   sfc_mex:sfc_mex.obj
 0001:0003f4f0       sf_mex_emlrt_context_set_debug_mode 00000001800404f0 f   sfc_mex:sfc_mex.obj
 0001:0003f560       sf_clear_error_manager_info 0000000180040560 f   sfc_mex:sfc_mex.obj
 0001:0003f5b0       sf_mex_stop_simulation_abruptly_wo_error 00000001800405b0 f   sfc_mex:sfc_mex.obj
 0001:0003f5f0       sf_mex_error_message       00000001800405f0 f   sfc_mex:sfc_mex.obj
 0001:0003f650       sf_react_to_error_in_matlab_call 0000000180040650 f   sfc_mex:sfc_mex.obj
 0001:0003f680       sf_mex_addfield            0000000180040680 f   sfc_mex:sfc_mex.obj
 0001:0003f720       sf_mex_getfield            0000000180040720 f   sfc_mex:sfc_mex.obj
 0001:0003fa20       sf_mex_check_class         0000000180040a20 f   sfc_mex:sfc_mex.obj
 0001:0003fb10       sf_mex_is_real             0000000180040b10 f   sfc_mex:sfc_mex.obj
 0001:0003ff80       sf_mex_decode_encoded_mx_struct_array 0000000180040f80 f   sfc_mex:sfc_mex.obj
 0001:00040260       sf_mex_lw_bounds_check     0000000180041260 f   sfc_mex:sfc_mex.obj
 0001:00040290       sf_mex_lw_size_eq_check_1d 0000000180041290 f   sfc_mex:sfc_mex.obj
 0001:000402b0       sf_mex_lw_size_eq_check_nd 00000001800412b0 f   sfc_mex:sfc_mex.obj
 0001:00040490       sf_mex_lw_dim_size_eq_check 0000000180041490 f   sfc_mex:sfc_mex.obj
 0001:000404c0       sf_mex_lw_dim_size_geq_check 00000001800414c0 f   sfc_mex:sfc_mex.obj
 0001:000404f0       sf_mex_lw_sub_assign_size_check_nd 00000001800414f0 f   sfc_mex:sfc_mex.obj
 0001:00040720       sf_mex_lw_runtime_error_msgid 0000000180041720 f   sfc_mex:sfc_mex.obj
 0001:00040810       sf_mex_lw_matrix_matrix_index_check 0000000180041810 f   sfc_mex:sfc_mex.obj
 0001:00040830       sf_mex_lw_vector_vector_index_check 0000000180041830 f   sfc_mex:sfc_mex.obj
 0001:00040870       sf_mex_lw_non_negative_check 0000000180041870 f   sfc_mex:sfc_mex.obj
 0001:000408b0       sf_mex_overflow_error      00000001800418b0 f   sfc_mex:sfc_mex.obj
 0001:000408c0       sf_mex_dividebyzero_error  00000001800418c0 f   sfc_mex:sfc_mex.obj
 0001:000408d0       sf_mex_unsafe_enum_error   00000001800418d0 f   sfc_mex:sfc_mex.obj
 0001:000408e0       sf_emlrtErrHandler         00000001800418e0 f   sfc_mex:sfc_mex.obj
 0001:000409a0       sf_mex_printf              00000001800419a0 f   sfc_mex:sfc_mex.obj
 0001:00040b30       sf_mex_check_size          0000000180041b30 f   sfc_mex:sfc_mex.obj
 0001:00040e00       sf_mex_check_struct        0000000180041e00 f   sfc_mex:sfc_mex.obj
 0001:00041060       sf_mex_check_struct_vs     0000000180042060 f   sfc_mex:sfc_mex.obj
 0001:000410f0       sf_mex_check_fi            00000001800420f0 f   sfc_mex:sfc_mex.obj
 0001:000411f0       sf_mex_check_fi_vs         00000001800421f0 f   sfc_mex:sfc_mex.obj
 0001:00041290       sf_echo_expression         0000000180042290 f   sfc_mex:sfc_mex.obj
 0001:000412f0       sf_assertion_failed        00000001800422f0 f   sfc_mex:sfc_mex.obj
 0001:000415d0       sf_mex_evalin              00000001800425d0 f   sfc_mex:sfc_mex.obj
 0001:00041840       sf_mex_export              0000000180042840 f   sfc_mex:sfc_mex.obj
 0001:00041900       sf_mex_get_ml_var_no_error 0000000180042900 f   sfc_mex:sfc_mex.obj
 0001:00041aa0       sf_mex_get_ml_var          0000000180042aa0 f   sfc_mex:sfc_mex.obj
 0001:00041f40       ml_set_element_value_in_array 0000000180042f40 f   sfc_mex:sfc_mex.obj
 0001:00043610       sf_mex_call_impl           0000000180044610 f   sfc_mex:sfc_mex.obj
 0001:00043b40       sf_mex_call_debug          0000000180044b40 f   sfc_mex:sfc_mex.obj
 0001:00043b70       sf_mex_call                0000000180044b70 f   sfc_mex:sfc_mex.obj
 0001:000441c0       sf_mex_createstruct        00000001800451c0 f   sfc_mex:sfc_mex.obj
 0001:000442b0       sf_mex_createstructarray   00000001800452b0 f   sfc_mex:sfc_mex.obj
 0001:00044330       sf_mex_get_mx_datatype_from_sf_datatype 0000000180045330 f   sfc_mex:sfc_mex.obj
 0001:00044640       sf_mex_ml_var_sub          0000000180045640 f   sfc_mex:sfc_mex.obj
 0001:00044810       sf_mex_ml_var_subsasgn     0000000180045810 f   sfc_mex:sfc_mex.obj
 0001:00044c00       sf_mex_sub                 0000000180045c00 f   sfc_mex:sfc_mex.obj
 0001:00044e00       sf_mex_subsasgn            0000000180045e00 f   sfc_mex:sfc_mex.obj
 0001:000452e0       sf_mex_create              00000001800462e0 f   sfc_mex:sfc_mex.obj
 0001:00045d30       sf_mex_import_named        0000000180046d30 f   sfc_mex:sfc_mex.obj
 0001:00045d90       sf_mex_import              0000000180046d90 f   sfc_mex:sfc_mex.obj
 0001:00045de0       sf_mex_import_vs           0000000180046de0 f   sfc_mex:sfc_mex.obj
 0001:00045ef0       sf_mex_lower_fixpt_mx_array 0000000180046ef0 f   sfc_mex:sfc_mex.obj
 0001:000464e0       sim_mode_is_rtw_gen        00000001800474e0 f   sfc_mex:sfc_sf.obj
 0001:00046510       sim_mode_is_external       0000000180047510 f   sfc_mex:sfc_sf.obj
 0001:00046520       sim_mode_is_modelref_sim   0000000180047520 f   sfc_mex:sfc_sf.obj
 0001:00046540       mdlInitializeSizes         0000000180047540 f   sfc_mex:sfc_sf.obj
 0001:00046560       mdlInitializeSampleTimes   0000000180047560 f   sfc_mex:sfc_sf.obj
 0001:000465a0       mdlZeroCrossings           00000001800475a0 f   sfc_mex:sfc_sf.obj
 0001:00046680       mdlDerivatives             0000000180047680 f   sfc_mex:sfc_sf.obj
 0001:00046730       mdl_initialize_conditions_processing 0000000180047730 f   sfc_mex:sfc_sf.obj
 0001:00046760       mdlInitializeConditions    0000000180047760 f   sfc_mex:sfc_sf.obj
 0001:00046820       mdlGetSimState             0000000180047820 f   sfc_mex:sfc_sf.obj
 0001:00046830       mdlSetSimState             0000000180047830 f   sfc_mex:sfc_sf.obj
 0001:00046840       mdl_ext_mode_exec_processing 0000000180047840 f   sfc_mex:sfc_sf.obj
 0001:00046860       mdlExtModeExec             0000000180047860 f   sfc_mex:sfc_sf.obj
 0001:000469f0       mdlTerminate               00000001800479f0 f   sfc_mex:sfc_sf.obj
 0001:00046a60       mdlRTW                     0000000180047a60 f   sfc_mex:sfc_sf.obj
 0001:00046a90       mdlSetWorkWidths           0000000180047a90 f   sfc_mex:sfc_sf.obj
 0001:00046aa0       mdlProcessParameters       0000000180047aa0 f   sfc_mex:sfc_sf.obj
 0001:00046ab0       mdl_start_processing       0000000180047ab0 f   sfc_mex:sfc_sf.obj
 0001:00046af0       mdlStart                   0000000180047af0 f   sfc_mex:sfc_sf.obj
 0001:00046be0       mdlEnable                  0000000180047be0 f   sfc_mex:sfc_sf.obj
 0001:00046cb0       mdlDisable                 0000000180047cb0 f   sfc_mex:sfc_sf.obj
 0001:00046d60       sf_get_chart_instance_ptr  0000000180047d60 f   sfc_mex:sfc_sf.obj
 0001:00046d80       sf_rtw_info_uint_prop      0000000180047d80 f   sfc_mex:sfc_sf.obj
 0001:00046ef0       sf_is_chart_inlinable      0000000180047ef0 f   sfc_mex:sfc_sf.obj
 0001:00046f10       sf_mark_output_events_with_multiple_callers 0000000180047f10 f   sfc_mex:sfc_sf.obj
 0001:000470d0       sf_mark_chart_reusable_outputs 00000001800480d0 f   sfc_mex:sfc_sf.obj
 0001:00047350       sf_mark_chart_expressionable_inputs 0000000180048350 f   sfc_mex:sfc_sf.obj
 0001:000476b0       sf_get_subchart_simstruct  00000001800486b0 f   sfc_mex:sfc_sf.obj
 0001:00047700       sf_write_symbol_mapping    0000000180048700 f   sfc_mex:sfc_sf.obj
 0001:00047950       sf_get_fixpt_data_type_id  0000000180048950 f   sfc_mex:sfc_sf.obj
 0001:00047990       sf_get_enum_data_type_id   0000000180048990 f   sfc_mex:sfc_sf.obj
 0001:000479d0       sf_get_param_data_type_id  00000001800489d0 f   sfc_mex:sfc_sf.obj
 0001:00047a00       sf_mex_listen_for_ctrl_c_force 0000000180048a00 f   sfc_mex:sfc_sf.obj
 0001:00047b10       sf_mex_draw_now            0000000180048b10 f   sfc_mex:sfc_sf.obj
 0001:00047b50       sf_mex_set_debugger_sim_status_listener_fcn 0000000180048b50 f   sfc_mex:sfc_sf.obj
 0001:00047b60       sf_mex_listen_for_ctrl_c   0000000180048b60 f   sfc_mex:sfc_sf.obj
 0001:00047bf0       sf_mex_get_sfun_param      0000000180048bf0 f   sfc_mex:sfc_sf.obj
 0001:00047c40       sf_get_runtime_param_data  0000000180048c40 f   sfc_mex:sfc_sf.obj
 0001:00047c80       sf_call_output_fcn_call    0000000180048c80 f   sfc_mex:sfc_sf.obj
 0001:00047dc0       sf_call_output_fcn_enable  0000000180048dc0 f   sfc_mex:sfc_sf.obj
 0001:00047e50       sf_call_output_fcn_disable 0000000180048e50 f   sfc_mex:sfc_sf.obj
 0001:00047ee0       sf_clear_rtw_identifier    0000000180048ee0 f   sfc_mex:sfc_sf.obj
 0001:000486d0       sf_set_encoded_dwork_info  00000001800496d0 f   sfc_mex:sfc_sf.obj
 0001:00048720       sf_get_dwork_info_from_mat_file 0000000180049720 f   sfc_mex:sfc_sf.obj
 0001:00048910       sf_set_rtw_dwork_info      0000000180049910 f   sfc_mex:sfc_sf.obj
 0001:00048a80       mdlOutputs                 0000000180049a80 f   sfc_mex:sfc_sf.obj
 0001:00048c20       sf_debug_disp              0000000180049c20 f   sfc_debug:sfcdebug.obj
 0001:00048e80       sf_debug_data_runtime_size_mismatch_error_check 0000000180049e80 f   sfc_debug:sfcdebug.obj
 0001:00048f20       sf_debug_try_loading_machine 0000000180049f20 f   sfc_debug:sfcdebug.obj
 0001:00049020       sf_debug_reset_current_state_configuration 000000018004a020 f   sfc_debug:sfcdebug.obj
 0001:000490b0       sf_debug_store_current_state_configuration 000000018004a0b0 f   sfc_debug:sfcdebug.obj
 0001:00049140       sf_debug_restore_previous_state_configuration 000000018004a140 f   sfc_debug:sfcdebug.obj
 0001:000491d0       sf_debug_restore_previous_state_configuration2 000000018004a1d0 f   sfc_debug:sfcdebug.obj
 0001:00049260       sf_debug_get_event_scope   000000018004a260 f   sfc_debug:sfcdebug.obj
 0001:000493d0       use_debugger_step_animation 000000018004a3d0 f   sfc_debug:sfcdebug.obj
 0001:000493f0       sf_debug_get_script_id     000000018004a3f0 f   sfc_debug:sfcdebug.obj
 0001:00049480       sf_debug_set_script_translation 000000018004a480 f   sfc_debug:sfcdebug.obj
 0001:00049540       sf_debug_get_current_machine_id 000000018004a540 f   sfc_debug:sfcdebug.obj
 0001:00049560       sf_debug_get_current_optional_integer 000000018004a560 f   sfc_debug:sfcdebug.obj
 0001:00049570       sf_debug_get_current_machine_number 000000018004a570 f   sfc_debug:sfcdebug.obj
 0001:00049590       sf_debug_get_current_machine_name 000000018004a590 f   sfc_debug:sfcdebug.obj
 0001:000495b0       sf_debug_get_current_chart_id 000000018004a5b0 f   sfc_debug:sfcdebug.obj
 0001:00049600       sf_debug_get_current_chart_number 000000018004a600 f   sfc_debug:sfcdebug.obj
 0001:00049610       sf_debug_get_current_instance_number 000000018004a610 f   sfc_debug:sfcdebug.obj
 0001:00049620       sf_debug_get_current_is_minor_time_step 000000018004a620 f   sfc_debug:sfcdebug.obj
 0001:000496a0       sf_debug_get_current_object_type 000000018004a6a0 f   sfc_debug:sfcdebug.obj
 0001:000496b0       sf_debug_get_current_instance_handle 000000018004a6b0 f   sfc_debug:sfcdebug.obj
 0001:00049710       sf_debug_get_current_event_type 000000018004a710 f   sfc_debug:sfcdebug.obj
 0001:00049720       sf_debug_get_current_object_id 000000018004a720 f   sfc_debug:sfcdebug.obj
 0001:00049760       sf_debug_get_current_active_event_type 000000018004a760 f   sfc_debug:sfcdebug.obj
 0001:00049770       sf_debug_get_current_active_event_id 000000018004a770 f   sfc_debug:sfcdebug.obj
 0001:000497b0       sf_debug_get_current_tag_type 000000018004a7b0 f   sfc_debug:sfcdebug.obj
 0001:000497c0       sf_debug_get_current_simulation_time 000000018004a7c0 f   sfc_debug:sfcdebug.obj
 0001:000497d0       sf_debug_get_current_coverage_percentage 000000018004a7d0 f   sfc_debug:sfcdebug.obj
 0001:000497e0       sf_debug_current_statement_context 000000018004a7e0 f   sfc_debug:sfcdebug.obj
 0001:00049870       sf_debug_get_current_statement_info 000000018004a870 f   sfc_debug:sfcdebug.obj
 0001:000499f0       sf_debug_terminate_instance 000000018004a9f0 f   sfc_debug:sfcdebug.obj
 0001:00049d00       sf_debug_assertion_failed  000000018004ad00 f   sfc_debug:sfcdebug.obj
 0001:00049eb0       sf_debug_set_number_of_data_with_change_event_for_machine 000000018004aeb0 f   sfc_debug:sfcdebug.obj
 0001:00049ef0       sf_debug_set_machine_event_thresholds 000000018004aef0 f   sfc_debug:sfcdebug.obj
 0001:00049f10       sf_debug_set_machine_event_scope 000000018004af10 f   sfc_debug:sfcdebug.obj
 0001:00049f50       sf_debug_set_machine_data_thresholds 000000018004af50 f   sfc_debug:sfcdebug.obj
 0001:00049f90       sf_debug_set_machine_data_scope 000000018004af90 f   sfc_debug:sfcdebug.obj
 0001:0004a020       sf_debug_set_machine_data_name 000000018004b020 f   sfc_debug:sfcdebug.obj
 0001:0004a0c0       sf_debug_set_machine_data_size 000000018004b0c0 f   sfc_debug:sfcdebug.obj
 0001:0004a200       sf_debug_set_machine_data_type 000000018004b200 f   sfc_debug:sfcdebug.obj
 0001:0004a370       sf_debug_get_chart_data_number 000000018004b370 f   sfc_debug:sfcdebug.obj
 0001:0004a390       sf_debug_get_chart_event_number 000000018004b390 f   sfc_debug:sfcdebug.obj
 0001:0004a3b0       sf_debug_set_chart_state_info 000000018004b3b0 f   sfc_debug:sfcdebug.obj
 0001:0004a430       sf_debug_set_chart_decomposition 000000018004b430 f   sfc_debug:sfcdebug.obj
 0001:0004a4a0       sf_debug_set_chart_substate_count 000000018004b4a0 f   sfc_debug:sfcdebug.obj
 0001:0004a580       sf_debug_set_chart_substate_index 000000018004b580 f   sfc_debug:sfcdebug.obj
 0001:0004a5f0       sf_debug_set_chart_state_substate_count 000000018004b5f0 f   sfc_debug:sfcdebug.obj
 0001:0004a700       sf_debug_set_chart_state_substate_index 000000018004b700 f   sfc_debug:sfcdebug.obj
 0001:0004a780       sf_debug_set_number_of_data_with_change_event_for_chart 000000018004b780 f   sfc_debug:sfcdebug.obj
 0001:0004a800       sf_debug_set_number_of_states_with_entry_event_for_chart 000000018004b800 f   sfc_debug:sfcdebug.obj
 0001:0004a870       sf_debug_set_number_of_states_with_exit_event_for_chart 000000018004b870 f   sfc_debug:sfcdebug.obj
 0001:0004a8e0       sf_debug_set_chart_disable_implicit_casting 000000018004b8e0 f   sfc_debug:sfcdebug.obj
 0001:0004a950       sf_debug_set_chart_event_thresholds 000000018004b950 f   sfc_debug:sfcdebug.obj
 0001:0004a9c0       sf_debug_set_chart_data_compiled_props 000000018004b9c0 f   sfc_debug:sfcdebug.obj
 0001:0004ad10       sf_debug_set_chart_data_props 000000018004bd10 f   sfc_debug:sfcdebug.obj
 0001:0004b030       sf_debug_check_fi_license  000000018004c030 f   sfc_debug:sfcdebug.obj
 0001:0004b220       sf_debug_symbol_scope_push 000000018004c220 f   sfc_debug:sfcdebug.obj
 0001:0004b260       sf_debug_symbol_scope_push_eml 000000018004c260 f   sfc_debug:sfcdebug.obj
 0001:0004b2b0       sf_debug_symbol_scope_pop  000000018004c2b0 f   sfc_debug:sfcdebug.obj
 0001:0004b2f0       sf_debug_symbol_scope_add_importable 000000018004c2f0 f   sfc_debug:sfcdebug.obj
 0001:0004b370       sf_debug_symbol_scope_add  000000018004c370 f   sfc_debug:sfcdebug.obj
 0001:0004b3f0       sf_debug_symbol_scope_add_dyn_importable 000000018004c3f0 f   sfc_debug:sfcdebug.obj
 0001:0004b4b0       sf_debug_symbol_scope_add_dyn 000000018004c4b0 f   sfc_debug:sfcdebug.obj
 0001:0004b4e0       sf_debug_symbol_scope_add_eml_importable 000000018004c4e0 f   sfc_debug:sfcdebug.obj
 0001:0004b520       sf_debug_symbol_scope_add_eml 000000018004c520 f   sfc_debug:sfcdebug.obj
 0001:0004b560       sf_debug_symbol_scope_add_eml_dyn_importable 000000018004c560 f   sfc_debug:sfcdebug.obj
 0001:0004b5d0       sf_debug_symbol_scope_add_eml_dyn 000000018004c5d0 f   sfc_debug:sfcdebug.obj
 0001:0004b630       sf_debug_symbol_switch     000000018004c630 f   sfc_debug:sfcdebug.obj
 0001:0004b650       sf_debug_symbol_scope_add_verbose 000000018004c650 f   sfc_debug:sfcdebug.obj
 0001:0004b720       sf_debug_set_machine_data_value_ptr 000000018004c720 f   sfc_debug:sfcdebug.obj
 0001:0004b760       sf_debug_set_instance_data_value_ptr 000000018004c760 f   sfc_debug:sfcdebug.obj
 0001:0004b820       sf_debug_unset_instance_data_value_ptr 000000018004c820 f   sfc_debug:sfcdebug.obj
 0001:0004b8d0       sf_debug_set_chart_event_scope 000000018004c8d0 f   sfc_debug:sfcdebug.obj
 0001:0004b950       sf_debug_set_chart_transition_coverage_maps 000000018004c950 f   sfc_debug:sfcdebug.obj
 0001:0004ba60       sf_debug_set_chart_state_coverage_maps 000000018004ca60 f   sfc_debug:sfcdebug.obj
 0001:0004bb40       sf_debug_set_instance_transition_coverage_weights 000000018004cb40 f   sfc_debug:sfcdebug.obj
 0001:0004bbe0       sf_debug_set_instance_state_coverage_weights 000000018004cbe0 f   sfc_debug:sfcdebug.obj
 0001:0004be30       sf_debug_unload_machine    000000018004ce30 f   sfc_debug:sfcdebug.obj
 0001:0004be80       sf_debug_load_machine      000000018004ce80 f   sfc_debug:sfcdebug.obj
 0001:0004bf80       sf_debug_set_active_instance_in_data_dictionary 000000018004cf80 f   sfc_debug:sfcdebug.obj
 0001:0004c160       sf_debug_set_active_instance 000000018004d160 f   sfc_debug:sfcdebug.obj
 0001:0004c2a0       sf_debug_chart_visiblity_change 000000018004d2a0 f   sfc_debug:sfcdebug.obj
 0001:0004c380       sf_debug_select_chart      000000018004d380 f   sfc_debug:sfcdebug.obj
 0001:0004c450       sf_debug_set_instance_cv_ids 000000018004d450 f   sfc_debug:sfcdebug.obj
 0001:0004c760       sf_debug_select_charts     000000018004d760 f   sfc_debug:sfcdebug.obj
 0001:0004c8a0       sf_debug_initialized       000000018004d8a0 f   sfc_debug:sfcdebug.obj
 0001:0004c8b0       sf_debug_is_uninterruptible 000000018004d8b0 f   sfc_debug:sfcdebug.obj
 0001:0004c8e0       sf_debug_initialize_debugger_gui 000000018004d8e0 f   sfc_debug:sfcdebug.obj
 0001:0004ccd0       sf_debug_resume            000000018004dcd0 f   sfc_debug:sfcdebug.obj
 0001:0004ccf0       sf_debug_go                000000018004dcf0 f   sfc_debug:sfcdebug.obj
 0001:0004cd00       sf_debug_break             000000018004dd00 f   sfc_debug:sfcdebug.obj
 0001:0004cd10       sf_debug_step_over         000000018004dd10 f   sfc_debug:sfcdebug.obj
 0001:0004cd20       sf_debug_step_out          000000018004dd20 f   sfc_debug:sfcdebug.obj
 0001:0004cd30       sf_debug_set_disable_all_breakpoints 000000018004dd30 f   sfc_debug:sfcdebug.obj
 0001:0004cd40       sf_debug_disable_all_breakpoints_and_go 000000018004dd40 f   sfc_debug:sfcdebug.obj
 0001:0004cd50       sf_debug_break_on_chart_entry 000000018004dd50 f   sfc_debug:sfcdebug.obj
 0001:0004cd60       sf_debug_break_on_event_broadcast 000000018004dd60 f   sfc_debug:sfcdebug.obj
 0001:0004cd70       sf_debug_break_on_state_entry 000000018004dd70 f   sfc_debug:sfcdebug.obj
 0001:0004cd80       sf_debug_break_between_times 000000018004dd80 f   sfc_debug:sfcdebug.obj
 0001:0004cda0       sf_debug_browse_data       000000018004dda0 f   sfc_debug:sfcdebug.obj
 0001:0004cdc0       sf_debug_watch_data        000000018004ddc0 f   sfc_debug:sfcdebug.obj
 0001:0004cde0       sf_debug_assign_data       000000018004dde0 f   sfc_debug:sfcdebug.obj
 0001:0004ce00       sf_debug_whos              000000018004de00 f   sfc_debug:sfcdebug.obj
 0001:0004ce20       sf_debug_get_consistency_info 000000018004de20 f   sfc_debug:sfcdebug.obj
 0001:0004ce30       sf_debug_browse_trace      000000018004de30 f   sfc_debug:sfcdebug.obj
 0001:0004ce40       sf_debug_set_breakpoints   000000018004de40 f   sfc_debug:sfcdebug.obj
 0001:0004cfa0       sf_debug_set_eml_breakpoints 000000018004dfa0 f   sfc_debug:sfcdebug.obj
 0001:0004d100       sf_debug_set_script_breakpoints 000000018004e100 f   sfc_debug:sfcdebug.obj
 0001:0004d180       sf_debug_add_script_breakpoints 000000018004e180 f   sfc_debug:sfcdebug.obj
 0001:0004d1f0       sf_debug_clear_script_breakpoints 000000018004e1f0 f   sfc_debug:sfcdebug.obj
 0001:0004d260       sf_debug_query_script_breakpoints 000000018004e260 f   sfc_debug:sfcdebug.obj
 0001:0004d320       sf_debug_get_eml_script_id 000000018004e320 f   sfc_debug:sfcdebug.obj
 0001:0004d370       sf_debug_set_watch         000000018004e370 f   sfc_debug:sfcdebug.obj
 0001:0004d5a0       sf_debug_get_coverage      000000018004e5a0 f   sfc_debug:sfcdebug.obj
 0001:0004d5b0       sf_debug_get_instance_handle 000000018004e5b0 f   sfc_debug:sfcdebug.obj
 0001:0004d640       sf_debug_get_active_states 000000018004e640 f   sfc_debug:sfcdebug.obj
 0001:0004d650       sf_debug_get_animation     000000018004e650 f   sfc_debug:sfcdebug.obj
 0001:0004d660       sf_debug_set_animation     000000018004e660 f   sfc_debug:sfcdebug.obj
 0001:0004d670       sf_debug_animate           000000018004e670 f   sfc_debug:sfcdebug.obj
 0001:0004d6a0       sf_debug_cycle_detection_check 000000018004e6a0 f   sfc_debug:sfcdebug.obj
 0001:0004d6b0       sf_debug_data_range_check  000000018004e6b0 f   sfc_debug:sfcdebug.obj
 0001:0004d6c0       sf_debug_transition_conflict_check 000000018004e6c0 f   sfc_debug:sfcdebug.obj
 0001:0004d6d0       sf_debug_state_consistency_check 000000018004e6d0 f   sfc_debug:sfcdebug.obj
 0001:0004d6e0       sf_debug_data_range_check_enabled 000000018004e6e0 f   sfc_debug:sfcdebug.obj
 0001:0004d700       sf_debug_transition_conflict_check_enabled 000000018004e700 f   sfc_debug:sfcdebug.obj
 0001:0004d720       sf_debug_transition_conflict_check_begin 000000018004e720 f   sfc_debug:sfcdebug.obj
 0001:0004d740       sf_debug_transition_conflict_check_end 000000018004e740 f   sfc_debug:sfcdebug.obj
 0001:0004d760       sf_debug_stop_debugging    000000018004e760 f   sfc_debug:sfcdebug.obj
 0001:0004d790       sf_debug_is_cycle_detected 000000018004e790 f   sfc_debug:sfcdebug.obj
 0001:0004d7a0       sf_debug_is_array_bounds_detected 000000018004e7a0 f   sfc_debug:sfcdebug.obj
 0001:0004d7b0       sf_debug_get_state_vectors_data_size 000000018004e7b0 f   sfc_debug:sfcdebug.obj
 0001:0004d7f0       sf_debug_get_state_vectors_data 000000018004e7f0 f   sfc_debug:sfcdebug.obj
 0001:0004d8f0       sf_debug_set_state_vectors_data 000000018004e8f0 f   sfc_debug:sfcdebug.obj
 0001:0004dbb0       sf_debug_get_script_index  000000018004ebb0 f   sfc_debug:sfcdebug.obj
 0001:0004dd40       sf_debug_add_script        000000018004ed40 f   sfc_debug:sfcdebug.obj
 0001:0004ded0       cv_eval_point              000000018004eed0 f   sfc_debug:sfcdebug.obj
 0001:0004e040       sf_debug_cv_init_state     000000018004f040 f   sfc_debug:sfcdebug.obj
 0001:0004e160       sf_debug_cv_init_chart     000000018004f160 f   sfc_debug:sfcdebug.obj
 0001:0004e240       sf_debug_cv_init_trans     000000018004f240 f   sfc_debug:sfcdebug.obj
 0001:0004e3b0       cv_eml_init_script         000000018004f3b0 f   sfc_debug:sfcdebug.obj
 0001:0004e490       cv_eml_init_fcn            000000018004f490 f   sfc_debug:sfcdebug.obj
 0001:0004e540       cv_eml_init_testobjective  000000018004f540 f   sfc_debug:sfcdebug.obj
 0001:0004e5f0       cv_eml_init_if             000000018004f5f0 f   sfc_debug:sfcdebug.obj
 0001:0004e6a0       cv_eml_init_for            000000018004f6a0 f   sfc_debug:sfcdebug.obj
 0001:0004e750       cv_eml_init_while          000000018004f750 f   sfc_debug:sfcdebug.obj
 0001:0004e800       cv_eml_init_mcdc           000000018004f800 f   sfc_debug:sfcdebug.obj
 0001:0004e900       cv_eml_init_switch         000000018004f900 f   sfc_debug:sfcdebug.obj
 0001:0004e9e0       cv_eml_eval                000000018004f9e0 f   sfc_debug:sfcdebug.obj
 0001:0004eac0       sf_debug_bm_is_a_eml_breakpoint 000000018004fac0 f   sfc_debug:sfcdebug.obj
 0001:0004ec10       sf_debug_temporal_threshold 000000018004fc10 f   sfc_debug:sfcdebug.obj
 0001:0004ef70       sf_debug_transition_conflict_error 000000018004ff70 f   sfc_debug:sfcdebug.obj
 0001:0004f2f0       sf_debug_state_inconsistency_error 00000001800502f0 f   sfc_debug:sfcdebug.obj
 0001:0004f410       sf_debug_check_for_state_inconsistency 0000000180050410 f   sfc_debug:sfcdebug.obj
 0001:0004f440       sf_debug_cycle_detecton_error 0000000180050440 f   sfc_debug:sfcdebug.obj
 0001:0004fc30       sf_debug_size_eq_check_1d  0000000180050c30 f   sfc_debug:sfcdebug.obj
 0001:0004fc50       sf_debug_size_eq_check_nd  0000000180050c50 f   sfc_debug:sfcdebug.obj
 0001:0004fe30       sf_debug_dim_size_eq_check 0000000180050e30 f   sfc_debug:sfcdebug.obj
 0001:0004fe60       sf_debug_dim_size_geq_check 0000000180050e60 f   sfc_debug:sfcdebug.obj
 0001:0004fe90       sf_debug_sub_assign_size_check_nd 0000000180050e90 f   sfc_debug:sfcdebug.obj
 0001:000500d0       sf_debug_matrix_matrix_index_check 00000001800510d0 f   sfc_debug:sfcdebug.obj
 0001:00050100       sf_debug_vector_vector_index_check 0000000180051100 f   sfc_debug:sfcdebug.obj
 0001:00050130       sf_debug_runtime_error_msgid 0000000180051130 f   sfc_debug:sfcdebug.obj
 0001:000501c0       sf_debug_data_array_bounds_error_check 00000001800511c0 f   sfc_debug:sfcdebug.obj
 0001:000502d0       sf_debug_eml_data_array_bounds_error_check 00000001800512d0 f   sfc_debug:sfcdebug.obj
 0001:000507b0       sf_debug_integer_check     00000001800517b0 f   sfc_debug:sfcdebug.obj
 0001:00050890       sf_debug_not_nan_check     0000000180051890 f   sfc_debug:sfcdebug.obj
 0001:00050950       sf_debug_non_negative_check 0000000180051950 f   sfc_debug:sfcdebug.obj
 0001:00050a10       sf_debug_overflow_detection 0000000180051a10 f   sfc_debug:sfcdebug.obj
 0001:00051100       sf_debug_cast_to_real32_T  0000000180052100 f   sfc_debug:sfcdebug.obj
 0001:000511c0       sf_debug_cast_to_int8_T    00000001800521c0 f   sfc_debug:sfcdebug.obj
 0001:00051280       sf_debug_cast_to_uint8_T   0000000180052280 f   sfc_debug:sfcdebug.obj
 0001:00051340       sf_debug_cast_to_int16_T   0000000180052340 f   sfc_debug:sfcdebug.obj
 0001:00051400       sf_debug_cast_to_uint16_T  0000000180052400 f   sfc_debug:sfcdebug.obj
 0001:000514c0       sf_debug_cast_to_int32_T   00000001800524c0 f   sfc_debug:sfcdebug.obj
 0001:00051580       sf_debug_cast_to_uint32_T  0000000180052580 f   sfc_debug:sfcdebug.obj
 0001:00051640       sf_debug_data_range_error  0000000180052640 f   sfc_debug:sfcdebug.obj
 0001:00051ac0       sf_debug_data_range_error_wrapper_min_max 0000000180052ac0 f   sfc_debug:sfcdebug.obj
 0001:00051bb0       sf_debug_data_range_error_wrapper_min 0000000180052bb0 f   sfc_debug:sfcdebug.obj
 0001:00051c90       sf_debug_data_range_error_wrapper_max 0000000180052c90 f   sfc_debug:sfcdebug.obj
 0001:00051d70       sf_debug_data_range_wrapper 0000000180052d70 f   sfc_debug:sfcdebug.obj
 0001:00051e20       sf_debug_set_current_status_info 0000000180052e20 f   sfc_debug:sfcdebug.obj
 0001:000521d0       sf_debug_call              00000001800531d0 f   sfc_debug:sfcdebug.obj
 0001:00053090       sf_debug_initialize_machine 0000000180054090 f   sfc_debug:sfcdebug.obj
 0001:000533a0       sf_debug_initialize_chart  00000001800543a0 f   sfc_debug:sfcdebug.obj
 0001:00053880       sf_debug_ensure_script     0000000180054880 f   sfc_debug:sfcdebug.obj
 0001:00053940       cv_script_init_script      0000000180054940 f   sfc_debug:sfcdebug.obj
 0001:00053a20       cv_script_init_fcn         0000000180054a20 f   sfc_debug:sfcdebug.obj
 0001:00053ad0       cv_script_init_testobjective 0000000180054ad0 f   sfc_debug:sfcdebug.obj
 0001:00053b80       cv_script_init_if          0000000180054b80 f   sfc_debug:sfcdebug.obj
 0001:00053c30       cv_script_init_for         0000000180054c30 f   sfc_debug:sfcdebug.obj
 0001:00053ce0       cv_script_init_while       0000000180054ce0 f   sfc_debug:sfcdebug.obj
 0001:00053d90       cv_script_init_mcdc        0000000180054d90 f   sfc_debug:sfcdebug.obj
 0001:00053e90       cv_script_init_switch      0000000180054e90 f   sfc_debug:sfcdebug.obj
 0001:00053f70       cv_script_eval             0000000180054f70 f   sfc_debug:sfcdebug.obj
 0001:00054050       eml_debug_line_call        0000000180055050 f   sfc_debug:sfcdebug.obj
 0001:00054200       sf_debug_terminate         0000000180055200 f   sfc_debug:sfcdebug.obj
 0001:00054370       sf_debug_set_script_cv_ids 0000000180055370 f   sfc_debug:sfcdebug.obj
 0001:00054540       sf_debug_api               0000000180055540 f   sfc_debug:sfc_api.obj
 0001:00055d70       sf_debug_sm_terminate      0000000180056d70 f   sfc_debug:sfdb_animation.obj
 0001:00055f30       sf_debug_reset_path_objects 0000000180056f30 f   sfc_debug:sfdb_animation.obj
 0001:00055fb0       sf_debug_sm_reset_object_selection_status 0000000180056fb0 f   sfc_debug:sfdb_animation.obj
 0001:00056050       sf_debug_sm_reset_state_buffer 0000000180057050 f   sfc_debug:sfdb_animation.obj
 0001:00056120       sf_debug_sm_store_state_buffer 0000000180057120 f   sfc_debug:sfdb_animation.obj
 0001:000561a0       sf_debug_sm_restore_state_buffer1 00000001800571a0 f   sfc_debug:sfdb_animation.obj
 0001:00056210       sf_debug_sm_restore_state_buffer2 0000000180057210 f   sfc_debug:sfdb_animation.obj
 0001:00056280       sf_debug_sm_chart_active   0000000180057280 f   sfc_debug:sfdb_animation.obj
 0001:000562d0       sf_debug_sm_select_active_objects 00000001800572d0 f   sfc_debug:sfdb_animation.obj
 0001:00056780       sf_debug_sm_is_chart_active 0000000180057780 f   sfc_debug:sfdb_animation.obj
 0001:000567c0       sf_debug_sm_is_state_active 00000001800577c0 f   sfc_debug:sfdb_animation.obj
 0001:00056a00       sf_debug_sm_get_active_states 0000000180057a00 f   sfc_debug:sfdb_animation.obj
 0001:00056fc0       sf_debug_sm_initialize_instance 0000000180057fc0 f   sfc_debug:sfdb_animation.obj
 0001:00057210       sf_debug_sm_change_object_selection_status 0000000180058210 f   sfc_debug:sfdb_animation.obj
 0001:00057500       cv_create_interface        0000000180058500 f   sfc_debug:cv_sfinterface.obj
 0001:00057860       cv_init_trans              0000000180058860 f   sfc_debug:cv_sfinterface.obj
 0001:000578b0       cv_init_state              00000001800588b0 f   sfc_debug:cv_sfinterface.obj
 0001:00057920       cv_init_chart              0000000180058920 f   sfc_debug:cv_sfinterface.obj
 0001:00057970       cv_dec_update_call         0000000180058970 f   sfc_debug:cv_sfinterface.obj
 0001:000579b0       cv_cond_update_call        00000001800589b0 f   sfc_debug:cv_sfinterface.obj
 0001:000579f0       cv_sigrange_update         00000001800589f0 f   sfc_debug:cv_sfinterface.obj
 0001:00057a30       cvsf_eml_eval              0000000180058a30 f   sfc_debug:cv_sfinterface.obj
 0001:00057b10       cvsf_eml_init_script       0000000180058b10 f   sfc_debug:cv_sfinterface.obj
 0001:00057b90       cvsf_eml_init_fcn          0000000180058b90 f   sfc_debug:cv_sfinterface.obj
 0001:00057bf0       cvsf_eml_init_testobjective 0000000180058bf0 f   sfc_debug:cv_sfinterface.obj
 0001:00057c50       cvsf_eml_init_if           0000000180058c50 f   sfc_debug:cv_sfinterface.obj
 0001:00057cb0       cvsf_eml_init_for          0000000180058cb0 f   sfc_debug:cv_sfinterface.obj
 0001:00057d00       cvsf_eml_init_while        0000000180058d00 f   sfc_debug:cv_sfinterface.obj
 0001:00057d50       cvsf_eml_init_mcdc         0000000180058d50 f   sfc_debug:cv_sfinterface.obj
 0001:00057de0       cvsf_eml_init_switch       0000000180058de0 f   sfc_debug:cv_sfinterface.obj
 0001:00057e50       cvsf_script_eval           0000000180058e50 f   sfc_debug:cv_sfinterface.obj
 0001:00057f30       cvsf_script_init_script    0000000180058f30 f   sfc_debug:cv_sfinterface.obj
 0001:00057fb0       cvsf_script_init_fcn       0000000180058fb0 f   sfc_debug:cv_sfinterface.obj
 0001:00058010       cvsf_script_init_testobjective 0000000180059010 f   sfc_debug:cv_sfinterface.obj
 0001:00058070       cvsf_script_init_if        0000000180059070 f   sfc_debug:cv_sfinterface.obj
 0001:000580d0       cvsf_script_init_for       00000001800590d0 f   sfc_debug:cv_sfinterface.obj
 0001:00058120       cvsf_script_init_while     0000000180059120 f   sfc_debug:cv_sfinterface.obj
 0001:00058170       cvsf_script_init_mcdc      0000000180059170 f   sfc_debug:cv_sfinterface.obj
 0001:00058200       cvsf_script_init_switch    0000000180059200 f   sfc_debug:cv_sfinterface.obj
 0001:00058270       cv_destroy_interface       0000000180059270 f   sfc_debug:cv_sfinterface.obj
 0001:00058290       cv_create_instance_objects 0000000180059290 f   sfc_debug:cv_sfinterface.obj
 0001:00058740       cv_is_enabled              0000000180059740 f   sfc_debug:cv_sfinterface.obj
 0001:00058750       sf_debug_cv_initialize_script 0000000180059750 f   sfc_debug:cv_sfinterface.obj
 0001:00058900       sf_debug_cv_initialize_instance 0000000180059900 f   sfc_debug:cv_sfinterface.obj
 0001:00058ca0       sf_debug_cv_terminate_chart 0000000180059ca0 f   sfc_debug:cv_sfinterface.obj
 0001:00058de0       cv_call_trans_test         0000000180059de0 f   sfc_debug:cv_sfinterface.obj
 0001:00058df0       cv_call_sub_cond_test      0000000180059df0 f   sfc_debug:cv_sfinterface.obj
 0001:00058f20       sf_debug_hm_initialize_instance 0000000180059f20 f   sfc_debug:sfdb_handle_management.obj
 0001:000594a0       sf_debug_hm_get_object_id  000000018005a4a0 f   sfc_debug:sfdb_handle_management.obj
 0001:0005b410       sf_debug_object_is_eml_function 000000018005c410 f   sfc_debug:sfdb_handle_management.obj
 0001:0005b480       sf_debug_hm_initialize_ids_in_machine 000000018005c480 f   sfc_debug:sfdb_handle_management.obj
 0001:0005b5f0       sf_debug_hm_initialize_ids_in_chart 000000018005c5f0 f   sfc_debug:sfdb_handle_management.obj
 0001:0005b730       sf_debug_hm_initialize_chart 000000018005c730 f   sfc_debug:sfdb_handle_management.obj
 0001:0005bee0       sf_debug_hm_terminate      000000018005cee0 f   sfc_debug:sfdb_handle_management.obj
 0001:0005bf40       sf_debug_hm_initialize_machine 000000018005cf40 f   sfc_debug:sfdb_handle_management.obj
 0001:0005c6f0       sf_debug_st_initialize_machine 000000018005d6f0 f   sfc_debug:sfdb_data_browse.obj
 0001:0005c7b0       sf_debug_st_initialize_instance 000000018005d7b0 f   sfc_debug:sfdb_data_browse.obj
 0001:0005c9e0       sf_debug_st_terminate      000000018005d9e0 f   sfc_debug:sfdb_data_browse.obj
 0001:0005cd80       sf_debug_st_set_data_value_ptr_in_machine 000000018005dd80 f   sfc_debug:sfdb_data_browse.obj
 0001:0005ce10       sf_debug_st_set_data_value_ptr_in_instance 000000018005de10 f   sfc_debug:sfdb_data_browse.obj
 0001:0005cef0       sf_debug_st_unset_data_value_ptr_in_machine 000000018005def0 f   sfc_debug:sfdb_data_browse.obj
 0001:0005cf60       sf_debug_st_unset_data_value_ptr_in_instance 000000018005df60 f   sfc_debug:sfdb_data_browse.obj
 0001:0005d270       sf_debug_mx_value          000000018005e270 f   sfc_debug:sfdb_data_browse.obj
 0001:0005d2d0       sf_debug_mx_packed_vector  000000018005e2d0 f   sfc_debug:sfdb_data_browse.obj
 0001:0005d3b0       sf_debug_mx_uint_vector    000000018005e3b0 f   sfc_debug:sfdb_data_browse.obj
 0001:0005d470       sf_debug_st_get_double_value_from_void_ptr_vector 000000018005e470 f   sfc_debug:sfdb_data_browse.obj
 0001:0005df60       sf_debug_st_browse_data    000000018005ef60 f   sfc_debug:sfdb_data_browse.obj
 0001:0005e700       sf_debug_ss_initialize     000000018005f700 f   sfc_debug:sfdb_symbol_scope.obj
 0001:0005e720       sf_debug_ss_terminate      000000018005f720 f   sfc_debug:sfdb_symbol_scope.obj
 0001:0005e7b0       sf_debug_ss_push_symbol_scope 000000018005f7b0 f   sfc_debug:sfdb_symbol_scope.obj
 0001:0005e8b0       sf_debug_ss_push_symbol_scope_eml 000000018005f8b0 f   sfc_debug:sfdb_symbol_scope.obj
 0001:0005e910       sf_debug_ss_pop_symbol_scope 000000018005f910 f   sfc_debug:sfdb_symbol_scope.obj
 0001:0005e9c0       sf_debug_ss_add_symbol     000000018005f9c0 f   sfc_debug:sfdb_symbol_scope.obj
 0001:0005eb20       sf_debug_ss_add_symbol_eml 000000018005fb20 f   sfc_debug:sfdb_symbol_scope.obj
 0001:0005f800       sf_debug_ss_set_data_value 0000000180060800 f   sfc_debug:sfdb_symbol_scope.obj
 0001:0005fca0       sf_debug_ss_watch_data     0000000180060ca0 f   sfc_debug:sfdb_symbol_scope.obj
 0001:0005fd40       sf_debug_ss_assign_data    0000000180060d40 f   sfc_debug:sfdb_symbol_scope.obj
 0001:00060740       get_data_entry_name        0000000180061740 f   sfc_debug:sfdb_symbol_scope.obj
 0001:00060790       sf_debug_ss_whos           0000000180061790 f   sfc_debug:sfdb_symbol_scope.obj
 0001:00060ea0       sf_debug_cc_initialize_chart 0000000180061ea0 f   sfc_debug:sfdb_coverage.obj
 0001:00061890       sf_debug_cc_initialize_instance 0000000180062890 f   sfc_debug:sfdb_coverage.obj
 0001:00062690       sf_debug_cc_terminate      0000000180063690 f   sfc_debug:sfdb_coverage.obj
 0001:00062780       sf_debug_cc_set_transition_maps 0000000180063780 f   sfc_debug:sfdb_coverage.obj
 0001:000628b0       sf_debug_cc_set_state_maps 00000001800638b0 f   sfc_debug:sfdb_coverage.obj
 0001:00062990       sf_debug_cc_set_transition_weights 0000000180063990 f   sfc_debug:sfdb_coverage.obj
 0001:00062c60       sf_debug_cc_set_state_weights 0000000180063c60 f   sfc_debug:sfdb_coverage.obj
 0001:00062f30       sf_debug_cc_mark_transition_guard 0000000180063f30 f   sfc_debug:sfdb_coverage.obj
 0001:00062fc0       sf_debug_cc_mark_transition_trigger 0000000180063fc0 f   sfc_debug:sfdb_coverage.obj
 0001:00063050       sf_debug_cc_mark_transition_decision 0000000180064050 f   sfc_debug:sfdb_coverage.obj
 0001:000630c0       sf_debug_cc_mark_transition_condition_action 00000001800640c0 f   sfc_debug:sfdb_coverage.obj
 0001:00063110       sf_debug_cc_mark_transition_transition_action 0000000180064110 f   sfc_debug:sfdb_coverage.obj
 0001:00063160       sf_debug_cc_mark_state_entry 0000000180064160 f   sfc_debug:sfdb_coverage.obj
 0001:000631b0       sf_debug_cc_mark_state_during 00000001800641b0 f   sfc_debug:sfdb_coverage.obj
 0001:00063200       sf_debug_cc_mark_state_exit 0000000180064200 f   sfc_debug:sfdb_coverage.obj
 0001:00063a40       sf_debug_cc_get_coverage   0000000180064a40 f   sfc_debug:sfdb_coverage.obj
 0001:00063fe0       sf_debug_bm_clear_script_breakpoints 0000000180064fe0 f   sfc_debug:sfdb_breakpoints.obj
 0001:00064010       sf_debug_bm_set_script_breakpoint 0000000180065010 f   sfc_debug:sfdb_breakpoints.obj
 0001:00064090       sf_debug_bm_clear_single_script_breakpoint 0000000180065090 f   sfc_debug:sfdb_breakpoints.obj
 0001:00064110       sf_debug_bm_query_script_breakpoint 0000000180065110 f   sfc_debug:sfdb_breakpoints.obj
 0001:00064160       sf_debug_bm_initialize_scripts 0000000180065160 f   sfc_debug:sfdb_breakpoints.obj
 0001:00064880       sf_debug_bm_terminate      0000000180065880 f   sfc_debug:sfdb_breakpoints.obj
 0001:00064b70       sf_debug_bm_remove_all_breakpoints_in_machine 0000000180065b70 f   sfc_debug:sfdb_breakpoints.obj
 0001:00064be0       sf_debug_bm_remove_all_breakpoints_in_chart 0000000180065be0 f   sfc_debug:sfdb_breakpoints.obj
 0001:00064d30       sf_debug_bm_initialize_global_breakpoints 0000000180065d30 f   sfc_debug:sfdb_breakpoints.obj
 0001:00064eb0       sf_debug_bm_set_breakpoint 0000000180065eb0 f   sfc_debug:sfdb_breakpoints.obj
 0001:000654e0       sf_debug_bm_set_eml_breakpoint 00000001800664e0 f   sfc_debug:sfdb_breakpoints.obj
 0001:00065580       sf_debug_bm_initialize_machine_breakpoint_map 0000000180066580 f   sfc_debug:sfdb_breakpoints.obj
 0001:000659a0       sf_debug_bm_is_a_breakpoint 00000001800669a0 f   sfc_debug:sfdb_breakpoints.obj
 0001:00065ec0       sf_debug_bm_get_all_breakpoints_in_machine 0000000180066ec0 f   sfc_debug:sfdb_breakpoints.obj
 0001:000661c0       sf_debug_bm_get_all_breakpoints_in_chart 00000001800671c0 f   sfc_debug:sfdb_breakpoints.obj
 0001:00066e80       sf_debug_bm_initialize_machine 0000000180067e80 f   sfc_debug:sfdb_breakpoints.obj
 0001:00066f50       sf_debug_bm_initialize_chart 0000000180067f50 f   sfc_debug:sfdb_breakpoints.obj
 0001:00067370       sf_debug_sc_terminate      0000000180068370 f   sfc_debug:sfdb_state_consistency.obj
 0001:000676a0       sf_debug_sc_is_chart_consistent 00000001800686a0 f   sfc_debug:sfdb_state_consistency.obj
 0001:00067950       sf_debug_sc_get_consistency_error_info 0000000180068950 f   sfc_debug:sfdb_state_consistency.obj
 0001:00067da0       sf_debug_tm_terminate      0000000180068da0 f   sfc_debug:sfdb_call_stack.obj
 0001:00067e60       sf_debug_tm_push_chart_instance 0000000180068e60 f   sfc_debug:sfdb_call_stack.obj
 0001:00067fb0       sf_debug_tm_pop_chart_instance 0000000180068fb0 f   sfc_debug:sfdb_call_stack.obj
 0001:00068010       sf_debug_tm_push_trace_node 0000000180069010 f   sfc_debug:sfdb_call_stack.obj
 0001:000681a0       sf_debug_tm_pop_trace_node 00000001800691a0 f   sfc_debug:sfdb_call_stack.obj
 0001:00068220       sf_debug_tm_get_current_global_trace_index 0000000180069220 f   sfc_debug:sfdb_call_stack.obj
 0001:00068230       sf_debug_tm_get_current_local_trace_index 0000000180069230 f   sfc_debug:sfdb_call_stack.obj
 0001:00068260       sf_debug_tm_set_cycle_detected_flag 0000000180069260 f   sfc_debug:sfdb_call_stack.obj
 0001:000682a0       sf_debug_tm_set_cycle_started_flag 00000001800692a0 f   sfc_debug:sfdb_call_stack.obj
 0001:000682e0       sf_debug_tm_get_chart_number_from_stack 00000001800692e0 f   sfc_debug:sfdb_call_stack.obj
 0001:000684e0       sf_debug_tm_browse_trace   00000001800694e0 f   sfc_debug:sfdb_call_stack.obj
 0001:00068820       sf_debug_cd_initialize_instance 0000000180069820 f   sfc_debug:sfdb_cycle_detection.obj
 0001:00068ad0       sf_debug_cd_mark_processed_transition_in_instance 0000000180069ad0 f   sfc_debug:sfdb_cycle_detection.obj
 0001:00068b70       sf_debug_cd_checksum_push  0000000180069b70 f   sfc_debug:sfdb_cycle_detection.obj
 0001:00068e30       sf_debug_cd_checksum_pop   0000000180069e30 f   sfc_debug:sfdb_cycle_detection.obj
 0001:00068ea0       sf_debug_cd_turn_off_cycle_detection 0000000180069ea0 f   sfc_debug:sfdb_cycle_detection.obj
 0001:00068ef0       sf_debug_cd_terminate      0000000180069ef0 f   sfc_debug:sfdb_cycle_detection.obj
 0001:00069130       md5_initialize_state       000000018006a130 f   sfc_debug:ckmd5.obj
 0001:00069ba0       md5_update_state           000000018006aba0 f   sfc_debug:ckmd5.obj
 0001:00069bc0       md5_get_hash               000000018006abc0 f   sfc_debug:ckmd5.obj
 0001:00069bf0       md5_get_hash_for_a_single_string 000000018006abf0 f   sfc_debug:ckmd5.obj
 0001:00069c54       mxGetPr                    000000018006ac54 f   libmx:libmx.dll
 0001:00069c5a       mxCreateDoubleScalar       000000018006ac5a f   libmx:libmx.dll
 0001:00069c60       mxSetField_730             000000018006ac60 f   libmx:libmx.dll
 0001:00069c66       mxCreateDoubleMatrix_730   000000018006ac66 f   libmx:libmx.dll
 0001:00069c6c       mxCreateStructMatrix_730   000000018006ac6c f   libmx:libmx.dll
 0001:00069c72       mxDestroyArray             000000018006ac72 f   libmx:libmx.dll
 0001:00069c78       mxCreateString             000000018006ac78 f   libmx:libmx.dll
 0001:00069c7e       mxDuplicateArray           000000018006ac7e f   libmx:libmx.dll
 0001:00069c84       mxGetString_730            000000018006ac84 f   libmx:libmx.dll
 0001:00069c8a       mxIsChar                   000000018006ac8a f   libmx:libmx.dll
 0001:00069c90       mxGetClassID               000000018006ac90 f   libmx:libmx.dll
 0001:00069c96       mxIsNumeric                000000018006ac96 f   libmx:libmx.dll
 0001:00069c9c       mxIsComplex                000000018006ac9c f   libmx:libmx.dll
 0001:00069ca2       mxGetN                     000000018006aca2 f   libmx:libmx.dll
 0001:00069ca8       mxGetM                     000000018006aca8 f   libmx:libmx.dll
 0001:00069cae       mxCalloc                   000000018006acae f   libmx:libmx.dll
 0001:00069cb4       mxGetScalar                000000018006acb4 f   libmx:libmx.dll
 0001:00069cba       mxIsLogical                000000018006acba f   libmx:libmx.dll
 0001:00069cc0       mxCreateDoubleMatrix_700   000000018006acc0 f   libmx:libmx.dll
 0001:00069cc6       mxFree                     000000018006acc6 f   libmx:libmx.dll
 0001:00069ccc       mxArrayToString            000000018006accc f   libmx:libmx.dll
 0001:00069cd2       mxCreateCellMatrix_700     000000018006acd2 f   libmx:libmx.dll
 0001:00069cd8       mxSetCell_700              000000018006acd8 f   libmx:libmx.dll
 0001:00069cde       mxGetCell_700              000000018006acde f   libmx:libmx.dll
 0001:00069ce4       mxGetClassName             000000018006ace4 f   libmx:libmx.dll
 0001:00069cea       mxSetField_700             000000018006acea f   libmx:libmx.dll
 0001:00069cf0       mxAddField                 000000018006acf0 f   libmx:libmx.dll
 0001:00069cf6       mxGetField_700             000000018006acf6 f   libmx:libmx.dll
 0001:00069cfc       mxGetNumberOfElements      000000018006acfc f   libmx:libmx.dll
 0001:00069d02       mxIsStruct                 000000018006ad02 f   libmx:libmx.dll
 0001:00069d08       mxIsClass                  000000018006ad08 f   libmx:libmx.dll
 0001:00069d0e       mxGetLogicals              000000018006ad0e f   libmx:libmx.dll
 0001:00069d14       mxIsSparse                 000000018006ad14 f   libmx:libmx.dll
 0001:00069d1a       mxSetFieldByNumber_700     000000018006ad1a f   libmx:libmx.dll
 0001:00069d20       mxGetFieldByNumber_700     000000018006ad20 f   libmx:libmx.dll
 0001:00069d26       mxGetFieldNameByNumber     000000018006ad26 f   libmx:libmx.dll
 0001:00069d2c       mxGetNumberOfFields        000000018006ad2c f   libmx:libmx.dll
 0001:00069d32       mxCreateStructMatrix_700   000000018006ad32 f   libmx:libmx.dll
 0001:00069d38       mxGetFieldNumber           000000018006ad38 f   libmx:libmx.dll
 0001:00069d3e       mxIsNaN                    000000018006ad3e f   libmx:libmx.dll
 0001:00069d44       mxIsEmpty                  000000018006ad44 f   libmx:libmx.dll
 0001:00069d4a       mxGetData                  000000018006ad4a f   libmx:libmx.dll
 0001:00069d50       mxGetImagData              000000018006ad50 f   libmx:libmx.dll
 0001:00069d56       mxArrayClassIDName         000000018006ad56 f   libmx:libmx.dll
 0001:00069d5c       mxCreateNumericMatrix_700  000000018006ad5c f   libmx:libmx.dll
 0001:00069d62       mxCreateStructArray_700    000000018006ad62 f   libmx:libmx.dll
 0001:00069d68       mxCalcSingleSubscript_700  000000018006ad68 f   libmx:libmx.dll
 0001:00069d6e       mxGetDimensions_700        000000018006ad6e f   libmx:libmx.dll
 0001:00069d74       mxGetNumberOfDimensions_700 000000018006ad74 f   libmx:libmx.dll
 0001:00069d7a       mxCreateNumericArray_700   000000018006ad7a f   libmx:libmx.dll
 0001:00069d80       mxGetElementSize           000000018006ad80 f   libmx:libmx.dll
 0001:00069d86       mxCreateStringFromNChars_700 000000018006ad86 f   libmx:libmx.dll
 0001:00069d8c       mxGetString_700            000000018006ad8c f   libmx:libmx.dll
 0001:00069d92       mxIsLogicalScalarTrue      000000018006ad92 f   libmx:libmx.dll
 0001:00069d98       mxCreateLogicalScalar      000000018006ad98 f   libmx:libmx.dll
 0001:00069d9e       mexUnlock                  000000018006ad9e f   libmex:libmex.dll
 0001:00069da4       mexIsLocked                000000018006ada4 f   libmex:libmex.dll
 0001:00069daa       mexWarnMsgTxt              000000018006adaa f   libmex:libmex.dll
 0001:00069db0       mexCallMATLAB              000000018006adb0 f   libmex:libmex.dll
 0001:00069db6       mexErrMsgTxt               000000018006adb6 f   libmex:libmex.dll
 0001:00069dbc       mexSetTrapFlag             000000018006adbc f   libmex:libmex.dll
 0001:00069dc2       mexMakeArrayPersistent     000000018006adc2 f   libmex:libmex.dll
 0001:00069dc8       mexPutVariable             000000018006adc8 f   libmex:libmex.dll
 0001:00069dce       mexGetVariable             000000018006adce f   libmex:libmex.dll
 0001:00069dd4       mexLock                    000000018006add4 f   libmex:libmex.dll
 0001:00069dda       mexMakeMemoryPersistent    000000018006adda f   libmex:libmex.dll
 0001:00069de0       mexFunctionName            000000018006ade0 f   libmex:libmex.dll
 0001:00069de6       ssRegisterDataTypeFxpFSlopeFixExpBias 000000018006ade6 f   libfixedpoint:libfixedpoint.dll
 0001:00069dec       utVSNprintf                000000018006adec f   libut:libut.dll
 0001:00069df2       utCPUtime                  000000018006adf2 f   libut:libut.dll
 0001:00069df8       utFree                     000000018006adf8 f   libut:libut.dll
 0001:00069dfe       utMalloc                   000000018006adfe f   libut:libut.dll
 0001:00069e04       muDoubleScalarSqrt         000000018006ae04 f   libmwmathutil:libmwmathutil.dll
 0001:00069e0a       muDoubleScalarPower        000000018006ae0a f   libmwmathutil:libmwmathutil.dll
 0001:00069e10       muDoubleScalarFloor        000000018006ae10 f   libmwmathutil:libmwmathutil.dll
 0001:00069e16       muDoubleScalarAbs          000000018006ae16 f   libmwmathutil:libmwmathutil.dll
 0001:00069e1c       muDoubleScalarAtan2        000000018006ae1c f   libmwmathutil:libmwmathutil.dll
 0001:00069e22       muDoubleScalarSin          000000018006ae22 f   libmwmathutil:libmwmathutil.dll
 0001:00069e28       muDoubleScalarCos          000000018006ae28 f   libmwmathutil:libmwmathutil.dll
 0001:00069e2e       emlrtCheckBuiltInCtxR2011a 000000018006ae2e f   libemlrt:libemlrt.dll
 0001:00069e34       emlrtCheckVsBuiltInCtxR2011a 000000018006ae34 f   libemlrt:libemlrt.dll
 0001:00069e3a       emlrtCheckEnumR2009a       000000018006ae3a f   libemlrt:libemlrt.dll
 0001:00069e40       emlrtCreateEnumR2010a      000000018006ae40 f   libemlrt:libemlrt.dll
 0001:00069e46       emlrtGetEnumElementR2009a  000000018006ae46 f   libemlrt:libemlrt.dll
 0001:00069e4c       emlrtCreateReference       000000018006ae4c f   libemlrt:libemlrt.dll
 0001:00069e52       emlrtImportVsFiArrayR2009b 000000018006ae52 f   libemlrt:libemlrt.dll
 0001:00069e58       emlrtExtractMessageId      000000018006ae58 f   libemlrt:libemlrt.dll
 0001:00069e5e       emlrtTranslateMessageIDtoLCPstring 000000018006ae5e f   libemlrt:libemlrt.dll
 0001:00069e64       emlrtGetEnumUnderlyingArrayR2009a 000000018006ae64 f   libemlrt:libemlrt.dll
 0001:00069e6a       emlrtIsEnumR2009a          000000018006ae6a f   libemlrt:libemlrt.dll
 0001:00069e70       dnrm232                    000000018006ae70 f   libmwblascompat32:libmwblascompat32.dll
 0001:00069e76       ddot32                     000000018006ae76 f   libmwblascompat32:libmwblascompat32.dll
 0001:00069e7c       idamax32                   000000018006ae7c f   libmwblascompat32:libmwblascompat32.dll
 0001:00069e82       dswap32                    000000018006ae82 f   libmwblascompat32:libmwblascompat32.dll
 0001:00069e88       dger32                     000000018006ae88 f   libmwblascompat32:libmwblascompat32.dll
 0001:00069e90       __GSHandlerCheckCommon     000000018006ae90 f   MSVCRT:gshandler.obj
 0001:00069ef4       __GSHandlerCheck           000000018006aef4 f   MSVCRT:gshandler.obj
 0001:00069f30       __security_check_cookie    000000018006af30 f   MSVCRT:amdsecgs.obj
 0001:00069f50       memset                     000000018006af50 f   MSVCRT:MSVCR100.dll
 0001:00069f56       malloc                     000000018006af56 f   MSVCRT:MSVCR100.dll
 0001:00069f5c       free                       000000018006af5c f   MSVCRT:MSVCR100.dll
 0001:00069f62       strlen                     000000018006af62 f   MSVCRT:MSVCR100.dll
 0001:00069f68       strcmp                     000000018006af68 f   MSVCRT:MSVCR100.dll
 0001:00069f6e       sprintf                    000000018006af6e f   MSVCRT:MSVCR100.dll
 0001:00069f74       strcat                     000000018006af74 f   MSVCRT:MSVCR100.dll
 0001:00069f7a       memcpy                     000000018006af7a f   MSVCRT:MSVCR100.dll
 0001:00069f80       NtCurrentTeb               000000018006af80 f i MSVCRT:crtdll.obj
 0001:00069fec       _CRT_INIT                  000000018006afec f   MSVCRT:crtdll.obj
 0001:0006a384       _DllMainCRTStartup         000000018006b384 f   MSVCRT:crtdll.obj
 0001:0006a3c2       strncpy                    000000018006b3c2 f   MSVCRT:MSVCR100.dll
 0001:0006a3e0       _alloca_probe              000000018006b3e0     MSVCRT:chkstk.obj
 0001:0006a3e0       __chkstk                   000000018006b3e0 f   MSVCRT:chkstk.obj
 0001:0006a42e       longjmp                    000000018006b42e f   MSVCRT:MSVCR100.dll
 0001:0006a434       strncmp                    000000018006b434 f   MSVCRT:MSVCR100.dll
 0001:0006a43a       ceil                       000000018006b43a f   MSVCRT:MSVCR100.dll
 0001:0006a440       strrchr                    000000018006b440 f   MSVCRT:MSVCR100.dll
 0001:0006a446       _setjmp                    000000018006b446 f   MSVCRT:MSVCR100.dll
 0001:0006a44c       calloc                     000000018006b44c f   MSVCRT:MSVCR100.dll
 0001:0006a452       realloc                    000000018006b452 f   MSVCRT:MSVCR100.dll
 0001:0006a458       ldexp                      000000018006b458 f   MSVCRT:MSVCR100.dll
 0001:0006a460       __report_gsfailure         000000018006b460 f   MSVCRT:gs_report.obj
 0001:0006a5ac       __clean_type_info_names    000000018006b5ac f   MSVCRT:tncleanup.obj
 0001:0006a5b8       _onexit                    000000018006b5b8 f   MSVCRT:atonexit.obj
 0001:0006a668       atexit                     000000018006b668 f   MSVCRT:atonexit.obj
 0001:0006a680       _RTC_Initialize            000000018006b680 f   MSVCRT:_initsect_.obj
 0001:0006a6b8       _RTC_Terminate             000000018006b6b8 f   MSVCRT:_initsect_.obj
 0001:0006a6f0       _malloc_crt                000000018006b6f0 f   MSVCRT:MSVCR100.dll
 0001:0006a700       _ValidateImageBase         000000018006b700 f   MSVCRT:pesect.obj
 0001:0006a730       _FindPESection             000000018006b730 f   MSVCRT:pesect.obj
 0001:0006a780       _IsNonwritableInCurrentImage 000000018006b780 f   MSVCRT:pesect.obj
 0001:0006a7c2       _initterm                  000000018006b7c2 f   MSVCRT:MSVCR100.dll
 0001:0006a7c8       _initterm_e                000000018006b7c8 f   MSVCRT:MSVCR100.dll
 0001:0006a7ce       _encoded_null              000000018006b7ce f   MSVCRT:MSVCR100.dll
 0001:0006a7d4       _amsg_exit                 000000018006b7d4 f   MSVCRT:MSVCR100.dll
 0001:0006a7da       __C_specific_handler       000000018006b7da f   MSVCRT:MSVCR100.dll
 0001:0006a7e0       __CppXcptFilter            000000018006b7e0 f   MSVCRT:MSVCR100.dll
 0001:0006a7e8       DllMain                    000000018006b7e8 f   MSVCRT:dllmain.obj
 0001:0006a80c       __security_init_cookie     000000018006b80c f   MSVCRT:gs_support.obj
 0001:0006a8c0       __crt_debugger_hook        000000018006b8c0 f   MSVCRT:MSVCR100.dll
 0001:0006a8c6       __clean_type_info_names_internal 000000018006b8c6 f   MSVCRT:MSVCR100.dll
 0001:0006a8cc       _unlock                    000000018006b8cc f   MSVCRT:MSVCR100.dll
 0001:0006a8d2       __dllonexit                000000018006b8d2 f   MSVCRT:MSVCR100.dll
 0001:0006a8d8       _lock                      000000018006b8d8 f   MSVCRT:MSVCR100.dll
 0001:0006a8de       EncodePointer              000000018006b8de f   kernel32:KERNEL32.dll
 0001:0006a8e4       DecodePointer              000000018006b8e4 f   kernel32:KERNEL32.dll
 0001:0006a8ea       Sleep                      000000018006b8ea f   kernel32:KERNEL32.dll
 0001:0006a8f0       TerminateProcess           000000018006b8f0 f   kernel32:KERNEL32.dll
 0001:0006a8f6       GetCurrentProcess          000000018006b8f6 f   kernel32:KERNEL32.dll
 0001:0006a8fc       UnhandledExceptionFilter   000000018006b8fc f   kernel32:KERNEL32.dll
 0001:0006a902       SetUnhandledExceptionFilter 000000018006b902 f   kernel32:KERNEL32.dll
 0001:0006a908       IsDebuggerPresent          000000018006b908 f   kernel32:KERNEL32.dll
 0001:0006a90e       RtlVirtualUnwind           000000018006b90e f   kernel32:KERNEL32.dll
 0001:0006a914       RtlLookupFunctionEntry     000000018006b914 f   kernel32:KERNEL32.dll
 0001:0006a91a       RtlCaptureContext          000000018006b91a f   kernel32:KERNEL32.dll
 0001:0006a920       DisableThreadLibraryCalls  000000018006b920 f   kernel32:KERNEL32.dll
 0001:0006a926       QueryPerformanceCounter    000000018006b926 f   kernel32:KERNEL32.dll
 0001:0006a92c       GetTickCount               000000018006b92c f   kernel32:KERNEL32.dll
 0001:0006a932       GetCurrentThreadId         000000018006b932 f   kernel32:KERNEL32.dll
 0001:0006a938       GetCurrentProcessId        000000018006b938 f   kernel32:KERNEL32.dll
 0001:0006a93e       GetSystemTimeAsFileTime    000000018006b93e f   kernel32:KERNEL32.dll
 0002:00000000       __imp_DisableThreadLibraryCalls 000000018006c000     kernel32:KERNEL32.dll
 0002:00000008       __imp_RtlCaptureContext    000000018006c008     kernel32:KERNEL32.dll
 0002:00000010       __imp_RtlLookupFunctionEntry 000000018006c010     kernel32:KERNEL32.dll
 0002:00000018       __imp_RtlVirtualUnwind     000000018006c018     kernel32:KERNEL32.dll
 0002:00000020       __imp_IsDebuggerPresent    000000018006c020     kernel32:KERNEL32.dll
 0002:00000028       __imp_SetUnhandledExceptionFilter 000000018006c028     kernel32:KERNEL32.dll
 0002:00000030       __imp_UnhandledExceptionFilter 000000018006c030     kernel32:KERNEL32.dll
 0002:00000038       __imp_GetCurrentProcess    000000018006c038     kernel32:KERNEL32.dll
 0002:00000040       __imp_TerminateProcess     000000018006c040     kernel32:KERNEL32.dll
 0002:00000048       __imp_Sleep                000000018006c048     kernel32:KERNEL32.dll
 0002:00000050       __imp_DecodePointer        000000018006c050     kernel32:KERNEL32.dll
 0002:00000058       __imp_EncodePointer        000000018006c058     kernel32:KERNEL32.dll
 0002:00000060       __imp_GetTickCount         000000018006c060     kernel32:KERNEL32.dll
 0002:00000068       __imp_GetCurrentThreadId   000000018006c068     kernel32:KERNEL32.dll
 0002:00000070       __imp_GetCurrentProcessId  000000018006c070     kernel32:KERNEL32.dll
 0002:00000078       __imp_GetSystemTimeAsFileTime 000000018006c078     kernel32:KERNEL32.dll
 0002:00000080       __imp_QueryPerformanceCounter 000000018006c080     kernel32:KERNEL32.dll
 0002:00000088       \177KERNEL32_NULL_THUNK_DATA 000000018006c088     kernel32:KERNEL32.dll
 0002:00000090       __imp__onexit              000000018006c090     MSVCRT:MSVCR100.dll
 0002:00000098       __imp__lock                000000018006c098     MSVCRT:MSVCR100.dll
 0002:000000a0       __imp___dllonexit          000000018006c0a0     MSVCRT:MSVCR100.dll
 0002:000000a8       __imp__unlock              000000018006c0a8     MSVCRT:MSVCR100.dll
 0002:000000b0       __imp___clean_type_info_names_internal 000000018006c0b0     MSVCRT:MSVCR100.dll
 0002:000000b8       __imp___crt_debugger_hook  000000018006c0b8     MSVCRT:MSVCR100.dll
 0002:000000c0       __imp___CppXcptFilter      000000018006c0c0     MSVCRT:MSVCR100.dll
 0002:000000c8       __imp___C_specific_handler 000000018006c0c8     MSVCRT:MSVCR100.dll
 0002:000000d0       __imp__amsg_exit           000000018006c0d0     MSVCRT:MSVCR100.dll
 0002:000000d8       __imp__encoded_null        000000018006c0d8     MSVCRT:MSVCR100.dll
 0002:000000e0       __imp__initterm_e          000000018006c0e0     MSVCRT:MSVCR100.dll
 0002:000000e8       __imp__initterm            000000018006c0e8     MSVCRT:MSVCR100.dll
 0002:000000f0       __imp__malloc_crt          000000018006c0f0     MSVCRT:MSVCR100.dll
 0002:000000f8       __imp_ldexp                000000018006c0f8     MSVCRT:MSVCR100.dll
 0002:00000100       __imp_realloc              000000018006c100     MSVCRT:MSVCR100.dll
 0002:00000108       __imp_calloc               000000018006c108     MSVCRT:MSVCR100.dll
 0002:00000110       __imp__setjmp              000000018006c110     MSVCRT:MSVCR100.dll
 0002:00000118       __imp_strrchr              000000018006c118     MSVCRT:MSVCR100.dll
 0002:00000120       __imp_ceil                 000000018006c120     MSVCRT:MSVCR100.dll
 0002:00000128       __imp_strncmp              000000018006c128     MSVCRT:MSVCR100.dll
 0002:00000130       __imp_longjmp              000000018006c130     MSVCRT:MSVCR100.dll
 0002:00000138       __imp_strncpy              000000018006c138     MSVCRT:MSVCR100.dll
 0002:00000140       __imp_memcpy               000000018006c140     MSVCRT:MSVCR100.dll
 0002:00000148       __imp_strcat               000000018006c148     MSVCRT:MSVCR100.dll
 0002:00000150       __imp_sprintf              000000018006c150     MSVCRT:MSVCR100.dll
 0002:00000158       __imp_strcmp               000000018006c158     MSVCRT:MSVCR100.dll
 0002:00000160       __imp_strlen               000000018006c160     MSVCRT:MSVCR100.dll
 0002:00000168       __imp_free                 000000018006c168     MSVCRT:MSVCR100.dll
 0002:00000170       __imp_malloc               000000018006c170     MSVCRT:MSVCR100.dll
[...]
 0001:00042ea0       ml_check_mx_array_for_single_castability 0000000180043ea0 f   sfc_mex:sfc_mex.obj
 0001:00042f40       ml_check_mx_array_for_logical_castability 0000000180043f40 f   sfc_mex:sfc_mex.obj
 0001:00042fe0       ml_check_mx_array_for_int8_castability 0000000180043fe0 f   sfc_mex:sfc_mex.obj
 0001:00043090       ml_check_mx_array_for_uint8_castability 0000000180044090 f   sfc_mex:sfc_mex.obj
 0001:000430f0       ml_check_mx_array_for_int16_castability 00000001800440f0 f   sfc_mex:sfc_mex.obj
 0001:00043150       ml_check_mx_array_for_uint16_castability 0000000180044150 f   sfc_mex:sfc_mex.obj
 0001:000431b0       ml_check_mx_array_for_int32_castability 00000001800441b0 f   sfc_mex:sfc_mex.obj
 0001:00043210       ml_check_mx_array_for_uint32_castability 0000000180044210 f   sfc_mex:sfc_mex.obj
 0001:00043270       ml_check_mx_array_for_castability 0000000180044270 f   sfc_mex:sfc_mex.obj
 0001:00043ba0       set_data_value             0000000180044ba0 f   sfc_mex:sfc_mex.obj
 0001:00043f10       get_data_value             0000000180044f10 f   sfc_mex:sfc_mex.obj
 0001:00044020       get_next_element_address   0000000180045020 f   sfc_mex:sfc_mex.obj
 0001:000440f0       sf_normalize_index         00000001800450f0 f   sfc_mex:sfc_mex.obj
 0001:00044480       ml_array_index_bound_check 0000000180045480 f   sfc_mex:sfc_mex.obj
 0001:00044fa0       mx_value                   0000000180045fa0 f   sfc_mex:sfc_mex.obj
 0001:00044ff0       sf_create_numeric_array    0000000180045ff0 f   sfc_mex:sfc_mex.obj
 0001:00045090       sf_mex_assign_to_mx_array  0000000180046090 f   sfc_mex:sfc_mex.obj
 0001:000453e0       assign_from_mx_array       00000001800463e0 f   sfc_mex:sfc_mex.obj
 0001:00045c10       sf_mex_import_v            0000000180046c10 f   sfc_mex:sfc_mex.obj
 0001:000461e0       get_machine_and_chart_file_number 00000001800471e0 f   sfc_mex:sfc_sf.obj
 0001:000462d0       get_sfun_block_specialization 00000001800472d0 f   sfc_mex:sfc_sf.obj
 0001:00046350       call_sf_machine_global_method_dispatcher 0000000180047350 f   sfc_mex:sfc_sf.obj
 0001:00046580       mdl_zeroCrossings_processing 0000000180047580 f   sfc_mex:sfc_sf.obj
 0001:00046650       mdl_derivatives_processing 0000000180047650 f   sfc_mex:sfc_sf.obj
 0001:00046910       mdl_outputs_continuous_legacy 0000000180047910 f   sfc_mex:sfc_sf.obj
 0001:00046990       mdl_outputs_processing     0000000180047990 f   sfc_mex:sfc_sf.obj
 0001:00046bc0       mdl_enable_processing      0000000180047bc0 f   sfc_mex:sfc_sf.obj
 0001:00046c90       mdl_disable_processing     0000000180047c90 f   sfc_mex:sfc_sf.obj
 0001:000475e0       write_symbol_mapping       00000001800485e0 f   sfc_mex:sfc_sf.obj
 0001:00047d00       sf_call_output_fcn_enable_disable 0000000180048d00 f   sfc_mex:sfc_sf.obj
 0001:00047f80       set_dwork_information_from_mx_array 0000000180048f80 f   sfc_mex:sfc_sf.obj
 0001:00048870       ptr2mxStruct               0000000180049870 f   sfc_mex:sfc_sf.obj
 0001:00048b80       SNPRINTF_WRAPPER           0000000180049b80 f   sfc_debug:sfcdebug.obj
 0001:00048ba0       sf_debug_chart_instance_initialized_quick 0000000180049ba0 f   sfc_debug:sfcdebug.obj
 0001:00048bb0       sf_debug_chart_instance_initialized 0000000180049bb0 f   sfc_debug:sfcdebug.obj
 0001:00048d50       sfrtAddSize                0000000180049d50 f   sfc_debug:sfcdebug.obj
 0001:00048e10       sfrtGenSizeString          0000000180049e10 f   sfc_debug:sfcdebug.obj
 0001:00049520       sf_debug_sim_status_listener 000000018004a520 f   sfc_debug:sfcdebug.obj
 0001:00049a90       sf_debug_form_mask_bits    000000018004aa90 f   sfc_debug:sfcdebug.obj
 0001:00049ad0       sf_debug_form_sf_data_type_offsets 000000018004aad0 f   sfc_debug:sfcdebug.obj
 0001:00049b90       sf_debug_free_all          000000018004ab90 f   sfc_debug:sfcdebug.obj
 0001:00049d10       sf_debug_append_debugger_context 000000018004ad10 f   sfc_debug:sfcdebug.obj
 0001:00049fd0       local_strdup               000000018004afd0 f   sfc_debug:sfcdebug.obj
 0001:0004aeb0       sf_debug_em_terminate      000000018004beb0 f   sfc_debug:sfcdebug.obj
 0001:0004aef0       sf_debug_push_eml_function 000000018004bef0 f   sfc_debug:sfcdebug.obj
 0001:0004af90       sf_debug_pop_eml_function  000000018004bf90 f   sfc_debug:sfcdebug.obj
 0001:0004bc90       sf_debug_get_machine_number_from_id_or_name 000000018004cc90 f   sfc_debug:sfcdebug.obj
 0001:0004bde0       sf_debug_get_chart_number_from_id 000000018004cde0 f   sfc_debug:sfcdebug.obj
 0001:0004ca50       sf_debug_transfer_control_to_debugger_GUI 000000018004da50 f   sfc_debug:sfcdebug.obj
 0001:0004d9f0       sf_debug_scripts_rehash    000000018004e9f0 f   sfc_debug:sfcdebug.obj
 0001:0004dc30       sf_debug_get_script_line_count 000000018004ec30 f   sfc_debug:sfcdebug.obj
 0001:0004e340       cv_eml_state_cvId          000000018004f340 f   sfc_debug:sfcdebug.obj
 0001:0004f560       sf_debug_data_array_bounds_error 0000000180050560 f   sfc_debug:sfcdebug.obj
 0001:0004f990       eml_debug_runtime_error_doclink 0000000180050990 f   sfc_debug:sfcdebug.obj
 0001:0004fb10       sf_debug_runtime_error     0000000180050b10 f   sfc_debug:sfcdebug.obj
 0001:0004fb80       sf_debug_matlab_error      0000000180050b80 f   sfc_debug:sfcdebug.obj
 0001:00050430       sf_debug_data_value_error  0000000180051430 f   sfc_debug:sfcdebug.obj
 0001:00050d30       sf_debug_data_loss_error   0000000180051d30 f   sfc_debug:sfcdebug.obj
 0001:00051990       call_cv_range_check        0000000180052990 f   sfc_debug:sfcdebug.obj
 0001:00052160       sf_debug_invoke_cycle_detection_code 0000000180053160 f   sfc_debug:sfcdebug.obj
 0001:00052fd0       sf_reset_debug_info_struct 0000000180053fd0 f   sfc_debug:sfcdebug.obj
 0001:000538c0       cv_script_cvId             00000001800548c0 f   sfc_debug:sfcdebug.obj
 0001:000546b0       sfc_api_chart_visible      00000001800556b0 f   sfc_debug:sfc_api.obj
 0001:00054730       sfc_api_active_instance    0000000180055730 f   sfc_debug:sfc_api.obj
 0001:000547b0       sfc_api_machine_load       00000001800557b0 f   sfc_debug:sfc_api.obj
 0001:00054880       sfc_api_debugger_alive     0000000180055880 f   sfc_debug:sfc_api.obj
 0001:00054890       sfc_api_go                 0000000180055890 f   sfc_debug:sfc_api.obj
 0001:000548a0       sfc_api_step_over          00000001800558a0 f   sfc_debug:sfc_api.obj
 0001:000548b0       sfc_api_step_out           00000001800558b0 f   sfc_debug:sfc_api.obj
 0001:000548c0       sfc_api_resume             00000001800558c0 f   sfc_debug:sfc_api.obj
 0001:000548d0       sfc_api_break              00000001800558d0 f   sfc_debug:sfc_api.obj
 0001:000548e0       sfc_api_stop_debugging     00000001800558e0 f   sfc_debug:sfc_api.obj
 0001:00054930       sfc_api_is_cycle_detected  0000000180055930 f   sfc_debug:sfc_api.obj
 0001:00054980       sfc_api_is_array_bounds_detected 0000000180055980 f   sfc_debug:sfc_api.obj
 0001:000549d0       sfc_api_set_disable_all_breakpoints 00000001800559d0 f   sfc_debug:sfc_api.obj
 0001:00054a40       sfc_api_disable_all_breakpoints_and_go 0000000180055a40 f   sfc_debug:sfc_api.obj
 0001:00054a50       sfc_api_close              0000000180055a50 f   sfc_debug:sfc_api.obj
 0001:00054a60       sfc_api_browse_data        0000000180055a60 f   sfc_debug:sfc_api.obj
 0001:00054ad0       sfc_api_watch_data         0000000180055ad0 f   sfc_debug:sfc_api.obj
 0001:00054b70       sfc_api_assign_data        0000000180055b70 f   sfc_debug:sfc_api.obj
 0001:00054c10       sfc_api_whos               0000000180055c10 f   sfc_debug:sfc_api.obj
 0001:00054ca0       sfc_api_get_consistency_info 0000000180055ca0 f   sfc_debug:sfc_api.obj
 0001:00054cb0       sfc_api_browse_trace       0000000180055cb0 f   sfc_debug:sfc_api.obj
 0001:00054cc0       sfc_api_break_on_chart_entry 0000000180055cc0 f   sfc_debug:sfc_api.obj
 0001:00054ce0       sfc_api_break_on_event_broadcast 0000000180055ce0 f   sfc_debug:sfc_api.obj
 0001:00054d00       sfc_api_break_on_state_entry 0000000180055d00 f   sfc_debug:sfc_api.obj
 0001:00054d20       sfc_api_set_watch          0000000180055d20 f   sfc_debug:sfc_api.obj
 0001:00054dc0       sfc_api_set_breakpoints    0000000180055dc0 f   sfc_debug:sfc_api.obj
 0001:00054e60       sfc_api_set_eml_breakpoints 0000000180055e60 f   sfc_debug:sfc_api.obj
 0001:00054ee0       sfc_api_set_script_breakpoints 0000000180055ee0 f   sfc_debug:sfc_api.obj
 0001:00054f30       sfc_api_add_script_breakpoints 0000000180055f30 f   sfc_debug:sfc_api.obj
 0001:00054f80       sfc_api_clear_script_breakpoints 0000000180055f80 f   sfc_debug:sfc_api.obj
 0001:00054fd0       sfc_api_query_script_breakpoints 0000000180055fd0 f   sfc_debug:sfc_api.obj
 0001:00055030       sfc_api_get_script_id      0000000180056030 f   sfc_debug:sfc_api.obj
 0001:000550f0       sfc_api_get_active_states  00000001800560f0 f   sfc_debug:sfc_api.obj
 0001:00055170       sfc_api_break_between_times 0000000180056170 f   sfc_debug:sfc_api.obj
 0001:000551d0       sfc_api_get_instance_handle 00000001800561d0 f   sfc_debug:sfc_api.obj
 0001:00055280       sfc_api_get_coverage       0000000180056280 f   sfc_debug:sfc_api.obj
 0001:00055300       sfc_api_set_animation      0000000180056300 f   sfc_debug:sfc_api.obj
 0001:00055350       sfc_api_select_chart       0000000180056350 f   sfc_debug:sfc_api.obj
 0001:000553b0       sfc_api_select_charts      00000001800563b0 f   sfc_debug:sfc_api.obj
 0001:000553e0       sfc_api_cycle_detection_check 00000001800563e0 f   sfc_debug:sfc_api.obj
 0001:00055430       sfc_api_data_range_check   0000000180056430 f   sfc_debug:sfc_api.obj
 0001:00055480       sfc_api_transition_conflict_check 0000000180056480 f   sfc_debug:sfc_api.obj
 0001:000554d0       sfc_api_state_consistency_check 00000001800564d0 f   sfc_debug:sfc_api.obj
 0001:00055520       sfc_api_set_instance_cv_ids 0000000180056520 f   sfc_debug:sfc_api.obj
 0001:00055630       sfc_api_set_script_cv_ids  0000000180056630 f   sfc_debug:sfc_api.obj
 0001:000556d0       sfc_api_get_current_machine_id 00000001800566d0 f   sfc_debug:sfc_api.obj
 0001:00055700       sfc_api_get_current_machine_number 0000000180056700 f   sfc_debug:sfc_api.obj
 0001:00055730       sfc_api_get_current_chart_number 0000000180056730 f   sfc_debug:sfc_api.obj
 0001:00055760       sfc_api_get_current_instance_number 0000000180056760 f   sfc_debug:sfc_api.obj
 0001:00055790       sfc_api_get_current_instance_handle 0000000180056790 f   sfc_debug:sfc_api.obj
 0001:000557b0       sfc_api_get_current_is_minor_time_step 00000001800567b0 f   sfc_debug:sfc_api.obj
 0001:000557e0       sfc_api_get_current_machine_name 00000001800567e0 f   sfc_debug:sfc_api.obj
 0001:00055800       sfc_api_get_current_chart_id 0000000180056800 f   sfc_debug:sfc_api.obj
 0001:00055830       sfc_api_get_current_object_type 0000000180056830 f   sfc_debug:sfc_api.obj
 0001:00055860       sfc_api_get_current_event_type 0000000180056860 f   sfc_debug:sfc_api.obj
 0001:00055890       sfc_api_get_current_object_id 0000000180056890 f   sfc_debug:sfc_api.obj
 0001:000558c0       sfc_get_current_active_event_type 00000001800568c0 f   sfc_debug:sfc_api.obj
 0001:000558f0       sfc_api_get_current_active_event_id 00000001800568f0 f   sfc_debug:sfc_api.obj
 0001:00055920       sfc_api_get_current_simulation_time 0000000180056920 f   sfc_debug:sfc_api.obj
 0001:00055940       sfc_get_current_tag_type   0000000180056940 f   sfc_debug:sfc_api.obj
 0001:00055970       sfc_get_current_coverage_percentage 0000000180056970 f   sfc_debug:sfc_api.obj
 0001:00055990       sfc_get_current_statement_context 0000000180056990 f   sfc_debug:sfc_api.obj
 0001:000559b0       sfc_get_current_optional_integer 00000001800569b0 f   sfc_debug:sfc_api.obj
 0001:000559e0       sfc_get_current_statement_info 00000001800569e0 f   sfc_debug:sfc_api.obj
 0001:00055a80       sfc_api_get                0000000180056a80 f   sfc_debug:sfc_api.obj
 0001:00055be0       sf_debug_sm_is_using_unified_editors 0000000180056be0 f   sfc_debug:sfdb_animation.obj
 0001:00055c80       sf_debug_sm_is_chart_visible_in_unified_editors 0000000180056c80 f   sfc_debug:sfdb_animation.obj
 0001:00055d40       sf_debug_sm_check_if_chart_is_visible 0000000180056d40 f   sfc_debug:sfdb_animation.obj
 0001:00056840       sf_debug_sm_fill_state_activity_data 0000000180057840 f   sfc_debug:sfdb_animation.obj
 0001:00058e30       sf_debug_hm_get_simulink_handle 0000000180059e30 f   sfc_debug:sfdb_handle_management.obj
 0001:00059980       sf_debug_hm_initialize_globals 000000018005a980 f   sfc_debug:sfdb_handle_management.obj
 0001:00059a80       sf_debug_hm_get_machine_debug_flag 000000018005aa80 f   sfc_debug:sfdb_handle_management.obj
 0001:00059bf0       sf_debug_hm_get_machine_id 000000018005abf0 f   sfc_debug:sfdb_handle_management.obj
 0001:00059d10       sf_debug_hm_get_chart_id   000000018005ad10 f   sfc_debug:sfdb_handle_management.obj
 0001:00059eb0       sf_debug_hm_register_executing_SFunction 000000018005aeb0 f   sfc_debug:sfdb_handle_management.obj
 0001:0005a050       sf_debug_hm_get_chart_active_instance 000000018005b050 f   sfc_debug:sfdb_handle_management.obj
 0001:0005a1c0       sf_debug_hm_get_chart_visibility 000000018005b1c0 f   sfc_debug:sfdb_handle_management.obj
 0001:0005a310       sf_debug_hm_form_object_boolean_properties 000000018005b310 f   sfc_debug:sfdb_handle_management.obj
 0001:0005a5e0       sf_debug_hm_form_object_properties 000000018005b5e0 f   sfc_debug:sfdb_handle_management.obj
 0001:0005a820       sf_debug_hm_terminate_charts 000000018005b820 f   sfc_debug:sfdb_handle_management.obj
 0001:0005af90       sf_debug_hm_terminate_machines 000000018005bf90 f   sfc_debug:sfdb_handle_management.obj
 0001:0005c8b0       void_ptr_stack_vector_free_total 000000018005d8b0 f   sfc_debug:sfdb_data_browse.obj
 0001:0005c940       sf_debug_st_terminate_machine 000000018005d940 f   sfc_debug:sfdb_data_browse.obj
 0001:0005c980       sf_debug_st_terminate_instance 000000018005d980 f   sfc_debug:sfdb_data_browse.obj
 0001:0005cd30       push_on_to_void_ptr_stack  000000018005dd30 f   sfc_debug:sfdb_data_browse.obj
 0001:0005cec0       pop_from_void_ptr_stack    000000018005dec0 f   sfc_debug:sfdb_data_browse.obj
 0001:0005cff0       sf_debug_st_get_data_value 000000018005dff0 f   sfc_debug:sfdb_data_browse.obj
 0001:0005d580       mx_value                   000000018005e580 f   sfc_debug:sfdb_data_browse.obj
 0001:0005d5c0       sf_debug_st_fill_data_struct 000000018005e5c0 f   sfc_debug:sfdb_data_browse.obj
 0001:0005d900       data_type_format_strings   000000018005e900 f   sfc_debug:sfdb_data_browse.obj
 0001:0005d9b0       sf_debug_st_fill_data      000000018005e9b0 f   sfc_debug:sfdb_data_browse.obj
 0001:0005ebf0       sf_debug_ss_copy_dimension 000000018005fbf0 f   sfc_debug:sfdb_symbol_scope.obj
 0001:0005ecb0       sf_debug_ss_get_number_elements 000000018005fcb0 f   sfc_debug:sfdb_symbol_scope.obj
 0001:0005ecd0       sf_debug_ss_fill_data_struct 000000018005fcd0 f   sfc_debug:sfdb_symbol_scope.obj
 0001:0005f020       sf_debug_ss_reset_data_info 0000000180060020 f   sfc_debug:sfdb_symbol_scope.obj
 0001:0005f080       sf_debug_fill_data_info_by_symbol_scope_entry 0000000180060080 f   sfc_debug:sfdb_symbol_scope.obj
 0001:0005f140       sf_debug_fill_data_info_by_data_vector 0000000180060140 f   sfc_debug:sfdb_symbol_scope.obj
 0001:0005f390       sf_debug_ss_get_data_info  0000000180060390 f   sfc_debug:sfdb_symbol_scope.obj
 0001:0005f680       sf_debug_select_mex_function 0000000180060680 f   sfc_debug:sfdb_symbol_scope.obj
 0001:0005f6b0       sf_debug_is_dyn_matrix_initialized 00000001800606b0 f   sfc_debug:sfdb_symbol_scope.obj
 0001:0005f6d0       sf_debug_ss_set_data_value_try 00000001800606d0 f   sfc_debug:sfdb_symbol_scope.obj
 0001:0005f8a0       sf_debug_ss_get_data_value 00000001800608a0 f   sfc_debug:sfdb_symbol_scope.obj
 0001:0005fdf0       sf_debug_ss_data_bytes_string 0000000180060df0 f   sfc_debug:sfdb_symbol_scope.obj
 0001:0005fea0       sf_debug_ss_data_class_string 0000000180060ea0 f   sfc_debug:sfdb_symbol_scope.obj
 0001:00060230       sf_debug_ss_data_size_string 0000000180061230 f   sfc_debug:sfdb_symbol_scope.obj
 0001:00060310       sf_debug_ss_data_create_data_info_struct 0000000180061310 f   sfc_debug:sfdb_symbol_scope.obj
 0001:000605e0       sf_debug_ss_data_create_name_value_pair 00000001800615e0 f   sfc_debug:sfdb_symbol_scope.obj
 0001:00060680       sf_debug_ss_data_get_whos_info 0000000180061680 f   sfc_debug:sfdb_symbol_scope.obj
 0001:00060690       same_named_data_in_data_array 0000000180061690 f   sfc_debug:sfdb_symbol_scope.obj
 0001:00061f00       sf_debug_cc_terminate_chart 0000000180062f00 f   sfc_debug:sfdb_coverage.obj
 0001:000622a0       sf_debug_cc_terminate_instance 00000001800632a0 f   sfc_debug:sfdb_coverage.obj
 0001:00062e90       sf_debug_cc_mark_object_if_needed 0000000180063e90 f   sfc_debug:sfdb_coverage.obj
 0001:00063250       sf_debug_cc_fill_transition_coverage_data 0000000180064250 f   sfc_debug:sfdb_coverage.obj
 0001:000633e0       sf_debug_cc_fill_transition_coverage_map 00000001800643e0 f   sfc_debug:sfdb_coverage.obj
 0001:00063690       sf_debug_cc_fill_state_coverage_map 0000000180064690 f   sfc_debug:sfdb_coverage.obj
 0001:000638e0       sf_debug_cc_fill_state_coverage_data 00000001800648e0 f   sfc_debug:sfdb_coverage.obj
 0001:00064520       sf_debug_bm_initialize_eml 0000000180065520 f   sfc_debug:sfdb_breakpoints.obj
 0001:00065690       sf_debug_bm_map_debug_tag_to_breakpoint_tag 0000000180066690 f   sfc_debug:sfdb_breakpoints.obj
 0001:00065770       sf_debug_bm_is_a_eml_breakpoint_impl 0000000180066770 f   sfc_debug:sfdb_breakpoints.obj
 0001:000671f0       sf_debug_sc_push_on_error_stack 00000001800681f0 f   sfc_debug:sfdb_state_consistency.obj
 0001:00067320       sf_debug_sc_reset_error_stack 0000000180068320 f   sfc_debug:sfdb_state_consistency.obj
 0001:000674b0       sf_debug_sc_is_state_inconsistent 00000001800684b0 f   sfc_debug:sfdb_state_consistency.obj
 0001:000677b0       sf_debug_sc_fill_consistency_info 00000001800687b0 f   sfc_debug:sfdb_state_consistency.obj
 0001:00067d90       void_assertion_fcn         0000000180068d90 f   sfc_debug:sfdb_call_stack.obj
 0001:00068310       sf_debug_tm_fill_local_trace 0000000180069310 f   sfc_debug:sfdb_call_stack.obj
 0001:000688e0       sf_debug_cd_terminate_instance 00000001800698e0 f   sfc_debug:sfdb_cycle_detection.obj
 0001:00068940       sf_debug_cd_free_checksum_stack 0000000180069940 f   sfc_debug:sfdb_cycle_detection.obj
 0001:00068990       sf_debug_cd_reset_pack_strings 0000000180069990 f   sfc_debug:sfdb_cycle_detection.obj
 0001:00069050       md5file_clear              000000018006a050 f   sfc_debug:ckmd5.obj
 0001:00069080       Encode                     000000018006a080 f   sfc_debug:ckmd5.obj
 0001:000690d0       Decode                     000000018006a0d0 f   sfc_debug:ckmd5.obj
 0001:00069170       MD5Transform               000000018006a170 f   sfc_debug:ckmd5.obj
 0001:000699c0       md5file_addn               000000018006a9c0 f   sfc_debug:ckmd5.obj
 0001:00069a90       md5file_hash               000000018006aa90 f   sfc_debug:ckmd5.obj
 0001:00069f8c       pre_c_init                 000000018006af8c f   MSVCRT:crtdll.obj
 0001:0006a248       __DllMainCRTStartup        000000018006b248 f   MSVCRT:crtdll.obj
 0001:0006a950       __DllMainCRTStartup$filt$0 000000018006b950 f   MSVCRT:crtdll.obj
 0001:0006a980       __DllMainCRTStartup$fin$1  000000018006b980 f   MSVCRT:crtdll.obj
 0001:0006a99a       _onexit$fin$0              000000018006b99a f   MSVCRT:atonexit.obj
 0001:0006a9c0       _IsNonwritableInCurrentImage$filt$0 000000018006b9c0 f   MSVCRT:pesect.obj
