 ekffede_sfun

 Timestamp is 4f1ddeaf (Mon Jan 23 23:26:55 2012)

 Preferred load address is 0000000180000000

 Start         Length     Name                   Class
 0001:00000000 00086c14H .text                   CODE
 0001:00086c20 00000092H .text$x                 CODE
 0002:00000000 000004b8H .idata$5                DATA
 0002:000004b8 00000008H .CRT$XCA                DATA
 0002:000004c0 00000008H .CRT$XCZ                DATA
 0002:000004c8 00000008H .CRT$XIA                DATA
 0002:000004d0 00000008H .CRT$XIAA               DATA
 0002:000004d8 00000008H .CRT$XIZ                DATA
 0002:000004e0 00004e9cH .rdata                  DATA
 0002:00005380 00000008H .rtc$IAA                DATA
 0002:00005388 00000008H .rtc$IZZ                DATA
 0002:00005390 00000008H .rtc$TAA                DATA
 0002:00005398 00000008H .rtc$TZZ                DATA
 0002:000053a0 0000586cH .xdata                  DATA
 0002:0000ac0c 000000b4H .idata$2                DATA
 0002:0000acc0 00000014H .idata$3                DATA
 0002:0000acd8 000004b8H .idata$4                DATA
 0002:0000b190 00000ab2H .idata$6                DATA
 0002:0000bc50 00000052H .edata                  DATA
 0003:00000000 00010868H .data                   DATA
 0003:00010880 00002758H .bss                    DATA
 0004:00000000 00004f68H .pdata                  DATA

  Address         Publics by Value              Rva+Base               Lib:Object

 0000:00000000       ___safe_se_handler_count   0000000000000000     <absolute>
 0000:00000000       ___safe_se_handler_table   0000000000000000     <absolute>
 0000:00000000       __ImageBase                0000000180000000     <linker-defined>
 0001:00000000       sf_c1_ekffede_get_eml_resolved_functions_info 0000000180001000 f   c1_ekffede.obj
 0001:00000080       sf_c1_ekffede_get_check_sum 0000000180001080 f   c1_ekffede.obj
 0001:00000100       sf_c1_ekffede_get_autoinheritance_info 0000000180001100 f   c1_ekffede.obj
 0001:00000960       sf_internal_get_sim_state_c1_ekffede 0000000180001960 f   c1_ekffede.obj
 0001:00000d10       sf_internal_set_sim_state_c1_ekffede 0000000180001d10 f   c1_ekffede.obj
 0001:000011f0       c1_ekffede_method_dispatcher 00000001800021f0 f   c1_ekffede.obj
 0001:00003370       sf_c2_ekffede_get_eml_resolved_functions_info 0000000180004370 f   c2_ekffede.obj
 0001:000039d0       sf_c2_ekffede_get_check_sum 00000001800049d0 f   c2_ekffede.obj
 0001:00003a50       sf_c2_ekffede_get_autoinheritance_info 0000000180004a50 f   c2_ekffede.obj
 0001:000042b0       sf_internal_get_sim_state_c2_ekffede 00000001800052b0 f   c2_ekffede.obj
 0001:00004660       sf_internal_set_sim_state_c2_ekffede 0000000180005660 f   c2_ekffede.obj
 0001:00004b40       c2_ekffede_method_dispatcher 0000000180005b40 f   c2_ekffede.obj
 0001:00007b20       sf_c3_ekffede_get_eml_resolved_functions_info 0000000180008b20 f   c3_ekffede.obj
 0001:0000a160       sf_c3_ekffede_get_check_sum 000000018000b160 f   c3_ekffede.obj
 0001:0000a1e0       sf_c3_ekffede_get_autoinheritance_info 000000018000b1e0 f   c3_ekffede.obj
 0001:0000ae10       sf_internal_get_sim_state_c3_ekffede 000000018000be10 f   c3_ekffede.obj
 0001:0000b2d0       sf_internal_set_sim_state_c3_ekffede 000000018000c2d0 f   c3_ekffede.obj
 0001:0000b990       c3_ekffede_method_dispatcher 000000018000c990 f   c3_ekffede.obj
 0001:000176b0       sf_c4_ekffede_get_eml_resolved_functions_info 00000001800186b0 f   c4_ekffede.obj
 0001:00017b20       sf_c4_ekffede_get_check_sum 0000000180018b20 f   c4_ekffede.obj
 0001:00017ba0       sf_c4_ekffede_get_autoinheritance_info 0000000180018ba0 f   c4_ekffede.obj
 0001:00018400       sf_internal_get_sim_state_c4_ekffede 0000000180019400 f   c4_ekffede.obj
 0001:000187d0       sf_internal_set_sim_state_c4_ekffede 00000001800197d0 f   c4_ekffede.obj
 0001:00018ca0       c4_ekffede_method_dispatcher 0000000180019ca0 f   c4_ekffede.obj
 0001:0001b5f0       sf_c5_ekffede_get_eml_resolved_functions_info 000000018001c5f0 f   c5_ekffede.obj
 0001:0001bc10       sf_c5_ekffede_get_check_sum 000000018001cc10 f   c5_ekffede.obj
 0001:0001bc90       sf_c5_ekffede_get_autoinheritance_info 000000018001cc90 f   c5_ekffede.obj
 0001:0001c630       sf_internal_get_sim_state_c5_ekffede 000000018001d630 f   c5_ekffede.obj
 0001:0001c970       sf_internal_set_sim_state_c5_ekffede 000000018001d970 f   c5_ekffede.obj
 0001:0001cd60       c5_ekffede_method_dispatcher 000000018001dd60 f   c5_ekffede.obj
 0001:0001ebf0       sf_c6_ekffede_get_eml_resolved_functions_info 000000018001fbf0 f   c6_ekffede.obj
 0001:0001f170       sf_c6_ekffede_get_check_sum 0000000180020170 f   c6_ekffede.obj
 0001:0001f1f0       sf_c6_ekffede_get_autoinheritance_info 00000001800201f0 f   c6_ekffede.obj
 0001:0001fb90       sf_internal_get_sim_state_c6_ekffede 0000000180020b90 f   c6_ekffede.obj
 0001:0001fed0       sf_internal_set_sim_state_c6_ekffede 0000000180020ed0 f   c6_ekffede.obj
 0001:000202c0       c6_ekffede_method_dispatcher 00000001800212c0 f   c6_ekffede.obj
 0001:00022140       sf_c7_ekffede_get_eml_resolved_functions_info 0000000180023140 f   c7_ekffede.obj
 0001:00022710       sf_c7_ekffede_get_check_sum 0000000180023710 f   c7_ekffede.obj
 0001:00022790       sf_c7_ekffede_get_autoinheritance_info 0000000180023790 f   c7_ekffede.obj
 0001:00023130       sf_internal_get_sim_state_c7_ekffede 0000000180024130 f   c7_ekffede.obj
 0001:00023470       sf_internal_set_sim_state_c7_ekffede 0000000180024470 f   c7_ekffede.obj
 0001:00023860       c7_ekffede_method_dispatcher 0000000180024860 f   c7_ekffede.obj
 0001:000256f0       sf_c8_ekffede_get_eml_resolved_functions_info 00000001800266f0 f   c8_ekffede.obj
 0001:00025d30       sf_c8_ekffede_get_check_sum 0000000180026d30 f   c8_ekffede.obj
 0001:00025db0       sf_c8_ekffede_get_autoinheritance_info 0000000180026db0 f   c8_ekffede.obj
 0001:00026750       sf_internal_get_sim_state_c8_ekffede 0000000180027750 f   c8_ekffede.obj
 0001:00026a90       sf_internal_set_sim_state_c8_ekffede 0000000180027a90 f   c8_ekffede.obj
 0001:00026e80       c8_ekffede_method_dispatcher 0000000180027e80 f   c8_ekffede.obj
 0001:00028d10       sf_c9_ekffede_get_eml_resolved_functions_info 0000000180029d10 f   c9_ekffede.obj
 0001:00029310       sf_c9_ekffede_get_check_sum 000000018002a310 f   c9_ekffede.obj
 0001:00029390       sf_c9_ekffede_get_autoinheritance_info 000000018002a390 f   c9_ekffede.obj
 0001:00029d30       sf_internal_get_sim_state_c9_ekffede 000000018002ad30 f   c9_ekffede.obj
 0001:0002a070       sf_internal_set_sim_state_c9_ekffede 000000018002b070 f   c9_ekffede.obj
 0001:0002a460       c9_ekffede_method_dispatcher 000000018002b460 f   c9_ekffede.obj
 0001:0002c2f0       sf_c10_ekffede_get_eml_resolved_functions_info 000000018002d2f0 f   c10_ekffede.obj
 0001:0002c8c0       sf_c10_ekffede_get_check_sum 000000018002d8c0 f   c10_ekffede.obj
 0001:0002c940       sf_c10_ekffede_get_autoinheritance_info 000000018002d940 f   c10_ekffede.obj
 0001:0002d2e0       sf_internal_get_sim_state_c10_ekffede 000000018002e2e0 f   c10_ekffede.obj
 0001:0002d620       sf_internal_set_sim_state_c10_ekffede 000000018002e620 f   c10_ekffede.obj
 0001:0002da10       c10_ekffede_method_dispatcher 000000018002ea10 f   c10_ekffede.obj
 0001:0002f8a0       sf_c11_ekffede_get_eml_resolved_functions_info 00000001800308a0 f   c11_ekffede.obj
 0001:0002fec0       sf_c11_ekffede_get_check_sum 0000000180030ec0 f   c11_ekffede.obj
 0001:0002ff40       sf_c11_ekffede_get_autoinheritance_info 0000000180030f40 f   c11_ekffede.obj
 0001:000303d0       sf_internal_get_sim_state_c11_ekffede 00000001800313d0 f   c11_ekffede.obj
 0001:00030760       sf_internal_set_sim_state_c11_ekffede 0000000180031760 f   c11_ekffede.obj
 0001:00030c40       c11_ekffede_method_dispatcher 0000000180031c40 f   c11_ekffede.obj
 0001:00032b10       sf_c12_ekffede_get_eml_resolved_functions_info 0000000180033b10 f   c12_ekffede.obj
 0001:00033120       sf_c12_ekffede_get_check_sum 0000000180034120 f   c12_ekffede.obj
 0001:000331a0       sf_c12_ekffede_get_autoinheritance_info 00000001800341a0 f   c12_ekffede.obj
 0001:00033630       sf_internal_get_sim_state_c12_ekffede 0000000180034630 f   c12_ekffede.obj
 0001:00033a00       sf_internal_set_sim_state_c12_ekffede 0000000180034a00 f   c12_ekffede.obj
 0001:00033ed0       c12_ekffede_method_dispatcher 0000000180034ed0 f   c12_ekffede.obj
 0001:00035dd0       sf_c13_ekffede_get_eml_resolved_functions_info 0000000180036dd0 f   c13_ekffede.obj
 0001:00035e50       sf_c13_ekffede_get_check_sum 0000000180036e50 f   c13_ekffede.obj
 0001:00035ed0       sf_c13_ekffede_get_autoinheritance_info 0000000180036ed0 f   c13_ekffede.obj
 0001:000364a0       sf_internal_get_sim_state_c13_ekffede 00000001800374a0 f   c13_ekffede.obj
 0001:00036850       sf_internal_set_sim_state_c13_ekffede 0000000180037850 f   c13_ekffede.obj
 0001:00036cf0       c13_ekffede_method_dispatcher 0000000180037cf0 f   c13_ekffede.obj
 0001:00038940       sf_c14_ekffede_get_eml_resolved_functions_info 0000000180039940 f   c14_ekffede.obj
 0001:00039390       sf_c14_ekffede_get_check_sum 000000018003a390 f   c14_ekffede.obj
 0001:00039410       sf_c14_ekffede_get_autoinheritance_info 000000018003a410 f   c14_ekffede.obj
 0001:000399e0       sf_internal_get_sim_state_c14_ekffede 000000018003a9e0 f   c14_ekffede.obj
 0001:00039d70       sf_internal_set_sim_state_c14_ekffede 000000018003ad70 f   c14_ekffede.obj
 0001:0003a210       c14_ekffede_method_dispatcher 000000018003b210 f   c14_ekffede.obj
 0001:0003c820       sf_c15_ekffede_get_eml_resolved_functions_info 000000018003d820 f   c15_ekffede.obj
 0001:0003d270       sf_c15_ekffede_get_check_sum 000000018003e270 f   c15_ekffede.obj
 0001:0003d2f0       sf_c15_ekffede_get_autoinheritance_info 000000018003e2f0 f   c15_ekffede.obj
 0001:0003d8c0       sf_internal_get_sim_state_c15_ekffede 000000018003e8c0 f   c15_ekffede.obj
 0001:0003dc50       sf_internal_set_sim_state_c15_ekffede 000000018003ec50 f   c15_ekffede.obj
 0001:0003e0f0       c15_ekffede_method_dispatcher 000000018003f0f0 f   c15_ekffede.obj
 0001:000406f0       sf_c16_ekffede_get_eml_resolved_functions_info 00000001800416f0 f   c16_ekffede.obj
 0001:000412b0       sf_c16_ekffede_get_check_sum 00000001800422b0 f   c16_ekffede.obj
 0001:00041330       sf_c16_ekffede_get_autoinheritance_info 0000000180042330 f   c16_ekffede.obj
 0001:00041900       sf_internal_get_sim_state_c16_ekffede 0000000180042900 f   c16_ekffede.obj
 0001:00041cc0       sf_internal_set_sim_state_c16_ekffede 0000000180042cc0 f   c16_ekffede.obj
 0001:00042180       c16_ekffede_method_dispatcher 0000000180043180 f   c16_ekffede.obj
 0001:000448c0       sf_c17_ekffede_get_eml_resolved_functions_info 00000001800458c0 f   c17_ekffede.obj
 0001:00044940       sf_c17_ekffede_get_check_sum 0000000180045940 f   c17_ekffede.obj
 0001:000449c0       sf_c17_ekffede_get_autoinheritance_info 00000001800459c0 f   c17_ekffede.obj
 0001:00044e50       sf_internal_get_sim_state_c17_ekffede 0000000180045e50 f   c17_ekffede.obj
 0001:00045190       sf_internal_set_sim_state_c17_ekffede 0000000180046190 f   c17_ekffede.obj
 0001:00045580       c17_ekffede_method_dispatcher 0000000180046580 f   c17_ekffede.obj
 0001:00046cf0       sf_c18_ekffede_get_eml_resolved_functions_info 0000000180047cf0 f   c18_ekffede.obj
 0001:00046d70       sf_c18_ekffede_get_check_sum 0000000180047d70 f   c18_ekffede.obj
 0001:00046df0       sf_c18_ekffede_get_autoinheritance_info 0000000180047df0 f   c18_ekffede.obj
 0001:00047280       sf_internal_get_sim_state_c18_ekffede 0000000180048280 f   c18_ekffede.obj
 0001:000475c0       sf_internal_set_sim_state_c18_ekffede 00000001800485c0 f   c18_ekffede.obj
 0001:000479b0       c18_ekffede_method_dispatcher 00000001800489b0 f   c18_ekffede.obj
 0001:00049120       sf_c19_ekffede_get_eml_resolved_functions_info 000000018004a120 f   c19_ekffede.obj
 0001:00049bb0       sf_c19_ekffede_get_check_sum 000000018004abb0 f   c19_ekffede.obj
 0001:00049c30       sf_c19_ekffede_get_autoinheritance_info 000000018004ac30 f   c19_ekffede.obj
 0001:0004a200       sf_internal_get_sim_state_c19_ekffede 000000018004b200 f   c19_ekffede.obj
 0001:0004a5a0       sf_internal_set_sim_state_c19_ekffede 000000018004b5a0 f   c19_ekffede.obj
 0001:0004aa60       c19_ekffede_method_dispatcher 000000018004ba60 f   c19_ekffede.obj
 0001:0004d210       sf_c20_ekffede_get_eml_resolved_functions_info 000000018004e210 f   c20_ekffede.obj
 0001:0004dac0       sf_c20_ekffede_get_check_sum 000000018004eac0 f   c20_ekffede.obj
 0001:0004db40       sf_c20_ekffede_get_autoinheritance_info 000000018004eb40 f   c20_ekffede.obj
 0001:0004e250       sf_internal_get_sim_state_c20_ekffede 000000018004f250 f   c20_ekffede.obj
 0001:0004e590       sf_internal_set_sim_state_c20_ekffede 000000018004f590 f   c20_ekffede.obj
 0001:0004e980       c20_ekffede_method_dispatcher 000000018004f980 f   c20_ekffede.obj
 0001:00050a00       sf_c21_ekffede_get_eml_resolved_functions_info 0000000180051a00 f   c21_ekffede.obj
 0001:000510e0       sf_c21_ekffede_get_check_sum 00000001800520e0 f   c21_ekffede.obj
 0001:00051160       sf_c21_ekffede_get_autoinheritance_info 0000000180052160 f   c21_ekffede.obj
 0001:00051870       sf_internal_get_sim_state_c21_ekffede 0000000180052870 f   c21_ekffede.obj
 0001:00051bb0       sf_internal_set_sim_state_c21_ekffede 0000000180052bb0 f   c21_ekffede.obj
 0001:00051fa0       c21_ekffede_method_dispatcher 0000000180052fa0 f   c21_ekffede.obj
 0001:00053d00       sf_process_check_sum_call  0000000180054d00 f   ekffede_sfun_registry.obj
 0001:00053d50       sf_process_autoinheritance_call 0000000180054d50 f   ekffede_sfun_registry.obj
 0001:00053ed0       sf_process_get_eml_resolved_functions_info_call 0000000180054ed0 f   ekffede_sfun_registry.obj
 0001:00054050       sf_mex_unlock_call         0000000180055050 f   ekffede_sfun_registry.obj
 0001:00054100       sf_machine_global_initializer_called 0000000180055100 f   ekffede_sfun_registry.obj
 0001:00054130       sf_machine_global_method_dispatcher 0000000180055130 f   ekffede_sfun_registry.obj
 0001:00054190       sf_machine_global_terminator 0000000180055190 f   ekffede_sfun_registry.obj
 0001:000541d0       sf_register_machine_exported_symbols 00000001800551d0 f   ekffede_sfun_registry.obj
 0001:000541f0       callCustomFcn              00000001800551f0 f   ekffede_sfun_registry.obj
 0001:00054200       sf_machine_global_initializer 0000000180055200 f   ekffede_sfun_registry.obj
 0001:00054270       _ssSetStateAbsTol          0000000180055270 f   ekffede_sfun_registry.obj
 0001:00054350       _ssGetAbsTol               0000000180055350 f   ekffede_sfun_registry.obj
 0001:000543c0       _ssSetInputPortMatrixDimensions 00000001800553c0 f   ekffede_sfun_registry.obj
 0001:000544d0       _ssSetOutputPortMatrixDimensions 00000001800554d0 f   ekffede_sfun_registry.obj
 0001:000545e0       _ssSetInputPortVectorDimension 00000001800555e0 f   ekffede_sfun_registry.obj
 0001:000546b0       _ssSetOutputPortVectorDimension 00000001800556b0 f   ekffede_sfun_registry.obj
 0001:00054780       ssIsRunTimeParamTunable    0000000180055780 f   ekffede_sfun_registry.obj
 0001:000547f0       ssGetSFuncBlockHandle      00000001800557f0 f   ekffede_sfun_registry.obj
 0001:00054860       _ssGetCurrentInputPortWidth 0000000180055860 f   ekffede_sfun_registry.obj
 0001:00054980       _ssGetCurrentOutputPortWidth 0000000180055980 f   ekffede_sfun_registry.obj
 0001:00054aa0       _ssGetCallSystemNumFcnCallDestinations 0000000180055aa0 f   ekffede_sfun_registry.obj
 0001:00054b10       ssWarning                  0000000180055b10 f   ekffede_sfun_registry.obj
 0001:00054c20       ssGetIsZeroCrossControlDisabled 0000000180055c20 f   ekffede_sfun_registry.obj
 0001:00054c90       ssSetIsInputPortUsedForContZcSignal 0000000180055c90 f   ekffede_sfun_registry.obj
 0001:00054d00       ssSetZcSignalIsZcElementDisc 0000000180055d00 f   ekffede_sfun_registry.obj
 0001:00054db0       ssSetZcSignalName          0000000180055db0 f   ekffede_sfun_registry.obj
 0001:00054e20       ssSetZcSignalWidth         0000000180055e20 f   ekffede_sfun_registry.obj
 0001:00054e90       ssSetZcSignalZcEventType   0000000180055e90 f   ekffede_sfun_registry.obj
 0001:00054f00       ssSetZcSignalType          0000000180055f00 f   ekffede_sfun_registry.obj
 0001:00054f70       ssSetZcSignalZcTol         0000000180055f70 f   ekffede_sfun_registry.obj
 0001:00054fe0       ssSetZcSignalNeedsEventNotification 0000000180055fe0 f   ekffede_sfun_registry.obj
 0001:00055050       ssCreateAndAddZcSignalInfo 0000000180056050 f   ekffede_sfun_registry.obj
 0001:000550c0       ssCloneAndAddZcSignalInfo  00000001800560c0 f   ekffede_sfun_registry.obj
 0001:00055130       ssGetNumZcSignals          0000000180056130 f   ekffede_sfun_registry.obj
 0001:000551a0       ssGetZcSignalVector        00000001800561a0 f   ekffede_sfun_registry.obj
 0001:00055210       ssGetZcSignalZcEvents      0000000180056210 f   ekffede_sfun_registry.obj
 0001:00055280       ssGetZcSignalName          0000000180056280 f   ekffede_sfun_registry.obj
 0001:000552f0       ssGetZcSignalWidth         00000001800562f0 f   ekffede_sfun_registry.obj
 0001:00055360       ssGetZcSignalZcEventType   0000000180056360 f   ekffede_sfun_registry.obj
 0001:000553d0       ssGetZcSignalType          00000001800563d0 f   ekffede_sfun_registry.obj
 0001:00055440       ssGetZcSignalZcTol         0000000180056440 f   ekffede_sfun_registry.obj
 0001:000554c0       ssGetZcSignalNeedsEventNotification 00000001800564c0 f   ekffede_sfun_registry.obj
 0001:00055530       ssGetZcSignalIsZcElementDisc 0000000180056530 f   ekffede_sfun_registry.obj
 0001:000555d0       ssGetIsInputPortElementContinuous 00000001800565d0 f   ekffede_sfun_registry.obj
 0001:00055670       _ssGetInputPortSignalPtrsFcn 0000000180056670 f   ekffede_sfun_registry.obj
 0001:00055930       _ssGetInputPortSignalFcn   0000000180056930 f   ekffede_sfun_registry.obj
 0001:00055b50       _ssSetInputPortDirectFeedThroughFcn 0000000180056b50 f   ekffede_sfun_registry.obj
 0001:00055cb0       _ssSetInputPortReusableFcn 0000000180056cb0 f   ekffede_sfun_registry.obj
 0001:00055da0       _ssSetOutputPortReusableFcn 0000000180056da0 f   ekffede_sfun_registry.obj
 0001:00055e80       ssGetDTypeIdFromMxArray    0000000180056e80 f   ekffede_sfun_registry.obj
 0001:00055fa0       ssWriteRTWStr              0000000180056fa0 f   ekffede_sfun_registry.obj
 0001:00056000       ssWriteRTWMxVectParam      0000000180057000 f   ekffede_sfun_registry.obj
 0001:00056060       ssWriteRTWMx2dMatParam     0000000180057060 f   ekffede_sfun_registry.obj
 0001:000560e0       ssWriteRTWNameValuePair    00000001800570e0 f   ekffede_sfun_registry.obj
 0001:000565d0       ssWriteRTWParameters       00000001800575d0 f   ekffede_sfun_registry.obj
 0001:00056bd0       ssWriteRTWParamSettings    0000000180057bd0 f   ekffede_sfun_registry.obj
 0001:000572a0       ssWriteRTWWorkVect         00000001800582a0 f   ekffede_sfun_registry.obj
 0001:000577a0       mexFunction                00000001800587a0 f   ekffede_sfun_registry.obj
 0001:000593e0       ProcessMexSfunctionEveryCall 000000018005a3e0 f   ekffede_sfun_registry.obj
 0001:00059550       ekffede_initializer        000000018005a550 f   ekffede_sfun.obj
 0001:00059560       ekffede_terminator         000000018005a560 f   ekffede_sfun.obj
 0001:00059570       sf_ekffede_method_dispatcher 000000018005a570 f   ekffede_sfun.obj
 0001:00059880       sf_ekffede_process_check_sum_call 000000018005a880 f   ekffede_sfun.obj
 0001:00059e30       sf_ekffede_autoinheritance_info 000000018005ae30 f   ekffede_sfun.obj
 0001:0005a100       sf_ekffede_get_eml_resolved_functions_info 000000018005b100 f   ekffede_sfun.obj
 0001:0005a6f0       ekffede_debug_initialize   000000018005b6f0 f   ekffede_sfun.obj
 0001:0005a760       ekffede_register_exported_symbols 000000018005b760 f   ekffede_sfun.obj
 0001:0005a810       sf_mex_mx_is_numeric       000000018005b810 f   sfc_mex:sfc_mex.obj
 0001:0005a850       strcmp_ignore_ws           000000018005b850 f   sfc_mex:sfc_mex.obj
 0001:0005a990       sf_mex_duplicatearraysafe  000000018005b990 f   sfc_mex:sfc_mex.obj
 0001:0005aaf0       sf_set_error_debugger_context_message_fcn 000000018005baf0 f   sfc_mex:sfc_mex.obj
 0001:0005ab00       sf_set_debugger_matlab_error_fcn 000000018005bb00 f   sfc_mex:sfc_mex.obj
 0001:0005ab30       sf_set_error_prefix_string 000000018005bb30 f   sfc_mex:sfc_mex.obj
 0001:0005ab60       sf_get_error_prefix_string 000000018005bb60 f   sfc_mex:sfc_mex.obj
 0001:0005ab70       sf_get_current_jmp_buf_ptr 000000018005bb70 f   sfc_mex:sfc_mex.obj
 0001:0005ab80       sf_set_current_jmp_buf_ptr 000000018005bb80 f   sfc_mex:sfc_mex.obj
 0001:0005ab90       sf_mex_set_halt_simulation 000000018005bb90 f   sfc_mex:sfc_mex.obj
 0001:0005aba0       sf_mex_get_halt_simulation 000000018005bba0 f   sfc_mex:sfc_mex.obj
 0001:0005abb0       sf_mex_clear_error_message 000000018005bbb0 f   sfc_mex:sfc_mex.obj
 0001:0005abd0       sf_mex_get_error_message_for_read 000000018005bbd0 f   sfc_mex:sfc_mex.obj
 0001:0005abe0       sf_mex_get_error_message_buffer_length 000000018005bbe0 f   sfc_mex:sfc_mex.obj
 0001:0005acc0       sf_mex_warning_message     000000018005bcc0 f   sfc_mex:sfc_mex.obj
 0001:0005ad30       sf_mex_v_errbuf_createf    000000018005bd30 f   sfc_mex:sfc_mex.obj
 0001:0005ad40       sf_mex_errbuf_createf      000000018005bd40 f   sfc_mex:sfc_mex.obj
 0001:0005ad70       sf_mex_v_errbuf_catf       000000018005bd70 f   sfc_mex:sfc_mex.obj
 0001:0005adb0       sf_mex_errbuf_catf         000000018005bdb0 f   sfc_mex:sfc_mex.obj
 0001:0005ae00       sf_mex_errbuf_copy         000000018005be00 f   sfc_mex:sfc_mex.obj
 0001:0005ae10       sf_mex_errbuf_clear        000000018005be10 f   sfc_mex:sfc_mex.obj
 0001:0005ae20       sf_mex_errbuf_isempty      000000018005be20 f   sfc_mex:sfc_mex.obj
 0001:0005af30       sf_mex_set_error_status    000000018005bf30 f   sfc_mex:sfc_mex.obj
 0001:0005af80       sf_mex_error_direct_call   000000018005bf80 f   sfc_mex:sfc_mex.obj
 0001:0005afa0       sf_mex_error_message_no_long_jump 000000018005bfa0 f   sfc_mex:sfc_mex.obj
 0001:0005afc0       sf_mex_long_jump_on_error  000000018005bfc0 f   sfc_mex:sfc_mex.obj
 0001:0005aff0       sf_mex_call_matlab         000000018005bff0 f   sfc_mex:sfc_mex.obj
 0001:0005b110       sf_mex_check_builtin       000000018005c110 f   sfc_mex:sfc_mex.obj
 0001:0005b150       sf_mex_check_builtin_vs    000000018005c150 f   sfc_mex:sfc_mex.obj
 0001:0005b1b0       sf_mex_check_enum          000000018005c1b0 f   sfc_mex:sfc_mex.obj
 0001:0005b1e0       sf_mex_create_enum         000000018005c1e0 f   sfc_mex:sfc_mex.obj
 0001:0005b200       sf_mex_get_enum_element    000000018005c200 f   sfc_mex:sfc_mex.obj
 0001:0005b210       sf_mex_createcellarray     000000018005c210 f   sfc_mex:sfc_mex.obj
 0001:0005b220       sf_mex_setcell             000000018005c220 f   sfc_mex:sfc_mex.obj
 0001:0005b230       sf_mex_getcell             000000018005c230 f   sfc_mex:sfc_mex.obj
 0001:0005b240       sf_mex_dup                 000000018005c240 f   sfc_mex:sfc_mex.obj
 0001:0005b260       sf_mex_assign              000000018005c260 f   sfc_mex:sfc_mex.obj
 0001:0005b2c0       sf_mex_destroy             000000018005c2c0 f   sfc_mex:sfc_mex.obj
 0001:0005b2f0       mx_array_has_fi_type       000000018005c2f0 f   sfc_mex:sfc_mex.obj
 0001:0005b320       sf_mex_convert_from_fi     000000018005c320 f   sfc_mex:sfc_mex.obj
 0001:0005b3d0       sf_mex_convert_to_double   000000018005c3d0 f   sfc_mex:sfc_mex.obj
 0001:0005b4f0       sf_mex_import_fi_vs        000000018005c4f0 f   sfc_mex:sfc_mex.obj
 0001:0005b6b0       sf_matrix_matrix_index_ok  000000018005c6b0 f   sfc_mex:sfc_mex.obj
 0001:0005b740       sf_vector_vector_index_ok  000000018005c740 f   sfc_mex:sfc_mex.obj
 0001:0005b770       ssGetCurrentInputPortDimensions_wrapper 000000018005c770 f   sfc_mex:sfc_mex.obj
 0001:0005b790       ssGetCurrentOutputPortDimensions_wrapper 000000018005c790 f   sfc_mex:sfc_mex.obj
 0001:0005b7b0       sf_mex_emlrt_context_is_debug_mode 000000018005c7b0 f   sfc_mex:sfc_mex.obj
 0001:0005b7c0       sf_mex_emlrt_context_set_debug_mode 000000018005c7c0 f   sfc_mex:sfc_mex.obj
 0001:0005b830       sf_clear_error_manager_info 000000018005c830 f   sfc_mex:sfc_mex.obj
 0001:0005b880       sf_mex_stop_simulation_abruptly_wo_error 000000018005c880 f   sfc_mex:sfc_mex.obj
 0001:0005b8c0       sf_mex_error_message       000000018005c8c0 f   sfc_mex:sfc_mex.obj
 0001:0005b920       sf_react_to_error_in_matlab_call 000000018005c920 f   sfc_mex:sfc_mex.obj
 0001:0005b950       sf_mex_addfield            000000018005c950 f   sfc_mex:sfc_mex.obj
 0001:0005b9f0       sf_mex_getfield            000000018005c9f0 f   sfc_mex:sfc_mex.obj
 0001:0005bcf0       sf_mex_check_class         000000018005ccf0 f   sfc_mex:sfc_mex.obj
 0001:0005bde0       sf_mex_is_real             000000018005cde0 f   sfc_mex:sfc_mex.obj
 0001:0005c250       sf_mex_decode_encoded_mx_struct_array 000000018005d250 f   sfc_mex:sfc_mex.obj
 0001:0005c530       sf_mex_lw_bounds_check     000000018005d530 f   sfc_mex:sfc_mex.obj
 0001:0005c560       sf_mex_lw_size_eq_check_1d 000000018005d560 f   sfc_mex:sfc_mex.obj
 0001:0005c580       sf_mex_lw_size_eq_check_nd 000000018005d580 f   sfc_mex:sfc_mex.obj
 0001:0005c760       sf_mex_lw_dim_size_eq_check 000000018005d760 f   sfc_mex:sfc_mex.obj
 0001:0005c790       sf_mex_lw_dim_size_geq_check 000000018005d790 f   sfc_mex:sfc_mex.obj
 0001:0005c7c0       sf_mex_lw_sub_assign_size_check_nd 000000018005d7c0 f   sfc_mex:sfc_mex.obj
 0001:0005c9f0       sf_mex_lw_runtime_error_msgid 000000018005d9f0 f   sfc_mex:sfc_mex.obj
 0001:0005cae0       sf_mex_lw_matrix_matrix_index_check 000000018005dae0 f   sfc_mex:sfc_mex.obj
 0001:0005cb00       sf_mex_lw_vector_vector_index_check 000000018005db00 f   sfc_mex:sfc_mex.obj
 0001:0005cb40       sf_mex_lw_non_negative_check 000000018005db40 f   sfc_mex:sfc_mex.obj
 0001:0005cb80       sf_mex_overflow_error      000000018005db80 f   sfc_mex:sfc_mex.obj
 0001:0005cb90       sf_mex_dividebyzero_error  000000018005db90 f   sfc_mex:sfc_mex.obj
 0001:0005cba0       sf_mex_unsafe_enum_error   000000018005dba0 f   sfc_mex:sfc_mex.obj
 0001:0005cbb0       sf_emlrtErrHandler         000000018005dbb0 f   sfc_mex:sfc_mex.obj
 0001:0005cc70       sf_mex_printf              000000018005dc70 f   sfc_mex:sfc_mex.obj
 0001:0005ce00       sf_mex_check_size          000000018005de00 f   sfc_mex:sfc_mex.obj
 0001:0005d0d0       sf_mex_check_struct        000000018005e0d0 f   sfc_mex:sfc_mex.obj
 0001:0005d330       sf_mex_check_struct_vs     000000018005e330 f   sfc_mex:sfc_mex.obj
 0001:0005d3c0       sf_mex_check_fi            000000018005e3c0 f   sfc_mex:sfc_mex.obj
 0001:0005d4c0       sf_mex_check_fi_vs         000000018005e4c0 f   sfc_mex:sfc_mex.obj
 0001:0005d560       sf_echo_expression         000000018005e560 f   sfc_mex:sfc_mex.obj
 0001:0005d5c0       sf_assertion_failed        000000018005e5c0 f   sfc_mex:sfc_mex.obj
 0001:0005d8a0       sf_mex_evalin              000000018005e8a0 f   sfc_mex:sfc_mex.obj
 0001:0005db10       sf_mex_export              000000018005eb10 f   sfc_mex:sfc_mex.obj
 0001:0005dbd0       sf_mex_get_ml_var_no_error 000000018005ebd0 f   sfc_mex:sfc_mex.obj
 0001:0005dd70       sf_mex_get_ml_var          000000018005ed70 f   sfc_mex:sfc_mex.obj
 0001:0005e210       ml_set_element_value_in_array 000000018005f210 f   sfc_mex:sfc_mex.obj
 0001:0005f8e0       sf_mex_call_impl           00000001800608e0 f   sfc_mex:sfc_mex.obj
 0001:0005fe10       sf_mex_call_debug          0000000180060e10 f   sfc_mex:sfc_mex.obj
 0001:0005fe40       sf_mex_call                0000000180060e40 f   sfc_mex:sfc_mex.obj
 0001:00060490       sf_mex_createstruct        0000000180061490 f   sfc_mex:sfc_mex.obj
 0001:00060580       sf_mex_createstructarray   0000000180061580 f   sfc_mex:sfc_mex.obj
 0001:00060600       sf_mex_get_mx_datatype_from_sf_datatype 0000000180061600 f   sfc_mex:sfc_mex.obj
 0001:00060910       sf_mex_ml_var_sub          0000000180061910 f   sfc_mex:sfc_mex.obj
 0001:00060ae0       sf_mex_ml_var_subsasgn     0000000180061ae0 f   sfc_mex:sfc_mex.obj
 0001:00060ed0       sf_mex_sub                 0000000180061ed0 f   sfc_mex:sfc_mex.obj
 0001:000610d0       sf_mex_subsasgn            00000001800620d0 f   sfc_mex:sfc_mex.obj
 0001:000615b0       sf_mex_create              00000001800625b0 f   sfc_mex:sfc_mex.obj
 0001:00062000       sf_mex_import_named        0000000180063000 f   sfc_mex:sfc_mex.obj
 0001:00062060       sf_mex_import              0000000180063060 f   sfc_mex:sfc_mex.obj
 0001:000620b0       sf_mex_import_vs           00000001800630b0 f   sfc_mex:sfc_mex.obj
 0001:000621c0       sf_mex_lower_fixpt_mx_array 00000001800631c0 f   sfc_mex:sfc_mex.obj
 0001:000627b0       sim_mode_is_rtw_gen        00000001800637b0 f   sfc_mex:sfc_sf.obj
 0001:000627e0       sim_mode_is_external       00000001800637e0 f   sfc_mex:sfc_sf.obj
 0001:000627f0       sim_mode_is_modelref_sim   00000001800637f0 f   sfc_mex:sfc_sf.obj
 0001:00062810       mdlInitializeSizes         0000000180063810 f   sfc_mex:sfc_sf.obj
 0001:00062830       mdlInitializeSampleTimes   0000000180063830 f   sfc_mex:sfc_sf.obj
 0001:00062870       mdlZeroCrossings           0000000180063870 f   sfc_mex:sfc_sf.obj
 0001:00062950       mdlDerivatives             0000000180063950 f   sfc_mex:sfc_sf.obj
 0001:00062a00       mdl_initialize_conditions_processing 0000000180063a00 f   sfc_mex:sfc_sf.obj
 0001:00062a30       mdlInitializeConditions    0000000180063a30 f   sfc_mex:sfc_sf.obj
 0001:00062af0       mdlGetSimState             0000000180063af0 f   sfc_mex:sfc_sf.obj
 0001:00062b00       mdlSetSimState             0000000180063b00 f   sfc_mex:sfc_sf.obj
 0001:00062b10       mdl_ext_mode_exec_processing 0000000180063b10 f   sfc_mex:sfc_sf.obj
 0001:00062b30       mdlExtModeExec             0000000180063b30 f   sfc_mex:sfc_sf.obj
 0001:00062cc0       mdlTerminate               0000000180063cc0 f   sfc_mex:sfc_sf.obj
 0001:00062d30       mdlRTW                     0000000180063d30 f   sfc_mex:sfc_sf.obj
 0001:00062d60       mdlSetWorkWidths           0000000180063d60 f   sfc_mex:sfc_sf.obj
 0001:00062d70       mdlProcessParameters       0000000180063d70 f   sfc_mex:sfc_sf.obj
 0001:00062d80       mdl_start_processing       0000000180063d80 f   sfc_mex:sfc_sf.obj
 0001:00062dc0       mdlStart                   0000000180063dc0 f   sfc_mex:sfc_sf.obj
 0001:00062eb0       mdlEnable                  0000000180063eb0 f   sfc_mex:sfc_sf.obj
 0001:00062f80       mdlDisable                 0000000180063f80 f   sfc_mex:sfc_sf.obj
 0001:00063030       sf_get_chart_instance_ptr  0000000180064030 f   sfc_mex:sfc_sf.obj
 0001:00063050       sf_rtw_info_uint_prop      0000000180064050 f   sfc_mex:sfc_sf.obj
 0001:000631c0       sf_is_chart_inlinable      00000001800641c0 f   sfc_mex:sfc_sf.obj
 0001:000631e0       sf_mark_output_events_with_multiple_callers 00000001800641e0 f   sfc_mex:sfc_sf.obj
 0001:000633a0       sf_mark_chart_reusable_outputs 00000001800643a0 f   sfc_mex:sfc_sf.obj
 0001:00063620       sf_mark_chart_expressionable_inputs 0000000180064620 f   sfc_mex:sfc_sf.obj
 0001:00063980       sf_get_subchart_simstruct  0000000180064980 f   sfc_mex:sfc_sf.obj
 0001:000639d0       sf_write_symbol_mapping    00000001800649d0 f   sfc_mex:sfc_sf.obj
 0001:00063c20       sf_get_fixpt_data_type_id  0000000180064c20 f   sfc_mex:sfc_sf.obj
 0001:00063c60       sf_get_enum_data_type_id   0000000180064c60 f   sfc_mex:sfc_sf.obj
 0001:00063ca0       sf_get_param_data_type_id  0000000180064ca0 f   sfc_mex:sfc_sf.obj
 0001:00063cd0       sf_mex_listen_for_ctrl_c_force 0000000180064cd0 f   sfc_mex:sfc_sf.obj
 0001:00063de0       sf_mex_draw_now            0000000180064de0 f   sfc_mex:sfc_sf.obj
 0001:00063e20       sf_mex_set_debugger_sim_status_listener_fcn 0000000180064e20 f   sfc_mex:sfc_sf.obj
 0001:00063e30       sf_mex_listen_for_ctrl_c   0000000180064e30 f   sfc_mex:sfc_sf.obj
 0001:00063ec0       sf_mex_get_sfun_param      0000000180064ec0 f   sfc_mex:sfc_sf.obj
 0001:00063f10       sf_get_runtime_param_data  0000000180064f10 f   sfc_mex:sfc_sf.obj
 0001:00063f50       sf_call_output_fcn_call    0000000180064f50 f   sfc_mex:sfc_sf.obj
 0001:00064090       sf_call_output_fcn_enable  0000000180065090 f   sfc_mex:sfc_sf.obj
 0001:00064120       sf_call_output_fcn_disable 0000000180065120 f   sfc_mex:sfc_sf.obj
 0001:000641b0       sf_clear_rtw_identifier    00000001800651b0 f   sfc_mex:sfc_sf.obj
 0001:000649a0       sf_set_encoded_dwork_info  00000001800659a0 f   sfc_mex:sfc_sf.obj
 0001:000649f0       sf_get_dwork_info_from_mat_file 00000001800659f0 f   sfc_mex:sfc_sf.obj
 0001:00064be0       sf_set_rtw_dwork_info      0000000180065be0 f   sfc_mex:sfc_sf.obj
 0001:00064d50       mdlOutputs                 0000000180065d50 f   sfc_mex:sfc_sf.obj
 0001:00064ef0       sf_debug_disp              0000000180065ef0 f   sfc_debug:sfcdebug.obj
 0001:00065150       sf_debug_data_runtime_size_mismatch_error_check 0000000180066150 f   sfc_debug:sfcdebug.obj
 0001:000651f0       sf_debug_try_loading_machine 00000001800661f0 f   sfc_debug:sfcdebug.obj
 0001:000652f0       sf_debug_reset_current_state_configuration 00000001800662f0 f   sfc_debug:sfcdebug.obj
 0001:00065380       sf_debug_store_current_state_configuration 0000000180066380 f   sfc_debug:sfcdebug.obj
 0001:00065410       sf_debug_restore_previous_state_configuration 0000000180066410 f   sfc_debug:sfcdebug.obj
 0001:000654a0       sf_debug_restore_previous_state_configuration2 00000001800664a0 f   sfc_debug:sfcdebug.obj
 0001:00065530       sf_debug_get_event_scope   0000000180066530 f   sfc_debug:sfcdebug.obj
 0001:000656a0       use_debugger_step_animation 00000001800666a0 f   sfc_debug:sfcdebug.obj
 0001:000656c0       sf_debug_get_script_id     00000001800666c0 f   sfc_debug:sfcdebug.obj
 0001:00065750       sf_debug_set_script_translation 0000000180066750 f   sfc_debug:sfcdebug.obj
 0001:00065810       sf_debug_get_current_machine_id 0000000180066810 f   sfc_debug:sfcdebug.obj
 0001:00065830       sf_debug_get_current_optional_integer 0000000180066830 f   sfc_debug:sfcdebug.obj
 0001:00065840       sf_debug_get_current_machine_number 0000000180066840 f   sfc_debug:sfcdebug.obj
 0001:00065860       sf_debug_get_current_machine_name 0000000180066860 f   sfc_debug:sfcdebug.obj
 0001:00065880       sf_debug_get_current_chart_id 0000000180066880 f   sfc_debug:sfcdebug.obj
 0001:000658d0       sf_debug_get_current_chart_number 00000001800668d0 f   sfc_debug:sfcdebug.obj
 0001:000658e0       sf_debug_get_current_instance_number 00000001800668e0 f   sfc_debug:sfcdebug.obj
 0001:000658f0       sf_debug_get_current_is_minor_time_step 00000001800668f0 f   sfc_debug:sfcdebug.obj
 0001:00065970       sf_debug_get_current_object_type 0000000180066970 f   sfc_debug:sfcdebug.obj
 0001:00065980       sf_debug_get_current_instance_handle 0000000180066980 f   sfc_debug:sfcdebug.obj
 0001:000659e0       sf_debug_get_current_event_type 00000001800669e0 f   sfc_debug:sfcdebug.obj
 0001:000659f0       sf_debug_get_current_object_id 00000001800669f0 f   sfc_debug:sfcdebug.obj
 0001:00065a30       sf_debug_get_current_active_event_type 0000000180066a30 f   sfc_debug:sfcdebug.obj
 0001:00065a40       sf_debug_get_current_active_event_id 0000000180066a40 f   sfc_debug:sfcdebug.obj
 0001:00065a80       sf_debug_get_current_tag_type 0000000180066a80 f   sfc_debug:sfcdebug.obj
 0001:00065a90       sf_debug_get_current_simulation_time 0000000180066a90 f   sfc_debug:sfcdebug.obj
 0001:00065aa0       sf_debug_get_current_coverage_percentage 0000000180066aa0 f   sfc_debug:sfcdebug.obj
 0001:00065ab0       sf_debug_current_statement_context 0000000180066ab0 f   sfc_debug:sfcdebug.obj
 0001:00065b40       sf_debug_get_current_statement_info 0000000180066b40 f   sfc_debug:sfcdebug.obj
 0001:00065cc0       sf_debug_terminate_instance 0000000180066cc0 f   sfc_debug:sfcdebug.obj
 0001:00065fd0       sf_debug_assertion_failed  0000000180066fd0 f   sfc_debug:sfcdebug.obj
 0001:00066180       sf_debug_set_number_of_data_with_change_event_for_machine 0000000180067180 f   sfc_debug:sfcdebug.obj
 0001:000661c0       sf_debug_set_machine_event_thresholds 00000001800671c0 f   sfc_debug:sfcdebug.obj
 0001:000661e0       sf_debug_set_machine_event_scope 00000001800671e0 f   sfc_debug:sfcdebug.obj
 0001:00066220       sf_debug_set_machine_data_thresholds 0000000180067220 f   sfc_debug:sfcdebug.obj
 0001:00066260       sf_debug_set_machine_data_scope 0000000180067260 f   sfc_debug:sfcdebug.obj
 0001:000662f0       sf_debug_set_machine_data_name 00000001800672f0 f   sfc_debug:sfcdebug.obj
 0001:00066390       sf_debug_set_machine_data_size 0000000180067390 f   sfc_debug:sfcdebug.obj
 0001:000664d0       sf_debug_set_machine_data_type 00000001800674d0 f   sfc_debug:sfcdebug.obj
 0001:00066640       sf_debug_get_chart_data_number 0000000180067640 f   sfc_debug:sfcdebug.obj
 0001:00066660       sf_debug_get_chart_event_number 0000000180067660 f   sfc_debug:sfcdebug.obj
 0001:00066680       sf_debug_set_chart_state_info 0000000180067680 f   sfc_debug:sfcdebug.obj
 0001:00066700       sf_debug_set_chart_decomposition 0000000180067700 f   sfc_debug:sfcdebug.obj
 0001:00066770       sf_debug_set_chart_substate_count 0000000180067770 f   sfc_debug:sfcdebug.obj
 0001:00066850       sf_debug_set_chart_substate_index 0000000180067850 f   sfc_debug:sfcdebug.obj
 0001:000668c0       sf_debug_set_chart_state_substate_count 00000001800678c0 f   sfc_debug:sfcdebug.obj
 0001:000669d0       sf_debug_set_chart_state_substate_index 00000001800679d0 f   sfc_debug:sfcdebug.obj
 0001:00066a50       sf_debug_set_number_of_data_with_change_event_for_chart 0000000180067a50 f   sfc_debug:sfcdebug.obj
 0001:00066ad0       sf_debug_set_number_of_states_with_entry_event_for_chart 0000000180067ad0 f   sfc_debug:sfcdebug.obj
 0001:00066b40       sf_debug_set_number_of_states_with_exit_event_for_chart 0000000180067b40 f   sfc_debug:sfcdebug.obj
 0001:00066bb0       sf_debug_set_chart_disable_implicit_casting 0000000180067bb0 f   sfc_debug:sfcdebug.obj
 0001:00066c20       sf_debug_set_chart_event_thresholds 0000000180067c20 f   sfc_debug:sfcdebug.obj
 0001:00066c90       sf_debug_set_chart_data_compiled_props 0000000180067c90 f   sfc_debug:sfcdebug.obj
 0001:00066fe0       sf_debug_set_chart_data_props 0000000180067fe0 f   sfc_debug:sfcdebug.obj
 0001:00067300       sf_debug_check_fi_license  0000000180068300 f   sfc_debug:sfcdebug.obj
 0001:000674f0       sf_debug_symbol_scope_push 00000001800684f0 f   sfc_debug:sfcdebug.obj
 0001:00067530       sf_debug_symbol_scope_push_eml 0000000180068530 f   sfc_debug:sfcdebug.obj
 0001:00067580       sf_debug_symbol_scope_pop  0000000180068580 f   sfc_debug:sfcdebug.obj
 0001:000675c0       sf_debug_symbol_scope_add_importable 00000001800685c0 f   sfc_debug:sfcdebug.obj
 0001:00067640       sf_debug_symbol_scope_add  0000000180068640 f   sfc_debug:sfcdebug.obj
 0001:000676c0       sf_debug_symbol_scope_add_dyn_importable 00000001800686c0 f   sfc_debug:sfcdebug.obj
 0001:00067780       sf_debug_symbol_scope_add_dyn 0000000180068780 f   sfc_debug:sfcdebug.obj
 0001:000677b0       sf_debug_symbol_scope_add_eml_importable 00000001800687b0 f   sfc_debug:sfcdebug.obj
 0001:000677f0       sf_debug_symbol_scope_add_eml 00000001800687f0 f   sfc_debug:sfcdebug.obj
 0001:00067830       sf_debug_symbol_scope_add_eml_dyn_importable 0000000180068830 f   sfc_debug:sfcdebug.obj
 0001:000678a0       sf_debug_symbol_scope_add_eml_dyn 00000001800688a0 f   sfc_debug:sfcdebug.obj
 0001:00067900       sf_debug_symbol_switch     0000000180068900 f   sfc_debug:sfcdebug.obj
 0001:00067920       sf_debug_symbol_scope_add_verbose 0000000180068920 f   sfc_debug:sfcdebug.obj
 0001:000679f0       sf_debug_set_machine_data_value_ptr 00000001800689f0 f   sfc_debug:sfcdebug.obj
 0001:00067a30       sf_debug_set_instance_data_value_ptr 0000000180068a30 f   sfc_debug:sfcdebug.obj
 0001:00067af0       sf_debug_unset_instance_data_value_ptr 0000000180068af0 f   sfc_debug:sfcdebug.obj
 0001:00067ba0       sf_debug_set_chart_event_scope 0000000180068ba0 f   sfc_debug:sfcdebug.obj
 0001:00067c20       sf_debug_set_chart_transition_coverage_maps 0000000180068c20 f   sfc_debug:sfcdebug.obj
 0001:00067d30       sf_debug_set_chart_state_coverage_maps 0000000180068d30 f   sfc_debug:sfcdebug.obj
 0001:00067e10       sf_debug_set_instance_transition_coverage_weights 0000000180068e10 f   sfc_debug:sfcdebug.obj
 0001:00067eb0       sf_debug_set_instance_state_coverage_weights 0000000180068eb0 f   sfc_debug:sfcdebug.obj
 0001:00068100       sf_debug_unload_machine    0000000180069100 f   sfc_debug:sfcdebug.obj
 0001:00068150       sf_debug_load_machine      0000000180069150 f   sfc_debug:sfcdebug.obj
 0001:00068250       sf_debug_set_active_instance_in_data_dictionary 0000000180069250 f   sfc_debug:sfcdebug.obj
 0001:00068430       sf_debug_set_active_instance 0000000180069430 f   sfc_debug:sfcdebug.obj
 0001:00068570       sf_debug_chart_visiblity_change 0000000180069570 f   sfc_debug:sfcdebug.obj
 0001:00068650       sf_debug_select_chart      0000000180069650 f   sfc_debug:sfcdebug.obj
 0001:00068720       sf_debug_set_instance_cv_ids 0000000180069720 f   sfc_debug:sfcdebug.obj
 0001:00068a30       sf_debug_select_charts     0000000180069a30 f   sfc_debug:sfcdebug.obj
 0001:00068b70       sf_debug_initialized       0000000180069b70 f   sfc_debug:sfcdebug.obj
 0001:00068b80       sf_debug_is_uninterruptible 0000000180069b80 f   sfc_debug:sfcdebug.obj
 0001:00068bb0       sf_debug_initialize_debugger_gui 0000000180069bb0 f   sfc_debug:sfcdebug.obj
 0001:00068fa0       sf_debug_resume            0000000180069fa0 f   sfc_debug:sfcdebug.obj
 0001:00068fc0       sf_debug_go                0000000180069fc0 f   sfc_debug:sfcdebug.obj
 0001:00068fd0       sf_debug_break             0000000180069fd0 f   sfc_debug:sfcdebug.obj
 0001:00068fe0       sf_debug_step_over         0000000180069fe0 f   sfc_debug:sfcdebug.obj
 0001:00068ff0       sf_debug_step_out          0000000180069ff0 f   sfc_debug:sfcdebug.obj
 0001:00069000       sf_debug_set_disable_all_breakpoints 000000018006a000 f   sfc_debug:sfcdebug.obj
 0001:00069010       sf_debug_disable_all_breakpoints_and_go 000000018006a010 f   sfc_debug:sfcdebug.obj
 0001:00069020       sf_debug_break_on_chart_entry 000000018006a020 f   sfc_debug:sfcdebug.obj
 0001:00069030       sf_debug_break_on_event_broadcast 000000018006a030 f   sfc_debug:sfcdebug.obj
 0001:00069040       sf_debug_break_on_state_entry 000000018006a040 f   sfc_debug:sfcdebug.obj
 0001:00069050       sf_debug_break_between_times 000000018006a050 f   sfc_debug:sfcdebug.obj
 0001:00069070       sf_debug_browse_data       000000018006a070 f   sfc_debug:sfcdebug.obj
 0001:00069090       sf_debug_watch_data        000000018006a090 f   sfc_debug:sfcdebug.obj
 0001:000690b0       sf_debug_assign_data       000000018006a0b0 f   sfc_debug:sfcdebug.obj
 0001:000690d0       sf_debug_whos              000000018006a0d0 f   sfc_debug:sfcdebug.obj
 0001:000690f0       sf_debug_get_consistency_info 000000018006a0f0 f   sfc_debug:sfcdebug.obj
 0001:00069100       sf_debug_browse_trace      000000018006a100 f   sfc_debug:sfcdebug.obj
 0001:00069110       sf_debug_set_breakpoints   000000018006a110 f   sfc_debug:sfcdebug.obj
 0001:00069270       sf_debug_set_eml_breakpoints 000000018006a270 f   sfc_debug:sfcdebug.obj
 0001:000693d0       sf_debug_set_script_breakpoints 000000018006a3d0 f   sfc_debug:sfcdebug.obj
 0001:00069450       sf_debug_add_script_breakpoints 000000018006a450 f   sfc_debug:sfcdebug.obj
 0001:000694c0       sf_debug_clear_script_breakpoints 000000018006a4c0 f   sfc_debug:sfcdebug.obj
 0001:00069530       sf_debug_query_script_breakpoints 000000018006a530 f   sfc_debug:sfcdebug.obj
 0001:000695f0       sf_debug_get_eml_script_id 000000018006a5f0 f   sfc_debug:sfcdebug.obj
 0001:00069640       sf_debug_set_watch         000000018006a640 f   sfc_debug:sfcdebug.obj
 0001:00069870       sf_debug_get_coverage      000000018006a870 f   sfc_debug:sfcdebug.obj
 0001:00069880       sf_debug_get_instance_handle 000000018006a880 f   sfc_debug:sfcdebug.obj
 0001:00069910       sf_debug_get_active_states 000000018006a910 f   sfc_debug:sfcdebug.obj
 0001:00069920       sf_debug_get_animation     000000018006a920 f   sfc_debug:sfcdebug.obj
 0001:00069930       sf_debug_set_animation     000000018006a930 f   sfc_debug:sfcdebug.obj
 0001:00069940       sf_debug_animate           000000018006a940 f   sfc_debug:sfcdebug.obj
 0001:00069970       sf_debug_cycle_detection_check 000000018006a970 f   sfc_debug:sfcdebug.obj
 0001:00069980       sf_debug_data_range_check  000000018006a980 f   sfc_debug:sfcdebug.obj
 0001:00069990       sf_debug_transition_conflict_check 000000018006a990 f   sfc_debug:sfcdebug.obj
 0001:000699a0       sf_debug_state_consistency_check 000000018006a9a0 f   sfc_debug:sfcdebug.obj
 0001:000699b0       sf_debug_data_range_check_enabled 000000018006a9b0 f   sfc_debug:sfcdebug.obj
 0001:000699d0       sf_debug_transition_conflict_check_enabled 000000018006a9d0 f   sfc_debug:sfcdebug.obj
 0001:000699f0       sf_debug_transition_conflict_check_begin 000000018006a9f0 f   sfc_debug:sfcdebug.obj
 0001:00069a10       sf_debug_transition_conflict_check_end 000000018006aa10 f   sfc_debug:sfcdebug.obj
 0001:00069a30       sf_debug_stop_debugging    000000018006aa30 f   sfc_debug:sfcdebug.obj
 0001:00069a60       sf_debug_is_cycle_detected 000000018006aa60 f   sfc_debug:sfcdebug.obj
 0001:00069a70       sf_debug_is_array_bounds_detected 000000018006aa70 f   sfc_debug:sfcdebug.obj
 0001:00069a80       sf_debug_get_state_vectors_data_size 000000018006aa80 f   sfc_debug:sfcdebug.obj
 0001:00069ac0       sf_debug_get_state_vectors_data 000000018006aac0 f   sfc_debug:sfcdebug.obj
 0001:00069bc0       sf_debug_set_state_vectors_data 000000018006abc0 f   sfc_debug:sfcdebug.obj
 0001:00069e80       sf_debug_get_script_index  000000018006ae80 f   sfc_debug:sfcdebug.obj
 0001:0006a010       sf_debug_add_script        000000018006b010 f   sfc_debug:sfcdebug.obj
 0001:0006a1a0       cv_eval_point              000000018006b1a0 f   sfc_debug:sfcdebug.obj
 0001:0006a310       sf_debug_cv_init_state     000000018006b310 f   sfc_debug:sfcdebug.obj
 0001:0006a430       sf_debug_cv_init_chart     000000018006b430 f   sfc_debug:sfcdebug.obj
 0001:0006a510       sf_debug_cv_init_trans     000000018006b510 f   sfc_debug:sfcdebug.obj
 0001:0006a680       cv_eml_init_script         000000018006b680 f   sfc_debug:sfcdebug.obj
 0001:0006a760       cv_eml_init_fcn            000000018006b760 f   sfc_debug:sfcdebug.obj
 0001:0006a810       cv_eml_init_testobjective  000000018006b810 f   sfc_debug:sfcdebug.obj
 0001:0006a8c0       cv_eml_init_if             000000018006b8c0 f   sfc_debug:sfcdebug.obj
 0001:0006a970       cv_eml_init_for            000000018006b970 f   sfc_debug:sfcdebug.obj
 0001:0006aa20       cv_eml_init_while          000000018006ba20 f   sfc_debug:sfcdebug.obj
 0001:0006aad0       cv_eml_init_mcdc           000000018006bad0 f   sfc_debug:sfcdebug.obj
 0001:0006abd0       cv_eml_init_switch         000000018006bbd0 f   sfc_debug:sfcdebug.obj
 0001:0006acb0       cv_eml_eval                000000018006bcb0 f   sfc_debug:sfcdebug.obj
 0001:0006ad90       sf_debug_bm_is_a_eml_breakpoint 000000018006bd90 f   sfc_debug:sfcdebug.obj
 0001:0006aee0       sf_debug_temporal_threshold 000000018006bee0 f   sfc_debug:sfcdebug.obj
 0001:0006b240       sf_debug_transition_conflict_error 000000018006c240 f   sfc_debug:sfcdebug.obj
 0001:0006b5c0       sf_debug_state_inconsistency_error 000000018006c5c0 f   sfc_debug:sfcdebug.obj
 0001:0006b6e0       sf_debug_check_for_state_inconsistency 000000018006c6e0 f   sfc_debug:sfcdebug.obj
 0001:0006b710       sf_debug_cycle_detecton_error 000000018006c710 f   sfc_debug:sfcdebug.obj
 0001:0006bf00       sf_debug_size_eq_check_1d  000000018006cf00 f   sfc_debug:sfcdebug.obj
 0001:0006bf20       sf_debug_size_eq_check_nd  000000018006cf20 f   sfc_debug:sfcdebug.obj
 0001:0006c100       sf_debug_dim_size_eq_check 000000018006d100 f   sfc_debug:sfcdebug.obj
 0001:0006c130       sf_debug_dim_size_geq_check 000000018006d130 f   sfc_debug:sfcdebug.obj
 0001:0006c160       sf_debug_sub_assign_size_check_nd 000000018006d160 f   sfc_debug:sfcdebug.obj
 0001:0006c3a0       sf_debug_matrix_matrix_index_check 000000018006d3a0 f   sfc_debug:sfcdebug.obj
 0001:0006c3d0       sf_debug_vector_vector_index_check 000000018006d3d0 f   sfc_debug:sfcdebug.obj
 0001:0006c400       sf_debug_runtime_error_msgid 000000018006d400 f   sfc_debug:sfcdebug.obj
 0001:0006c490       sf_debug_data_array_bounds_error_check 000000018006d490 f   sfc_debug:sfcdebug.obj
 0001:0006c5a0       sf_debug_eml_data_array_bounds_error_check 000000018006d5a0 f   sfc_debug:sfcdebug.obj
 0001:0006ca80       sf_debug_integer_check     000000018006da80 f   sfc_debug:sfcdebug.obj
 0001:0006cb60       sf_debug_not_nan_check     000000018006db60 f   sfc_debug:sfcdebug.obj
 0001:0006cc20       sf_debug_non_negative_check 000000018006dc20 f   sfc_debug:sfcdebug.obj
 0001:0006cce0       sf_debug_overflow_detection 000000018006dce0 f   sfc_debug:sfcdebug.obj
 0001:0006d3d0       sf_debug_cast_to_real32_T  000000018006e3d0 f   sfc_debug:sfcdebug.obj
 0001:0006d490       sf_debug_cast_to_int8_T    000000018006e490 f   sfc_debug:sfcdebug.obj
 0001:0006d550       sf_debug_cast_to_uint8_T   000000018006e550 f   sfc_debug:sfcdebug.obj
 0001:0006d610       sf_debug_cast_to_int16_T   000000018006e610 f   sfc_debug:sfcdebug.obj
 0001:0006d6d0       sf_debug_cast_to_uint16_T  000000018006e6d0 f   sfc_debug:sfcdebug.obj
 0001:0006d790       sf_debug_cast_to_int32_T   000000018006e790 f   sfc_debug:sfcdebug.obj
 0001:0006d850       sf_debug_cast_to_uint32_T  000000018006e850 f   sfc_debug:sfcdebug.obj
 0001:0006d910       sf_debug_data_range_error  000000018006e910 f   sfc_debug:sfcdebug.obj
 0001:0006dd90       sf_debug_data_range_error_wrapper_min_max 000000018006ed90 f   sfc_debug:sfcdebug.obj
 0001:0006de80       sf_debug_data_range_error_wrapper_min 000000018006ee80 f   sfc_debug:sfcdebug.obj
 0001:0006df60       sf_debug_data_range_error_wrapper_max 000000018006ef60 f   sfc_debug:sfcdebug.obj
 0001:0006e040       sf_debug_data_range_wrapper 000000018006f040 f   sfc_debug:sfcdebug.obj
 0001:0006e0f0       sf_debug_set_current_status_info 000000018006f0f0 f   sfc_debug:sfcdebug.obj
 0001:0006e4a0       sf_debug_call              000000018006f4a0 f   sfc_debug:sfcdebug.obj
 0001:0006f360       sf_debug_initialize_machine 0000000180070360 f   sfc_debug:sfcdebug.obj
 0001:0006f670       sf_debug_initialize_chart  0000000180070670 f   sfc_debug:sfcdebug.obj
 0001:0006fb50       sf_debug_ensure_script     0000000180070b50 f   sfc_debug:sfcdebug.obj
 0001:0006fc10       cv_script_init_script      0000000180070c10 f   sfc_debug:sfcdebug.obj
 0001:0006fcf0       cv_script_init_fcn         0000000180070cf0 f   sfc_debug:sfcdebug.obj
 0001:0006fda0       cv_script_init_testobjective 0000000180070da0 f   sfc_debug:sfcdebug.obj
 0001:0006fe50       cv_script_init_if          0000000180070e50 f   sfc_debug:sfcdebug.obj
 0001:0006ff00       cv_script_init_for         0000000180070f00 f   sfc_debug:sfcdebug.obj
 0001:0006ffb0       cv_script_init_while       0000000180070fb0 f   sfc_debug:sfcdebug.obj
 0001:00070060       cv_script_init_mcdc        0000000180071060 f   sfc_debug:sfcdebug.obj
 0001:00070160       cv_script_init_switch      0000000180071160 f   sfc_debug:sfcdebug.obj
 0001:00070240       cv_script_eval             0000000180071240 f   sfc_debug:sfcdebug.obj
 0001:00070320       eml_debug_line_call        0000000180071320 f   sfc_debug:sfcdebug.obj
 0001:000704d0       sf_debug_terminate         00000001800714d0 f   sfc_debug:sfcdebug.obj
 0001:00070640       sf_debug_set_script_cv_ids 0000000180071640 f   sfc_debug:sfcdebug.obj
 0001:00070810       sf_debug_api               0000000180071810 f   sfc_debug:sfc_api.obj
 0001:00072040       sf_debug_sm_terminate      0000000180073040 f   sfc_debug:sfdb_animation.obj
 0001:00072200       sf_debug_reset_path_objects 0000000180073200 f   sfc_debug:sfdb_animation.obj
 0001:00072280       sf_debug_sm_reset_object_selection_status 0000000180073280 f   sfc_debug:sfdb_animation.obj
 0001:00072320       sf_debug_sm_reset_state_buffer 0000000180073320 f   sfc_debug:sfdb_animation.obj
 0001:000723f0       sf_debug_sm_store_state_buffer 00000001800733f0 f   sfc_debug:sfdb_animation.obj
 0001:00072470       sf_debug_sm_restore_state_buffer1 0000000180073470 f   sfc_debug:sfdb_animation.obj
 0001:000724e0       sf_debug_sm_restore_state_buffer2 00000001800734e0 f   sfc_debug:sfdb_animation.obj
 0001:00072550       sf_debug_sm_chart_active   0000000180073550 f   sfc_debug:sfdb_animation.obj
 0001:000725a0       sf_debug_sm_select_active_objects 00000001800735a0 f   sfc_debug:sfdb_animation.obj
 0001:00072a50       sf_debug_sm_is_chart_active 0000000180073a50 f   sfc_debug:sfdb_animation.obj
 0001:00072a90       sf_debug_sm_is_state_active 0000000180073a90 f   sfc_debug:sfdb_animation.obj
 0001:00072cd0       sf_debug_sm_get_active_states 0000000180073cd0 f   sfc_debug:sfdb_animation.obj
 0001:00073290       sf_debug_sm_initialize_instance 0000000180074290 f   sfc_debug:sfdb_animation.obj
 0001:000734e0       sf_debug_sm_change_object_selection_status 00000001800744e0 f   sfc_debug:sfdb_animation.obj
 0001:000737d0       cv_create_interface        00000001800747d0 f   sfc_debug:cv_sfinterface.obj
 0001:00073b30       cv_init_trans              0000000180074b30 f   sfc_debug:cv_sfinterface.obj
 0001:00073b80       cv_init_state              0000000180074b80 f   sfc_debug:cv_sfinterface.obj
 0001:00073bf0       cv_init_chart              0000000180074bf0 f   sfc_debug:cv_sfinterface.obj
 0001:00073c40       cv_dec_update_call         0000000180074c40 f   sfc_debug:cv_sfinterface.obj
 0001:00073c80       cv_cond_update_call        0000000180074c80 f   sfc_debug:cv_sfinterface.obj
 0001:00073cc0       cv_sigrange_update         0000000180074cc0 f   sfc_debug:cv_sfinterface.obj
 0001:00073d00       cvsf_eml_eval              0000000180074d00 f   sfc_debug:cv_sfinterface.obj
 0001:00073de0       cvsf_eml_init_script       0000000180074de0 f   sfc_debug:cv_sfinterface.obj
 0001:00073e60       cvsf_eml_init_fcn          0000000180074e60 f   sfc_debug:cv_sfinterface.obj
 0001:00073ec0       cvsf_eml_init_testobjective 0000000180074ec0 f   sfc_debug:cv_sfinterface.obj
 0001:00073f20       cvsf_eml_init_if           0000000180074f20 f   sfc_debug:cv_sfinterface.obj
 0001:00073f80       cvsf_eml_init_for          0000000180074f80 f   sfc_debug:cv_sfinterface.obj
 0001:00073fd0       cvsf_eml_init_while        0000000180074fd0 f   sfc_debug:cv_sfinterface.obj
 0001:00074020       cvsf_eml_init_mcdc         0000000180075020 f   sfc_debug:cv_sfinterface.obj
 0001:000740b0       cvsf_eml_init_switch       00000001800750b0 f   sfc_debug:cv_sfinterface.obj
 0001:00074120       cvsf_script_eval           0000000180075120 f   sfc_debug:cv_sfinterface.obj
 0001:00074200       cvsf_script_init_script    0000000180075200 f   sfc_debug:cv_sfinterface.obj
 0001:00074280       cvsf_script_init_fcn       0000000180075280 f   sfc_debug:cv_sfinterface.obj
 0001:000742e0       cvsf_script_init_testobjective 00000001800752e0 f   sfc_debug:cv_sfinterface.obj
 0001:00074340       cvsf_script_init_if        0000000180075340 f   sfc_debug:cv_sfinterface.obj
 0001:000743a0       cvsf_script_init_for       00000001800753a0 f   sfc_debug:cv_sfinterface.obj
 0001:000743f0       cvsf_script_init_while     00000001800753f0 f   sfc_debug:cv_sfinterface.obj
 0001:00074440       cvsf_script_init_mcdc      0000000180075440 f   sfc_debug:cv_sfinterface.obj
 0001:000744d0       cvsf_script_init_switch    00000001800754d0 f   sfc_debug:cv_sfinterface.obj
 0001:00074540       cv_destroy_interface       0000000180075540 f   sfc_debug:cv_sfinterface.obj
 0001:00074560       cv_create_instance_objects 0000000180075560 f   sfc_debug:cv_sfinterface.obj
 0001:00074a10       cv_is_enabled              0000000180075a10 f   sfc_debug:cv_sfinterface.obj
 0001:00074a20       sf_debug_cv_initialize_script 0000000180075a20 f   sfc_debug:cv_sfinterface.obj
 0001:00074bd0       sf_debug_cv_initialize_instance 0000000180075bd0 f   sfc_debug:cv_sfinterface.obj
 0001:00074f70       sf_debug_cv_terminate_chart 0000000180075f70 f   sfc_debug:cv_sfinterface.obj
 0001:000750b0       cv_call_trans_test         00000001800760b0 f   sfc_debug:cv_sfinterface.obj
 0001:000750c0       cv_call_sub_cond_test      00000001800760c0 f   sfc_debug:cv_sfinterface.obj
 0001:000751f0       sf_debug_hm_initialize_instance 00000001800761f0 f   sfc_debug:sfdb_handle_management.obj
 0001:00075770       sf_debug_hm_get_object_id  0000000180076770 f   sfc_debug:sfdb_handle_management.obj
 0001:000776e0       sf_debug_object_is_eml_function 00000001800786e0 f   sfc_debug:sfdb_handle_management.obj
 0001:00077750       sf_debug_hm_initialize_ids_in_machine 0000000180078750 f   sfc_debug:sfdb_handle_management.obj
 0001:000778c0       sf_debug_hm_initialize_ids_in_chart 00000001800788c0 f   sfc_debug:sfdb_handle_management.obj
 0001:00077a00       sf_debug_hm_initialize_chart 0000000180078a00 f   sfc_debug:sfdb_handle_management.obj
 0001:000781b0       sf_debug_hm_terminate      00000001800791b0 f   sfc_debug:sfdb_handle_management.obj
 0001:00078210       sf_debug_hm_initialize_machine 0000000180079210 f   sfc_debug:sfdb_handle_management.obj
 0001:000789c0       sf_debug_st_initialize_machine 00000001800799c0 f   sfc_debug:sfdb_data_browse.obj
 0001:00078a80       sf_debug_st_initialize_instance 0000000180079a80 f   sfc_debug:sfdb_data_browse.obj
 0001:00078cb0       sf_debug_st_terminate      0000000180079cb0 f   sfc_debug:sfdb_data_browse.obj
 0001:00079050       sf_debug_st_set_data_value_ptr_in_machine 000000018007a050 f   sfc_debug:sfdb_data_browse.obj
 0001:000790e0       sf_debug_st_set_data_value_ptr_in_instance 000000018007a0e0 f   sfc_debug:sfdb_data_browse.obj
 0001:000791c0       sf_debug_st_unset_data_value_ptr_in_machine 000000018007a1c0 f   sfc_debug:sfdb_data_browse.obj
 0001:00079230       sf_debug_st_unset_data_value_ptr_in_instance 000000018007a230 f   sfc_debug:sfdb_data_browse.obj
 0001:00079540       sf_debug_mx_value          000000018007a540 f   sfc_debug:sfdb_data_browse.obj
 0001:000795a0       sf_debug_mx_packed_vector  000000018007a5a0 f   sfc_debug:sfdb_data_browse.obj
 0001:00079680       sf_debug_mx_uint_vector    000000018007a680 f   sfc_debug:sfdb_data_browse.obj
 0001:00079740       sf_debug_st_get_double_value_from_void_ptr_vector 000000018007a740 f   sfc_debug:sfdb_data_browse.obj
 0001:0007a230       sf_debug_st_browse_data    000000018007b230 f   sfc_debug:sfdb_data_browse.obj
 0001:0007a9d0       sf_debug_ss_initialize     000000018007b9d0 f   sfc_debug:sfdb_symbol_scope.obj
 0001:0007a9f0       sf_debug_ss_terminate      000000018007b9f0 f   sfc_debug:sfdb_symbol_scope.obj
 0001:0007aa80       sf_debug_ss_push_symbol_scope 000000018007ba80 f   sfc_debug:sfdb_symbol_scope.obj
 0001:0007ab80       sf_debug_ss_push_symbol_scope_eml 000000018007bb80 f   sfc_debug:sfdb_symbol_scope.obj
 0001:0007abe0       sf_debug_ss_pop_symbol_scope 000000018007bbe0 f   sfc_debug:sfdb_symbol_scope.obj
 0001:0007ac90       sf_debug_ss_add_symbol     000000018007bc90 f   sfc_debug:sfdb_symbol_scope.obj
 0001:0007adf0       sf_debug_ss_add_symbol_eml 000000018007bdf0 f   sfc_debug:sfdb_symbol_scope.obj
 0001:0007bad0       sf_debug_ss_set_data_value 000000018007cad0 f   sfc_debug:sfdb_symbol_scope.obj
 0001:0007bf70       sf_debug_ss_watch_data     000000018007cf70 f   sfc_debug:sfdb_symbol_scope.obj
 0001:0007c010       sf_debug_ss_assign_data    000000018007d010 f   sfc_debug:sfdb_symbol_scope.obj
 0001:0007ca10       get_data_entry_name        000000018007da10 f   sfc_debug:sfdb_symbol_scope.obj
 0001:0007ca60       sf_debug_ss_whos           000000018007da60 f   sfc_debug:sfdb_symbol_scope.obj
 0001:0007d170       sf_debug_cc_initialize_chart 000000018007e170 f   sfc_debug:sfdb_coverage.obj
 0001:0007db60       sf_debug_cc_initialize_instance 000000018007eb60 f   sfc_debug:sfdb_coverage.obj
 0001:0007e960       sf_debug_cc_terminate      000000018007f960 f   sfc_debug:sfdb_coverage.obj
 0001:0007ea50       sf_debug_cc_set_transition_maps 000000018007fa50 f   sfc_debug:sfdb_coverage.obj
 0001:0007eb80       sf_debug_cc_set_state_maps 000000018007fb80 f   sfc_debug:sfdb_coverage.obj
 0001:0007ec60       sf_debug_cc_set_transition_weights 000000018007fc60 f   sfc_debug:sfdb_coverage.obj
 0001:0007ef30       sf_debug_cc_set_state_weights 000000018007ff30 f   sfc_debug:sfdb_coverage.obj
 0001:0007f200       sf_debug_cc_mark_transition_guard 0000000180080200 f   sfc_debug:sfdb_coverage.obj
 0001:0007f290       sf_debug_cc_mark_transition_trigger 0000000180080290 f   sfc_debug:sfdb_coverage.obj
 0001:0007f320       sf_debug_cc_mark_transition_decision 0000000180080320 f   sfc_debug:sfdb_coverage.obj
 0001:0007f390       sf_debug_cc_mark_transition_condition_action 0000000180080390 f   sfc_debug:sfdb_coverage.obj
 0001:0007f3e0       sf_debug_cc_mark_transition_transition_action 00000001800803e0 f   sfc_debug:sfdb_coverage.obj
 0001:0007f430       sf_debug_cc_mark_state_entry 0000000180080430 f   sfc_debug:sfdb_coverage.obj
 0001:0007f480       sf_debug_cc_mark_state_during 0000000180080480 f   sfc_debug:sfdb_coverage.obj
 0001:0007f4d0       sf_debug_cc_mark_state_exit 00000001800804d0 f   sfc_debug:sfdb_coverage.obj
 0001:0007fd10       sf_debug_cc_get_coverage   0000000180080d10 f   sfc_debug:sfdb_coverage.obj
 0001:000802b0       sf_debug_bm_clear_script_breakpoints 00000001800812b0 f   sfc_debug:sfdb_breakpoints.obj
 0001:000802e0       sf_debug_bm_set_script_breakpoint 00000001800812e0 f   sfc_debug:sfdb_breakpoints.obj
 0001:00080360       sf_debug_bm_clear_single_script_breakpoint 0000000180081360 f   sfc_debug:sfdb_breakpoints.obj
 0001:000803e0       sf_debug_bm_query_script_breakpoint 00000001800813e0 f   sfc_debug:sfdb_breakpoints.obj
 0001:00080430       sf_debug_bm_initialize_scripts 0000000180081430 f   sfc_debug:sfdb_breakpoints.obj
 0001:00080b50       sf_debug_bm_terminate      0000000180081b50 f   sfc_debug:sfdb_breakpoints.obj
 0001:00080e40       sf_debug_bm_remove_all_breakpoints_in_machine 0000000180081e40 f   sfc_debug:sfdb_breakpoints.obj
 0001:00080eb0       sf_debug_bm_remove_all_breakpoints_in_chart 0000000180081eb0 f   sfc_debug:sfdb_breakpoints.obj
 0001:00081000       sf_debug_bm_initialize_global_breakpoints 0000000180082000 f   sfc_debug:sfdb_breakpoints.obj
 0001:00081180       sf_debug_bm_set_breakpoint 0000000180082180 f   sfc_debug:sfdb_breakpoints.obj
 0001:000817b0       sf_debug_bm_set_eml_breakpoint 00000001800827b0 f   sfc_debug:sfdb_breakpoints.obj
 0001:00081850       sf_debug_bm_initialize_machine_breakpoint_map 0000000180082850 f   sfc_debug:sfdb_breakpoints.obj
 0001:00081c70       sf_debug_bm_is_a_breakpoint 0000000180082c70 f   sfc_debug:sfdb_breakpoints.obj
 0001:00082190       sf_debug_bm_get_all_breakpoints_in_machine 0000000180083190 f   sfc_debug:sfdb_breakpoints.obj
 0001:00082490       sf_debug_bm_get_all_breakpoints_in_chart 0000000180083490 f   sfc_debug:sfdb_breakpoints.obj
 0001:00083150       sf_debug_bm_initialize_machine 0000000180084150 f   sfc_debug:sfdb_breakpoints.obj
 0001:00083220       sf_debug_bm_initialize_chart 0000000180084220 f   sfc_debug:sfdb_breakpoints.obj
 0001:00083640       sf_debug_sc_terminate      0000000180084640 f   sfc_debug:sfdb_state_consistency.obj
 0001:00083970       sf_debug_sc_is_chart_consistent 0000000180084970 f   sfc_debug:sfdb_state_consistency.obj
 0001:00083c20       sf_debug_sc_get_consistency_error_info 0000000180084c20 f   sfc_debug:sfdb_state_consistency.obj
 0001:00084070       sf_debug_tm_terminate      0000000180085070 f   sfc_debug:sfdb_call_stack.obj
 0001:00084130       sf_debug_tm_push_chart_instance 0000000180085130 f   sfc_debug:sfdb_call_stack.obj
 0001:00084280       sf_debug_tm_pop_chart_instance 0000000180085280 f   sfc_debug:sfdb_call_stack.obj
 0001:000842e0       sf_debug_tm_push_trace_node 00000001800852e0 f   sfc_debug:sfdb_call_stack.obj
 0001:00084470       sf_debug_tm_pop_trace_node 0000000180085470 f   sfc_debug:sfdb_call_stack.obj
 0001:000844f0       sf_debug_tm_get_current_global_trace_index 00000001800854f0 f   sfc_debug:sfdb_call_stack.obj
 0001:00084500       sf_debug_tm_get_current_local_trace_index 0000000180085500 f   sfc_debug:sfdb_call_stack.obj
 0001:00084530       sf_debug_tm_set_cycle_detected_flag 0000000180085530 f   sfc_debug:sfdb_call_stack.obj
 0001:00084570       sf_debug_tm_set_cycle_started_flag 0000000180085570 f   sfc_debug:sfdb_call_stack.obj
 0001:000845b0       sf_debug_tm_get_chart_number_from_stack 00000001800855b0 f   sfc_debug:sfdb_call_stack.obj
 0001:000847b0       sf_debug_tm_browse_trace   00000001800857b0 f   sfc_debug:sfdb_call_stack.obj
 0001:00084af0       sf_debug_cd_initialize_instance 0000000180085af0 f   sfc_debug:sfdb_cycle_detection.obj
 0001:00084da0       sf_debug_cd_mark_processed_transition_in_instance 0000000180085da0 f   sfc_debug:sfdb_cycle_detection.obj
 0001:00084e40       sf_debug_cd_checksum_push  0000000180085e40 f   sfc_debug:sfdb_cycle_detection.obj
 0001:00085100       sf_debug_cd_checksum_pop   0000000180086100 f   sfc_debug:sfdb_cycle_detection.obj
 0001:00085170       sf_debug_cd_turn_off_cycle_detection 0000000180086170 f   sfc_debug:sfdb_cycle_detection.obj
 0001:000851c0       sf_debug_cd_terminate      00000001800861c0 f   sfc_debug:sfdb_cycle_detection.obj
 0001:00085400       md5_initialize_state       0000000180086400 f   sfc_debug:ckmd5.obj
 0001:00085e70       md5_update_state           0000000180086e70 f   sfc_debug:ckmd5.obj
 0001:00085e90       md5_get_hash               0000000180086e90 f   sfc_debug:ckmd5.obj
 0001:00085ec0       md5_get_hash_for_a_single_string 0000000180086ec0 f   sfc_debug:ckmd5.obj
 0001:00085f24       mxGetPr                    0000000180086f24 f   libmx:libmx.dll
 0001:00085f2a       mxCreateDoubleScalar       0000000180086f2a f   libmx:libmx.dll
 0001:00085f30       mxSetField_730             0000000180086f30 f   libmx:libmx.dll
 0001:00085f36       mxCreateDoubleMatrix_730   0000000180086f36 f   libmx:libmx.dll
 0001:00085f3c       mxCreateStructMatrix_730   0000000180086f3c f   libmx:libmx.dll
 0001:00085f42       mxDestroyArray             0000000180086f42 f   libmx:libmx.dll
 0001:00085f48       mxCreateString             0000000180086f48 f   libmx:libmx.dll
 0001:00085f4e       mxDuplicateArray           0000000180086f4e f   libmx:libmx.dll
 0001:00085f54       mxGetString_730            0000000180086f54 f   libmx:libmx.dll
 0001:00085f5a       mxIsChar                   0000000180086f5a f   libmx:libmx.dll
 0001:00085f60       mxGetClassID               0000000180086f60 f   libmx:libmx.dll
 0001:00085f66       mxIsNumeric                0000000180086f66 f   libmx:libmx.dll
 0001:00085f6c       mxIsComplex                0000000180086f6c f   libmx:libmx.dll
 0001:00085f72       mxGetN                     0000000180086f72 f   libmx:libmx.dll
 0001:00085f78       mxGetM                     0000000180086f78 f   libmx:libmx.dll
 0001:00085f7e       mxCalloc                   0000000180086f7e f   libmx:libmx.dll
 0001:00085f84       mxGetScalar                0000000180086f84 f   libmx:libmx.dll
 0001:00085f8a       mxIsLogical                0000000180086f8a f   libmx:libmx.dll
 0001:00085f90       mxCreateDoubleMatrix_700   0000000180086f90 f   libmx:libmx.dll
 0001:00085f96       mxFree                     0000000180086f96 f   libmx:libmx.dll
 0001:00085f9c       mxArrayToString            0000000180086f9c f   libmx:libmx.dll
 0001:00085fa2       mxCreateCellMatrix_700     0000000180086fa2 f   libmx:libmx.dll
 0001:00085fa8       mxSetCell_700              0000000180086fa8 f   libmx:libmx.dll
 0001:00085fae       mxGetCell_700              0000000180086fae f   libmx:libmx.dll
 0001:00085fb4       mxGetClassName             0000000180086fb4 f   libmx:libmx.dll
 0001:00085fba       mxSetField_700             0000000180086fba f   libmx:libmx.dll
 0001:00085fc0       mxAddField                 0000000180086fc0 f   libmx:libmx.dll
 0001:00085fc6       mxGetField_700             0000000180086fc6 f   libmx:libmx.dll
 0001:00085fcc       mxGetNumberOfElements      0000000180086fcc f   libmx:libmx.dll
 0001:00085fd2       mxIsStruct                 0000000180086fd2 f   libmx:libmx.dll
 0001:00085fd8       mxIsClass                  0000000180086fd8 f   libmx:libmx.dll
 0001:00085fde       mxGetLogicals              0000000180086fde f   libmx:libmx.dll
 0001:00085fe4       mxIsSparse                 0000000180086fe4 f   libmx:libmx.dll
 0001:00085fea       mxSetFieldByNumber_700     0000000180086fea f   libmx:libmx.dll
 0001:00085ff0       mxGetFieldByNumber_700     0000000180086ff0 f   libmx:libmx.dll
 0001:00085ff6       mxGetFieldNameByNumber     0000000180086ff6 f   libmx:libmx.dll
 0001:00085ffc       mxGetNumberOfFields        0000000180086ffc f   libmx:libmx.dll
 0001:00086002       mxCreateStructMatrix_700   0000000180087002 f   libmx:libmx.dll
 0001:00086008       mxGetFieldNumber           0000000180087008 f   libmx:libmx.dll
 0001:0008600e       mxIsNaN                    000000018008700e f   libmx:libmx.dll
 0001:00086014       mxIsEmpty                  0000000180087014 f   libmx:libmx.dll
 0001:0008601a       mxGetData                  000000018008701a f   libmx:libmx.dll
 0001:00086020       mxGetImagData              0000000180087020 f   libmx:libmx.dll
 0001:00086026       mxArrayClassIDName         0000000180087026 f   libmx:libmx.dll
 0001:0008602c       mxCreateNumericMatrix_700  000000018008702c f   libmx:libmx.dll
 0001:00086032       mxCreateStructArray_700    0000000180087032 f   libmx:libmx.dll
 0001:00086038       mxCalcSingleSubscript_700  0000000180087038 f   libmx:libmx.dll
 0001:0008603e       mxGetDimensions_700        000000018008703e f   libmx:libmx.dll
 0001:00086044       mxGetNumberOfDimensions_700 0000000180087044 f   libmx:libmx.dll
 0001:0008604a       mxCreateNumericArray_700   000000018008704a f   libmx:libmx.dll
 0001:00086050       mxGetElementSize           0000000180087050 f   libmx:libmx.dll
 0001:00086056       mxCreateStringFromNChars_700 0000000180087056 f   libmx:libmx.dll
 0001:0008605c       mxGetString_700            000000018008705c f   libmx:libmx.dll
 0001:00086062       mxIsLogicalScalarTrue      0000000180087062 f   libmx:libmx.dll
 0001:00086068       mxCreateLogicalScalar      0000000180087068 f   libmx:libmx.dll
 0001:0008606e       mexUnlock                  000000018008706e f   libmex:libmex.dll
 0001:00086074       mexIsLocked                0000000180087074 f   libmex:libmex.dll
 0001:0008607a       mexWarnMsgTxt              000000018008707a f   libmex:libmex.dll
 0001:00086080       mexCallMATLAB              0000000180087080 f   libmex:libmex.dll
 0001:00086086       mexErrMsgTxt               0000000180087086 f   libmex:libmex.dll
 0001:0008608c       mexSetTrapFlag             000000018008708c f   libmex:libmex.dll
 0001:00086092       mexMakeArrayPersistent     0000000180087092 f   libmex:libmex.dll
 0001:00086098       mexPutVariable             0000000180087098 f   libmex:libmex.dll
 0001:0008609e       mexGetVariable             000000018008709e f   libmex:libmex.dll
 0001:000860a4       mexLock                    00000001800870a4 f   libmex:libmex.dll
 0001:000860aa       mexMakeMemoryPersistent    00000001800870aa f   libmex:libmex.dll
 0001:000860b0       mexFunctionName            00000001800870b0 f   libmex:libmex.dll
 0001:000860b6       ssRegisterDataTypeFxpFSlopeFixExpBias 00000001800870b6 f   libfixedpoint:libfixedpoint.dll
 0001:000860bc       utVSNprintf                00000001800870bc f   libut:libut.dll
 0001:000860c2       utCPUtime                  00000001800870c2 f   libut:libut.dll
 0001:000860c8       utFree                     00000001800870c8 f   libut:libut.dll
 0001:000860ce       utMalloc                   00000001800870ce f   libut:libut.dll
 0001:000860d4       muDoubleScalarSqrt         00000001800870d4 f   libmwmathutil:libmwmathutil.dll
 0001:000860da       muDoubleScalarPower        00000001800870da f   libmwmathutil:libmwmathutil.dll
 0001:000860e0       muDoubleScalarFloor        00000001800870e0 f   libmwmathutil:libmwmathutil.dll
 0001:000860e6       muDoubleScalarAbs          00000001800870e6 f   libmwmathutil:libmwmathutil.dll
 0001:000860ec       muDoubleScalarSin          00000001800870ec f   libmwmathutil:libmwmathutil.dll
 0001:000860f2       muDoubleScalarAtan2        00000001800870f2 f   libmwmathutil:libmwmathutil.dll
 0001:000860f8       muDoubleScalarCos          00000001800870f8 f   libmwmathutil:libmwmathutil.dll
 0001:000860fe       emlrtCheckBuiltInCtxR2011a 00000001800870fe f   libemlrt:libemlrt.dll
 0001:00086104       emlrtCheckVsBuiltInCtxR2011a 0000000180087104 f   libemlrt:libemlrt.dll
 0001:0008610a       emlrtCheckEnumR2009a       000000018008710a f   libemlrt:libemlrt.dll
 0001:00086110       emlrtCreateEnumR2010a      0000000180087110 f   libemlrt:libemlrt.dll
 0001:00086116       emlrtGetEnumElementR2009a  0000000180087116 f   libemlrt:libemlrt.dll
 0001:0008611c       emlrtCreateReference       000000018008711c f   libemlrt:libemlrt.dll
 0001:00086122       emlrtImportVsFiArrayR2009b 0000000180087122 f   libemlrt:libemlrt.dll
 0001:00086128       emlrtExtractMessageId      0000000180087128 f   libemlrt:libemlrt.dll
 0001:0008612e       emlrtTranslateMessageIDtoLCPstring 000000018008712e f   libemlrt:libemlrt.dll
 0001:00086134       emlrtGetEnumUnderlyingArrayR2009a 0000000180087134 f   libemlrt:libemlrt.dll
 0001:0008613a       emlrtIsEnumR2009a          000000018008713a f   libemlrt:libemlrt.dll
 0001:00086140       dnrm232                    0000000180087140 f   libmwblascompat32:libmwblascompat32.dll
 0001:00086146       ddot32                     0000000180087146 f   libmwblascompat32:libmwblascompat32.dll
 0001:0008614c       idamax32                   000000018008714c f   libmwblascompat32:libmwblascompat32.dll
 0001:00086152       dswap32                    0000000180087152 f   libmwblascompat32:libmwblascompat32.dll
 0001:00086158       dger32                     0000000180087158 f   libmwblascompat32:libmwblascompat32.dll
 0001:00086160       __GSHandlerCheckCommon     0000000180087160 f   MSVCRT:gshandler.obj
 0001:000861c4       __GSHandlerCheck           00000001800871c4 f   MSVCRT:gshandler.obj
 0001:00086200       __security_check_cookie    0000000180087200 f   MSVCRT:amdsecgs.obj
 0001:00086220       memset                     0000000180087220 f   MSVCRT:MSVCR100.dll
 0001:00086226       malloc                     0000000180087226 f   MSVCRT:MSVCR100.dll
 0001:0008622c       free                       000000018008722c f   MSVCRT:MSVCR100.dll
 0001:00086232       strlen                     0000000180087232 f   MSVCRT:MSVCR100.dll
 0001:00086238       strcmp                     0000000180087238 f   MSVCRT:MSVCR100.dll
 0001:0008623e       sprintf                    000000018008723e f   MSVCRT:MSVCR100.dll
 0001:00086244       strcat                     0000000180087244 f   MSVCRT:MSVCR100.dll
 0001:0008624a       memcpy                     000000018008724a f   MSVCRT:MSVCR100.dll
 0001:00086250       NtCurrentTeb               0000000180087250 f i MSVCRT:crtdll.obj
 0001:000862bc       _CRT_INIT                  00000001800872bc f   MSVCRT:crtdll.obj
 0001:00086654       _DllMainCRTStartup         0000000180087654 f   MSVCRT:crtdll.obj
 0001:00086692       strncpy                    0000000180087692 f   MSVCRT:MSVCR100.dll
 0001:000866b0       _alloca_probe              00000001800876b0     MSVCRT:chkstk.obj
 0001:000866b0       __chkstk                   00000001800876b0 f   MSVCRT:chkstk.obj
 0001:000866fe       longjmp                    00000001800876fe f   MSVCRT:MSVCR100.dll
 0001:00086704       strncmp                    0000000180087704 f   MSVCRT:MSVCR100.dll
 0001:0008670a       ceil                       000000018008770a f   MSVCRT:MSVCR100.dll
 0001:00086710       strrchr                    0000000180087710 f   MSVCRT:MSVCR100.dll
 0001:00086716       _setjmp                    0000000180087716 f   MSVCRT:MSVCR100.dll
 0001:0008671c       calloc                     000000018008771c f   MSVCRT:MSVCR100.dll
 0001:00086722       realloc                    0000000180087722 f   MSVCRT:MSVCR100.dll
 0001:00086728       ldexp                      0000000180087728 f   MSVCRT:MSVCR100.dll
 0001:00086730       __report_gsfailure         0000000180087730 f   MSVCRT:gs_report.obj
 0001:0008687c       __clean_type_info_names    000000018008787c f   MSVCRT:tncleanup.obj
 0001:00086888       _onexit                    0000000180087888 f   MSVCRT:atonexit.obj
 0001:00086938       atexit                     0000000180087938 f   MSVCRT:atonexit.obj
 0001:00086950       _RTC_Initialize            0000000180087950 f   MSVCRT:_initsect_.obj
 0001:00086988       _RTC_Terminate             0000000180087988 f   MSVCRT:_initsect_.obj
 0001:000869c0       _malloc_crt                00000001800879c0 f   MSVCRT:MSVCR100.dll
 0001:000869d0       _ValidateImageBase         00000001800879d0 f   MSVCRT:pesect.obj
 0001:00086a00       _FindPESection             0000000180087a00 f   MSVCRT:pesect.obj
 0001:00086a50       _IsNonwritableInCurrentImage 0000000180087a50 f   MSVCRT:pesect.obj
 0001:00086a92       _initterm                  0000000180087a92 f   MSVCRT:MSVCR100.dll
 0001:00086a98       _initterm_e                0000000180087a98 f   MSVCRT:MSVCR100.dll
 0001:00086a9e       _encoded_null              0000000180087a9e f   MSVCRT:MSVCR100.dll
 0001:00086aa4       _amsg_exit                 0000000180087aa4 f   MSVCRT:MSVCR100.dll
 0001:00086aaa       __C_specific_handler       0000000180087aaa f   MSVCRT:MSVCR100.dll
 0001:00086ab0       __CppXcptFilter            0000000180087ab0 f   MSVCRT:MSVCR100.dll
 0001:00086ab8       DllMain                    0000000180087ab8 f   MSVCRT:dllmain.obj
 0001:00086adc       __security_init_cookie     0000000180087adc f   MSVCRT:gs_support.obj
 0001:00086b90       __crt_debugger_hook        0000000180087b90 f   MSVCRT:MSVCR100.dll
 0001:00086b96       __clean_type_info_names_internal 0000000180087b96 f   MSVCRT:MSVCR100.dll
 0001:00086b9c       _unlock                    0000000180087b9c f   MSVCRT:MSVCR100.dll
 0001:00086ba2       __dllonexit                0000000180087ba2 f   MSVCRT:MSVCR100.dll
[...]
 0001:0005f170       ml_check_mx_array_for_single_castability 0000000180060170 f   sfc_mex:sfc_mex.obj
 0001:0005f210       ml_check_mx_array_for_logical_castability 0000000180060210 f   sfc_mex:sfc_mex.obj
 0001:0005f2b0       ml_check_mx_array_for_int8_castability 00000001800602b0 f   sfc_mex:sfc_mex.obj
 0001:0005f360       ml_check_mx_array_for_uint8_castability 0000000180060360 f   sfc_mex:sfc_mex.obj
 0001:0005f3c0       ml_check_mx_array_for_int16_castability 00000001800603c0 f   sfc_mex:sfc_mex.obj
 0001:0005f420       ml_check_mx_array_for_uint16_castability 0000000180060420 f   sfc_mex:sfc_mex.obj
 0001:0005f480       ml_check_mx_array_for_int32_castability 0000000180060480 f   sfc_mex:sfc_mex.obj
 0001:0005f4e0       ml_check_mx_array_for_uint32_castability 00000001800604e0 f   sfc_mex:sfc_mex.obj
 0001:0005f540       ml_check_mx_array_for_castability 0000000180060540 f   sfc_mex:sfc_mex.obj
 0001:0005fe70       set_data_value             0000000180060e70 f   sfc_mex:sfc_mex.obj
 0001:000601e0       get_data_value             00000001800611e0 f   sfc_mex:sfc_mex.obj
 0001:000602f0       get_next_element_address   00000001800612f0 f   sfc_mex:sfc_mex.obj
 0001:000603c0       sf_normalize_index         00000001800613c0 f   sfc_mex:sfc_mex.obj
 0001:00060750       ml_array_index_bound_check 0000000180061750 f   sfc_mex:sfc_mex.obj
 0001:00061270       mx_value                   0000000180062270 f   sfc_mex:sfc_mex.obj
 0001:000612c0       sf_create_numeric_array    00000001800622c0 f   sfc_mex:sfc_mex.obj
 0001:00061360       sf_mex_assign_to_mx_array  0000000180062360 f   sfc_mex:sfc_mex.obj
 0001:000616b0       assign_from_mx_array       00000001800626b0 f   sfc_mex:sfc_mex.obj
 0001:00061ee0       sf_mex_import_v            0000000180062ee0 f   sfc_mex:sfc_mex.obj
 0001:000624b0       get_machine_and_chart_file_number 00000001800634b0 f   sfc_mex:sfc_sf.obj
 0001:000625a0       get_sfun_block_specialization 00000001800635a0 f   sfc_mex:sfc_sf.obj
 0001:00062620       call_sf_machine_global_method_dispatcher 0000000180063620 f   sfc_mex:sfc_sf.obj
 0001:00062850       mdl_zeroCrossings_processing 0000000180063850 f   sfc_mex:sfc_sf.obj
 0001:00062920       mdl_derivatives_processing 0000000180063920 f   sfc_mex:sfc_sf.obj
 0001:00062be0       mdl_outputs_continuous_legacy 0000000180063be0 f   sfc_mex:sfc_sf.obj
 0001:00062c60       mdl_outputs_processing     0000000180063c60 f   sfc_mex:sfc_sf.obj
 0001:00062e90       mdl_enable_processing      0000000180063e90 f   sfc_mex:sfc_sf.obj
 0001:00062f60       mdl_disable_processing     0000000180063f60 f   sfc_mex:sfc_sf.obj
 0001:000638b0       write_symbol_mapping       00000001800648b0 f   sfc_mex:sfc_sf.obj
 0001:00063fd0       sf_call_output_fcn_enable_disable 0000000180064fd0 f   sfc_mex:sfc_sf.obj
 0001:00064250       set_dwork_information_from_mx_array 0000000180065250 f   sfc_mex:sfc_sf.obj
 0001:00064b40       ptr2mxStruct               0000000180065b40 f   sfc_mex:sfc_sf.obj
 0001:00064e50       SNPRINTF_WRAPPER           0000000180065e50 f   sfc_debug:sfcdebug.obj
 0001:00064e70       sf_debug_chart_instance_initialized_quick 0000000180065e70 f   sfc_debug:sfcdebug.obj
 0001:00064e80       sf_debug_chart_instance_initialized 0000000180065e80 f   sfc_debug:sfcdebug.obj
 0001:00065020       sfrtAddSize                0000000180066020 f   sfc_debug:sfcdebug.obj
 0001:000650e0       sfrtGenSizeString          00000001800660e0 f   sfc_debug:sfcdebug.obj
 0001:000657f0       sf_debug_sim_status_listener 00000001800667f0 f   sfc_debug:sfcdebug.obj
 0001:00065d60       sf_debug_form_mask_bits    0000000180066d60 f   sfc_debug:sfcdebug.obj
 0001:00065da0       sf_debug_form_sf_data_type_offsets 0000000180066da0 f   sfc_debug:sfcdebug.obj
 0001:00065e60       sf_debug_free_all          0000000180066e60 f   sfc_debug:sfcdebug.obj
 0001:00065fe0       sf_debug_append_debugger_context 0000000180066fe0 f   sfc_debug:sfcdebug.obj
 0001:000662a0       local_strdup               00000001800672a0 f   sfc_debug:sfcdebug.obj
 0001:00067180       sf_debug_em_terminate      0000000180068180 f   sfc_debug:sfcdebug.obj
 0001:000671c0       sf_debug_push_eml_function 00000001800681c0 f   sfc_debug:sfcdebug.obj
 0001:00067260       sf_debug_pop_eml_function  0000000180068260 f   sfc_debug:sfcdebug.obj
 0001:00067f60       sf_debug_get_machine_number_from_id_or_name 0000000180068f60 f   sfc_debug:sfcdebug.obj
 0001:000680b0       sf_debug_get_chart_number_from_id 00000001800690b0 f   sfc_debug:sfcdebug.obj
 0001:00068d20       sf_debug_transfer_control_to_debugger_GUI 0000000180069d20 f   sfc_debug:sfcdebug.obj
 0001:00069cc0       sf_debug_scripts_rehash    000000018006acc0 f   sfc_debug:sfcdebug.obj
 0001:00069f00       sf_debug_get_script_line_count 000000018006af00 f   sfc_debug:sfcdebug.obj
 0001:0006a610       cv_eml_state_cvId          000000018006b610 f   sfc_debug:sfcdebug.obj
 0001:0006b830       sf_debug_data_array_bounds_error 000000018006c830 f   sfc_debug:sfcdebug.obj
 0001:0006bc60       eml_debug_runtime_error_doclink 000000018006cc60 f   sfc_debug:sfcdebug.obj
 0001:0006bde0       sf_debug_runtime_error     000000018006cde0 f   sfc_debug:sfcdebug.obj
 0001:0006be50       sf_debug_matlab_error      000000018006ce50 f   sfc_debug:sfcdebug.obj
 0001:0006c700       sf_debug_data_value_error  000000018006d700 f   sfc_debug:sfcdebug.obj
 0001:0006d000       sf_debug_data_loss_error   000000018006e000 f   sfc_debug:sfcdebug.obj
 0001:0006dc60       call_cv_range_check        000000018006ec60 f   sfc_debug:sfcdebug.obj
 0001:0006e430       sf_debug_invoke_cycle_detection_code 000000018006f430 f   sfc_debug:sfcdebug.obj
 0001:0006f2a0       sf_reset_debug_info_struct 00000001800702a0 f   sfc_debug:sfcdebug.obj
 0001:0006fb90       cv_script_cvId             0000000180070b90 f   sfc_debug:sfcdebug.obj
 0001:00070980       sfc_api_chart_visible      0000000180071980 f   sfc_debug:sfc_api.obj
 0001:00070a00       sfc_api_active_instance    0000000180071a00 f   sfc_debug:sfc_api.obj
 0001:00070a80       sfc_api_machine_load       0000000180071a80 f   sfc_debug:sfc_api.obj
 0001:00070b50       sfc_api_debugger_alive     0000000180071b50 f   sfc_debug:sfc_api.obj
 0001:00070b60       sfc_api_go                 0000000180071b60 f   sfc_debug:sfc_api.obj
 0001:00070b70       sfc_api_step_over          0000000180071b70 f   sfc_debug:sfc_api.obj
 0001:00070b80       sfc_api_step_out           0000000180071b80 f   sfc_debug:sfc_api.obj
 0001:00070b90       sfc_api_resume             0000000180071b90 f   sfc_debug:sfc_api.obj
 0001:00070ba0       sfc_api_break              0000000180071ba0 f   sfc_debug:sfc_api.obj
 0001:00070bb0       sfc_api_stop_debugging     0000000180071bb0 f   sfc_debug:sfc_api.obj
 0001:00070c00       sfc_api_is_cycle_detected  0000000180071c00 f   sfc_debug:sfc_api.obj
 0001:00070c50       sfc_api_is_array_bounds_detected 0000000180071c50 f   sfc_debug:sfc_api.obj
 0001:00070ca0       sfc_api_set_disable_all_breakpoints 0000000180071ca0 f   sfc_debug:sfc_api.obj
 0001:00070d10       sfc_api_disable_all_breakpoints_and_go 0000000180071d10 f   sfc_debug:sfc_api.obj
 0001:00070d20       sfc_api_close              0000000180071d20 f   sfc_debug:sfc_api.obj
 0001:00070d30       sfc_api_browse_data        0000000180071d30 f   sfc_debug:sfc_api.obj
 0001:00070da0       sfc_api_watch_data         0000000180071da0 f   sfc_debug:sfc_api.obj
 0001:00070e40       sfc_api_assign_data        0000000180071e40 f   sfc_debug:sfc_api.obj
 0001:00070ee0       sfc_api_whos               0000000180071ee0 f   sfc_debug:sfc_api.obj
 0001:00070f70       sfc_api_get_consistency_info 0000000180071f70 f   sfc_debug:sfc_api.obj
 0001:00070f80       sfc_api_browse_trace       0000000180071f80 f   sfc_debug:sfc_api.obj
 0001:00070f90       sfc_api_break_on_chart_entry 0000000180071f90 f   sfc_debug:sfc_api.obj
 0001:00070fb0       sfc_api_break_on_event_broadcast 0000000180071fb0 f   sfc_debug:sfc_api.obj
 0001:00070fd0       sfc_api_break_on_state_entry 0000000180071fd0 f   sfc_debug:sfc_api.obj
 0001:00070ff0       sfc_api_set_watch          0000000180071ff0 f   sfc_debug:sfc_api.obj
 0001:00071090       sfc_api_set_breakpoints    0000000180072090 f   sfc_debug:sfc_api.obj
 0001:00071130       sfc_api_set_eml_breakpoints 0000000180072130 f   sfc_debug:sfc_api.obj
 0001:000711b0       sfc_api_set_script_breakpoints 00000001800721b0 f   sfc_debug:sfc_api.obj
 0001:00071200       sfc_api_add_script_breakpoints 0000000180072200 f   sfc_debug:sfc_api.obj
 0001:00071250       sfc_api_clear_script_breakpoints 0000000180072250 f   sfc_debug:sfc_api.obj
 0001:000712a0       sfc_api_query_script_breakpoints 00000001800722a0 f   sfc_debug:sfc_api.obj
 0001:00071300       sfc_api_get_script_id      0000000180072300 f   sfc_debug:sfc_api.obj
 0001:000713c0       sfc_api_get_active_states  00000001800723c0 f   sfc_debug:sfc_api.obj
 0001:00071440       sfc_api_break_between_times 0000000180072440 f   sfc_debug:sfc_api.obj
 0001:000714a0       sfc_api_get_instance_handle 00000001800724a0 f   sfc_debug:sfc_api.obj
 0001:00071550       sfc_api_get_coverage       0000000180072550 f   sfc_debug:sfc_api.obj
 0001:000715d0       sfc_api_set_animation      00000001800725d0 f   sfc_debug:sfc_api.obj
 0001:00071620       sfc_api_select_chart       0000000180072620 f   sfc_debug:sfc_api.obj
 0001:00071680       sfc_api_select_charts      0000000180072680 f   sfc_debug:sfc_api.obj
 0001:000716b0       sfc_api_cycle_detection_check 00000001800726b0 f   sfc_debug:sfc_api.obj
 0001:00071700       sfc_api_data_range_check   0000000180072700 f   sfc_debug:sfc_api.obj
 0001:00071750       sfc_api_transition_conflict_check 0000000180072750 f   sfc_debug:sfc_api.obj
 0001:000717a0       sfc_api_state_consistency_check 00000001800727a0 f   sfc_debug:sfc_api.obj
 0001:000717f0       sfc_api_set_instance_cv_ids 00000001800727f0 f   sfc_debug:sfc_api.obj
 0001:00071900       sfc_api_set_script_cv_ids  0000000180072900 f   sfc_debug:sfc_api.obj
 0001:000719a0       sfc_api_get_current_machine_id 00000001800729a0 f   sfc_debug:sfc_api.obj
 0001:000719d0       sfc_api_get_current_machine_number 00000001800729d0 f   sfc_debug:sfc_api.obj
 0001:00071a00       sfc_api_get_current_chart_number 0000000180072a00 f   sfc_debug:sfc_api.obj
 0001:00071a30       sfc_api_get_current_instance_number 0000000180072a30 f   sfc_debug:sfc_api.obj
 0001:00071a60       sfc_api_get_current_instance_handle 0000000180072a60 f   sfc_debug:sfc_api.obj
 0001:00071a80       sfc_api_get_current_is_minor_time_step 0000000180072a80 f   sfc_debug:sfc_api.obj
 0001:00071ab0       sfc_api_get_current_machine_name 0000000180072ab0 f   sfc_debug:sfc_api.obj
 0001:00071ad0       sfc_api_get_current_chart_id 0000000180072ad0 f   sfc_debug:sfc_api.obj
 0001:00071b00       sfc_api_get_current_object_type 0000000180072b00 f   sfc_debug:sfc_api.obj
 0001:00071b30       sfc_api_get_current_event_type 0000000180072b30 f   sfc_debug:sfc_api.obj
 0001:00071b60       sfc_api_get_current_object_id 0000000180072b60 f   sfc_debug:sfc_api.obj
 0001:00071b90       sfc_get_current_active_event_type 0000000180072b90 f   sfc_debug:sfc_api.obj
 0001:00071bc0       sfc_api_get_current_active_event_id 0000000180072bc0 f   sfc_debug:sfc_api.obj
 0001:00071bf0       sfc_api_get_current_simulation_time 0000000180072bf0 f   sfc_debug:sfc_api.obj
 0001:00071c10       sfc_get_current_tag_type   0000000180072c10 f   sfc_debug:sfc_api.obj
 0001:00071c40       sfc_get_current_coverage_percentage 0000000180072c40 f   sfc_debug:sfc_api.obj
 0001:00071c60       sfc_get_current_statement_context 0000000180072c60 f   sfc_debug:sfc_api.obj
 0001:00071c80       sfc_get_current_optional_integer 0000000180072c80 f   sfc_debug:sfc_api.obj
 0001:00071cb0       sfc_get_current_statement_info 0000000180072cb0 f   sfc_debug:sfc_api.obj
 0001:00071d50       sfc_api_get                0000000180072d50 f   sfc_debug:sfc_api.obj
 0001:00071eb0       sf_debug_sm_is_using_unified_editors 0000000180072eb0 f   sfc_debug:sfdb_animation.obj
 0001:00071f50       sf_debug_sm_is_chart_visible_in_unified_editors 0000000180072f50 f   sfc_debug:sfdb_animation.obj
 0001:00072010       sf_debug_sm_check_if_chart_is_visible 0000000180073010 f   sfc_debug:sfdb_animation.obj
 0001:00072b10       sf_debug_sm_fill_state_activity_data 0000000180073b10 f   sfc_debug:sfdb_animation.obj
 0001:00075100       sf_debug_hm_get_simulink_handle 0000000180076100 f   sfc_debug:sfdb_handle_management.obj
 0001:00075c50       sf_debug_hm_initialize_globals 0000000180076c50 f   sfc_debug:sfdb_handle_management.obj
 0001:00075d50       sf_debug_hm_get_machine_debug_flag 0000000180076d50 f   sfc_debug:sfdb_handle_management.obj
 0001:00075ec0       sf_debug_hm_get_machine_id 0000000180076ec0 f   sfc_debug:sfdb_handle_management.obj
 0001:00075fe0       sf_debug_hm_get_chart_id   0000000180076fe0 f   sfc_debug:sfdb_handle_management.obj
 0001:00076180       sf_debug_hm_register_executing_SFunction 0000000180077180 f   sfc_debug:sfdb_handle_management.obj
 0001:00076320       sf_debug_hm_get_chart_active_instance 0000000180077320 f   sfc_debug:sfdb_handle_management.obj
 0001:00076490       sf_debug_hm_get_chart_visibility 0000000180077490 f   sfc_debug:sfdb_handle_management.obj
 0001:000765e0       sf_debug_hm_form_object_boolean_properties 00000001800775e0 f   sfc_debug:sfdb_handle_management.obj
 0001:000768b0       sf_debug_hm_form_object_properties 00000001800778b0 f   sfc_debug:sfdb_handle_management.obj
 0001:00076af0       sf_debug_hm_terminate_charts 0000000180077af0 f   sfc_debug:sfdb_handle_management.obj
 0001:00077260       sf_debug_hm_terminate_machines 0000000180078260 f   sfc_debug:sfdb_handle_management.obj
 0001:00078b80       void_ptr_stack_vector_free_total 0000000180079b80 f   sfc_debug:sfdb_data_browse.obj
 0001:00078c10       sf_debug_st_terminate_machine 0000000180079c10 f   sfc_debug:sfdb_data_browse.obj
 0001:00078c50       sf_debug_st_terminate_instance 0000000180079c50 f   sfc_debug:sfdb_data_browse.obj
 0001:00079000       push_on_to_void_ptr_stack  000000018007a000 f   sfc_debug:sfdb_data_browse.obj
 0001:00079190       pop_from_void_ptr_stack    000000018007a190 f   sfc_debug:sfdb_data_browse.obj
 0001:000792c0       sf_debug_st_get_data_value 000000018007a2c0 f   sfc_debug:sfdb_data_browse.obj
 0001:00079850       mx_value                   000000018007a850 f   sfc_debug:sfdb_data_browse.obj
 0001:00079890       sf_debug_st_fill_data_struct 000000018007a890 f   sfc_debug:sfdb_data_browse.obj
 0001:00079bd0       data_type_format_strings   000000018007abd0 f   sfc_debug:sfdb_data_browse.obj
 0001:00079c80       sf_debug_st_fill_data      000000018007ac80 f   sfc_debug:sfdb_data_browse.obj
 0001:0007aec0       sf_debug_ss_copy_dimension 000000018007bec0 f   sfc_debug:sfdb_symbol_scope.obj
 0001:0007af80       sf_debug_ss_get_number_elements 000000018007bf80 f   sfc_debug:sfdb_symbol_scope.obj
 0001:0007afa0       sf_debug_ss_fill_data_struct 000000018007bfa0 f   sfc_debug:sfdb_symbol_scope.obj
 0001:0007b2f0       sf_debug_ss_reset_data_info 000000018007c2f0 f   sfc_debug:sfdb_symbol_scope.obj
 0001:0007b350       sf_debug_fill_data_info_by_symbol_scope_entry 000000018007c350 f   sfc_debug:sfdb_symbol_scope.obj
 0001:0007b410       sf_debug_fill_data_info_by_data_vector 000000018007c410 f   sfc_debug:sfdb_symbol_scope.obj
 0001:0007b660       sf_debug_ss_get_data_info  000000018007c660 f   sfc_debug:sfdb_symbol_scope.obj
 0001:0007b950       sf_debug_select_mex_function 000000018007c950 f   sfc_debug:sfdb_symbol_scope.obj
 0001:0007b980       sf_debug_is_dyn_matrix_initialized 000000018007c980 f   sfc_debug:sfdb_symbol_scope.obj
 0001:0007b9a0       sf_debug_ss_set_data_value_try 000000018007c9a0 f   sfc_debug:sfdb_symbol_scope.obj
 0001:0007bb70       sf_debug_ss_get_data_value 000000018007cb70 f   sfc_debug:sfdb_symbol_scope.obj
 0001:0007c0c0       sf_debug_ss_data_bytes_string 000000018007d0c0 f   sfc_debug:sfdb_symbol_scope.obj
 0001:0007c170       sf_debug_ss_data_class_string 000000018007d170 f   sfc_debug:sfdb_symbol_scope.obj
 0001:0007c500       sf_debug_ss_data_size_string 000000018007d500 f   sfc_debug:sfdb_symbol_scope.obj
 0001:0007c5e0       sf_debug_ss_data_create_data_info_struct 000000018007d5e0 f   sfc_debug:sfdb_symbol_scope.obj
 0001:0007c8b0       sf_debug_ss_data_create_name_value_pair 000000018007d8b0 f   sfc_debug:sfdb_symbol_scope.obj
 0001:0007c950       sf_debug_ss_data_get_whos_info 000000018007d950 f   sfc_debug:sfdb_symbol_scope.obj
 0001:0007c960       same_named_data_in_data_array 000000018007d960 f   sfc_debug:sfdb_symbol_scope.obj
 0001:0007e1d0       sf_debug_cc_terminate_chart 000000018007f1d0 f   sfc_debug:sfdb_coverage.obj
 0001:0007e570       sf_debug_cc_terminate_instance 000000018007f570 f   sfc_debug:sfdb_coverage.obj
 0001:0007f160       sf_debug_cc_mark_object_if_needed 0000000180080160 f   sfc_debug:sfdb_coverage.obj
 0001:0007f520       sf_debug_cc_fill_transition_coverage_data 0000000180080520 f   sfc_debug:sfdb_coverage.obj
 0001:0007f6b0       sf_debug_cc_fill_transition_coverage_map 00000001800806b0 f   sfc_debug:sfdb_coverage.obj
 0001:0007f960       sf_debug_cc_fill_state_coverage_map 0000000180080960 f   sfc_debug:sfdb_coverage.obj
 0001:0007fbb0       sf_debug_cc_fill_state_coverage_data 0000000180080bb0 f   sfc_debug:sfdb_coverage.obj
 0001:000807f0       sf_debug_bm_initialize_eml 00000001800817f0 f   sfc_debug:sfdb_breakpoints.obj
 0001:00081960       sf_debug_bm_map_debug_tag_to_breakpoint_tag 0000000180082960 f   sfc_debug:sfdb_breakpoints.obj
 0001:00081a40       sf_debug_bm_is_a_eml_breakpoint_impl 0000000180082a40 f   sfc_debug:sfdb_breakpoints.obj
 0001:000834c0       sf_debug_sc_push_on_error_stack 00000001800844c0 f   sfc_debug:sfdb_state_consistency.obj
 0001:000835f0       sf_debug_sc_reset_error_stack 00000001800845f0 f   sfc_debug:sfdb_state_consistency.obj
 0001:00083780       sf_debug_sc_is_state_inconsistent 0000000180084780 f   sfc_debug:sfdb_state_consistency.obj
 0001:00083a80       sf_debug_sc_fill_consistency_info 0000000180084a80 f   sfc_debug:sfdb_state_consistency.obj
 0001:00084060       void_assertion_fcn         0000000180085060 f   sfc_debug:sfdb_call_stack.obj
 0001:000845e0       sf_debug_tm_fill_local_trace 00000001800855e0 f   sfc_debug:sfdb_call_stack.obj
 0001:00084bb0       sf_debug_cd_terminate_instance 0000000180085bb0 f   sfc_debug:sfdb_cycle_detection.obj
 0001:00084c10       sf_debug_cd_free_checksum_stack 0000000180085c10 f   sfc_debug:sfdb_cycle_detection.obj
 0001:00084c60       sf_debug_cd_reset_pack_strings 0000000180085c60 f   sfc_debug:sfdb_cycle_detection.obj
 0001:00085320       md5file_clear              0000000180086320 f   sfc_debug:ckmd5.obj
 0001:00085350       Encode                     0000000180086350 f   sfc_debug:ckmd5.obj
 0001:000853a0       Decode                     00000001800863a0 f   sfc_debug:ckmd5.obj
 0001:00085440       MD5Transform               0000000180086440 f   sfc_debug:ckmd5.obj
 0001:00085c90       md5file_addn               0000000180086c90 f   sfc_debug:ckmd5.obj
 0001:00085d60       md5file_hash               0000000180086d60 f   sfc_debug:ckmd5.obj
 0001:0008625c       pre_c_init                 000000018008725c f   MSVCRT:crtdll.obj
 0001:00086518       __DllMainCRTStartup        0000000180087518 f   MSVCRT:crtdll.obj
 0001:00086c20       __DllMainCRTStartup$filt$0 0000000180087c20 f   MSVCRT:crtdll.obj
 0001:00086c50       __DllMainCRTStartup$fin$1  0000000180087c50 f   MSVCRT:crtdll.obj
 0001:00086c6a       _onexit$fin$0              0000000180087c6a f   MSVCRT:atonexit.obj
 0001:00086c90       _IsNonwritableInCurrentImage$filt$0 0000000180087c90 f   MSVCRT:pesect.obj
