 ekffede_sfun

 Timestamp is 4ef998b8 (Tue Dec 27 11:06:48 2011)

 Preferred load address is 0000000180000000

 Start         Length     Name                   Class
 0001:00000000 0007eeb4H .text                   CODE
 0001:0007eec0 00000092H .text$x                 CODE
 0002:00000000 000004b8H .idata$5                DATA
 0002:000004b8 00000008H .CRT$XCA                DATA
 0002:000004c0 00000008H .CRT$XCZ                DATA
 0002:000004c8 00000008H .CRT$XIA                DATA
 0002:000004d0 00000008H .CRT$XIAA               DATA
 0002:000004d8 00000008H .CRT$XIZ                DATA
 0002:000004e0 00004dccH .rdata                  DATA
 0002:000052b0 00000008H .rtc$IAA                DATA
 0002:000052b8 00000008H .rtc$IZZ                DATA
 0002:000052c0 00000008H .rtc$TAA                DATA
 0002:000052c8 00000008H .rtc$TZZ                DATA
 0002:000052d0 00005584H .xdata                  DATA
 0002:0000a854 000000b4H .idata$2                DATA
 0002:0000a908 00000014H .idata$3                DATA
 0002:0000a920 000004b8H .idata$4                DATA
 0002:0000add8 00000ab2H .idata$6                DATA
 0002:0000b890 00000052H .edata                  DATA
 0003:00000000 0000f368H .data                   DATA
 0003:0000f380 00002758H .bss                    DATA
 0004:00000000 00004b48H .pdata                  DATA

  Address         Publics by Value              Rva+Base               Lib:Object

 0000:00000000       ___safe_se_handler_table   0000000000000000     <absolute>
 0000:00000000       ___safe_se_handler_count   0000000000000000     <absolute>
 0000:00000000       __ImageBase                0000000180000000     <linker-defined>
 0001:00000000       sf_c1_ekffede_get_eml_resolved_functions_info 0000000180001000 f   c1_ekffede.obj
 0001:00000080       sf_c1_ekffede_get_check_sum 0000000180001080 f   c1_ekffede.obj
 0001:00000100       sf_c1_ekffede_get_autoinheritance_info 0000000180001100 f   c1_ekffede.obj
 0001:00000960       sf_internal_get_sim_state_c1_ekffede 0000000180001960 f   c1_ekffede.obj
 0001:00000d10       sf_internal_set_sim_state_c1_ekffede 0000000180001d10 f   c1_ekffede.obj
 0001:000011f0       c1_ekffede_method_dispatcher 00000001800021f0 f   c1_ekffede.obj
 0001:00003370       sf_c2_ekffede_get_eml_resolved_functions_info 0000000180004370 f   c2_ekffede.obj
 0001:000039d0       sf_c2_ekffede_get_check_sum 00000001800049d0 f   c2_ekffede.obj
 0001:00003a50       sf_c2_ekffede_get_autoinheritance_info 0000000180004a50 f   c2_ekffede.obj
 0001:000042b0       sf_internal_get_sim_state_c2_ekffede 00000001800052b0 f   c2_ekffede.obj
 0001:00004660       sf_internal_set_sim_state_c2_ekffede 0000000180005660 f   c2_ekffede.obj
 0001:00004b40       c2_ekffede_method_dispatcher 0000000180005b40 f   c2_ekffede.obj
 0001:00007b20       sf_c3_ekffede_get_eml_resolved_functions_info 0000000180008b20 f   c3_ekffede.obj
 0001:0000a160       sf_c3_ekffede_get_check_sum 000000018000b160 f   c3_ekffede.obj
 0001:0000a1e0       sf_c3_ekffede_get_autoinheritance_info 000000018000b1e0 f   c3_ekffede.obj
 0001:0000ae10       sf_internal_get_sim_state_c3_ekffede 000000018000be10 f   c3_ekffede.obj
 0001:0000b2d0       sf_internal_set_sim_state_c3_ekffede 000000018000c2d0 f   c3_ekffede.obj
 0001:0000b990       c3_ekffede_method_dispatcher 000000018000c990 f   c3_ekffede.obj
 0001:000176b0       sf_c4_ekffede_get_eml_resolved_functions_info 00000001800186b0 f   c4_ekffede.obj
 0001:00017b20       sf_c4_ekffede_get_check_sum 0000000180018b20 f   c4_ekffede.obj
 0001:00017ba0       sf_c4_ekffede_get_autoinheritance_info 0000000180018ba0 f   c4_ekffede.obj
 0001:00018400       sf_internal_get_sim_state_c4_ekffede 0000000180019400 f   c4_ekffede.obj
 0001:000187d0       sf_internal_set_sim_state_c4_ekffede 00000001800197d0 f   c4_ekffede.obj
 0001:00018ca0       c4_ekffede_method_dispatcher 0000000180019ca0 f   c4_ekffede.obj
 0001:0001b5f0       sf_c5_ekffede_get_eml_resolved_functions_info 000000018001c5f0 f   c5_ekffede.obj
 0001:0001bc10       sf_c5_ekffede_get_check_sum 000000018001cc10 f   c5_ekffede.obj
 0001:0001bc90       sf_c5_ekffede_get_autoinheritance_info 000000018001cc90 f   c5_ekffede.obj
 0001:0001c630       sf_internal_get_sim_state_c5_ekffede 000000018001d630 f   c5_ekffede.obj
 0001:0001c970       sf_internal_set_sim_state_c5_ekffede 000000018001d970 f   c5_ekffede.obj
 0001:0001cd60       c5_ekffede_method_dispatcher 000000018001dd60 f   c5_ekffede.obj
 0001:0001ebf0       sf_c6_ekffede_get_eml_resolved_functions_info 000000018001fbf0 f   c6_ekffede.obj
 0001:0001f170       sf_c6_ekffede_get_check_sum 0000000180020170 f   c6_ekffede.obj
 0001:0001f1f0       sf_c6_ekffede_get_autoinheritance_info 00000001800201f0 f   c6_ekffede.obj
 0001:0001fb90       sf_internal_get_sim_state_c6_ekffede 0000000180020b90 f   c6_ekffede.obj
 0001:0001fed0       sf_internal_set_sim_state_c6_ekffede 0000000180020ed0 f   c6_ekffede.obj
 0001:000202c0       c6_ekffede_method_dispatcher 00000001800212c0 f   c6_ekffede.obj
 0001:00022140       sf_c7_ekffede_get_eml_resolved_functions_info 0000000180023140 f   c7_ekffede.obj
 0001:00022710       sf_c7_ekffede_get_check_sum 0000000180023710 f   c7_ekffede.obj
 0001:00022790       sf_c7_ekffede_get_autoinheritance_info 0000000180023790 f   c7_ekffede.obj
 0001:00023130       sf_internal_get_sim_state_c7_ekffede 0000000180024130 f   c7_ekffede.obj
 0001:00023470       sf_internal_set_sim_state_c7_ekffede 0000000180024470 f   c7_ekffede.obj
 0001:00023860       c7_ekffede_method_dispatcher 0000000180024860 f   c7_ekffede.obj
 0001:000256f0       sf_c8_ekffede_get_eml_resolved_functions_info 00000001800266f0 f   c8_ekffede.obj
 0001:00025d30       sf_c8_ekffede_get_check_sum 0000000180026d30 f   c8_ekffede.obj
 0001:00025db0       sf_c8_ekffede_get_autoinheritance_info 0000000180026db0 f   c8_ekffede.obj
 0001:00026750       sf_internal_get_sim_state_c8_ekffede 0000000180027750 f   c8_ekffede.obj
 0001:00026a90       sf_internal_set_sim_state_c8_ekffede 0000000180027a90 f   c8_ekffede.obj
 0001:00026e80       c8_ekffede_method_dispatcher 0000000180027e80 f   c8_ekffede.obj
 0001:00028d10       sf_c9_ekffede_get_eml_resolved_functions_info 0000000180029d10 f   c9_ekffede.obj
 0001:00029310       sf_c9_ekffede_get_check_sum 000000018002a310 f   c9_ekffede.obj
 0001:00029390       sf_c9_ekffede_get_autoinheritance_info 000000018002a390 f   c9_ekffede.obj
 0001:00029d30       sf_internal_get_sim_state_c9_ekffede 000000018002ad30 f   c9_ekffede.obj
 0001:0002a070       sf_internal_set_sim_state_c9_ekffede 000000018002b070 f   c9_ekffede.obj
 0001:0002a460       c9_ekffede_method_dispatcher 000000018002b460 f   c9_ekffede.obj
 0001:0002c2f0       sf_c10_ekffede_get_eml_resolved_functions_info 000000018002d2f0 f   c10_ekffede.obj
 0001:0002c8c0       sf_c10_ekffede_get_check_sum 000000018002d8c0 f   c10_ekffede.obj
 0001:0002c940       sf_c10_ekffede_get_autoinheritance_info 000000018002d940 f   c10_ekffede.obj
 0001:0002d2e0       sf_internal_get_sim_state_c10_ekffede 000000018002e2e0 f   c10_ekffede.obj
 0001:0002d620       sf_internal_set_sim_state_c10_ekffede 000000018002e620 f   c10_ekffede.obj
 0001:0002da10       c10_ekffede_method_dispatcher 000000018002ea10 f   c10_ekffede.obj
 0001:0002f8a0       sf_c11_ekffede_get_eml_resolved_functions_info 00000001800308a0 f   c11_ekffede.obj
 0001:0002fec0       sf_c11_ekffede_get_check_sum 0000000180030ec0 f   c11_ekffede.obj
 0001:0002ff40       sf_c11_ekffede_get_autoinheritance_info 0000000180030f40 f   c11_ekffede.obj
 0001:000303d0       sf_internal_get_sim_state_c11_ekffede 00000001800313d0 f   c11_ekffede.obj
 0001:00030760       sf_internal_set_sim_state_c11_ekffede 0000000180031760 f   c11_ekffede.obj
 0001:00030c40       c11_ekffede_method_dispatcher 0000000180031c40 f   c11_ekffede.obj
 0001:00032b10       sf_c12_ekffede_get_eml_resolved_functions_info 0000000180033b10 f   c12_ekffede.obj
 0001:00033120       sf_c12_ekffede_get_check_sum 0000000180034120 f   c12_ekffede.obj
 0001:000331a0       sf_c12_ekffede_get_autoinheritance_info 00000001800341a0 f   c12_ekffede.obj
 0001:00033630       sf_internal_get_sim_state_c12_ekffede 0000000180034630 f   c12_ekffede.obj
 0001:00033a00       sf_internal_set_sim_state_c12_ekffede 0000000180034a00 f   c12_ekffede.obj
 0001:00033ed0       c12_ekffede_method_dispatcher 0000000180034ed0 f   c12_ekffede.obj
 0001:00035dd0       sf_c13_ekffede_get_eml_resolved_functions_info 0000000180036dd0 f   c13_ekffede.obj
 0001:00035e50       sf_c13_ekffede_get_check_sum 0000000180036e50 f   c13_ekffede.obj
 0001:00035ed0       sf_c13_ekffede_get_autoinheritance_info 0000000180036ed0 f   c13_ekffede.obj
 0001:000364a0       sf_internal_get_sim_state_c13_ekffede 00000001800374a0 f   c13_ekffede.obj
 0001:00036850       sf_internal_set_sim_state_c13_ekffede 0000000180037850 f   c13_ekffede.obj
 0001:00036cf0       c13_ekffede_method_dispatcher 0000000180037cf0 f   c13_ekffede.obj
 0001:00038940       sf_c14_ekffede_get_eml_resolved_functions_info 0000000180039940 f   c14_ekffede.obj
 0001:00039390       sf_c14_ekffede_get_check_sum 000000018003a390 f   c14_ekffede.obj
 0001:00039410       sf_c14_ekffede_get_autoinheritance_info 000000018003a410 f   c14_ekffede.obj
 0001:000399e0       sf_internal_get_sim_state_c14_ekffede 000000018003a9e0 f   c14_ekffede.obj
 0001:00039d70       sf_internal_set_sim_state_c14_ekffede 000000018003ad70 f   c14_ekffede.obj
 0001:0003a210       c14_ekffede_method_dispatcher 000000018003b210 f   c14_ekffede.obj
 0001:0003c820       sf_c15_ekffede_get_eml_resolved_functions_info 000000018003d820 f   c15_ekffede.obj
 0001:0003d270       sf_c15_ekffede_get_check_sum 000000018003e270 f   c15_ekffede.obj
 0001:0003d2f0       sf_c15_ekffede_get_autoinheritance_info 000000018003e2f0 f   c15_ekffede.obj
 0001:0003d8c0       sf_internal_get_sim_state_c15_ekffede 000000018003e8c0 f   c15_ekffede.obj
 0001:0003dc50       sf_internal_set_sim_state_c15_ekffede 000000018003ec50 f   c15_ekffede.obj
 0001:0003e0f0       c15_ekffede_method_dispatcher 000000018003f0f0 f   c15_ekffede.obj
 0001:000406f0       sf_c16_ekffede_get_eml_resolved_functions_info 00000001800416f0 f   c16_ekffede.obj
 0001:000412b0       sf_c16_ekffede_get_check_sum 00000001800422b0 f   c16_ekffede.obj
 0001:00041330       sf_c16_ekffede_get_autoinheritance_info 0000000180042330 f   c16_ekffede.obj
 0001:00041900       sf_internal_get_sim_state_c16_ekffede 0000000180042900 f   c16_ekffede.obj
 0001:00041cc0       sf_internal_set_sim_state_c16_ekffede 0000000180042cc0 f   c16_ekffede.obj
 0001:00042180       c16_ekffede_method_dispatcher 0000000180043180 f   c16_ekffede.obj
 0001:000448c0       sf_c17_ekffede_get_eml_resolved_functions_info 00000001800458c0 f   c17_ekffede.obj
 0001:00045360       sf_c17_ekffede_get_check_sum 0000000180046360 f   c17_ekffede.obj
 0001:000453e0       sf_c17_ekffede_get_autoinheritance_info 00000001800463e0 f   c17_ekffede.obj
 0001:000459b0       sf_internal_get_sim_state_c17_ekffede 00000001800469b0 f   c17_ekffede.obj
 0001:00045d40       sf_internal_set_sim_state_c17_ekffede 0000000180046d40 f   c17_ekffede.obj
 0001:00046200       c17_ekffede_method_dispatcher 0000000180047200 f   c17_ekffede.obj
 0001:00048960       sf_c18_ekffede_get_eml_resolved_functions_info 0000000180049960 f   c18_ekffede.obj
 0001:00049210       sf_c18_ekffede_get_check_sum 000000018004a210 f   c18_ekffede.obj
 0001:00049290       sf_c18_ekffede_get_autoinheritance_info 000000018004a290 f   c18_ekffede.obj
 0001:000499a0       sf_internal_get_sim_state_c18_ekffede 000000018004a9a0 f   c18_ekffede.obj
 0001:00049ce0       sf_internal_set_sim_state_c18_ekffede 000000018004ace0 f   c18_ekffede.obj
 0001:0004a0d0       c18_ekffede_method_dispatcher 000000018004b0d0 f   c18_ekffede.obj
 0001:0004c150       sf_process_check_sum_call  000000018004d150 f   ekffede_sfun_registry.obj
 0001:0004c1a0       sf_process_autoinheritance_call 000000018004d1a0 f   ekffede_sfun_registry.obj
 0001:0004c320       sf_process_get_eml_resolved_functions_info_call 000000018004d320 f   ekffede_sfun_registry.obj
 0001:0004c4a0       sf_mex_unlock_call         000000018004d4a0 f   ekffede_sfun_registry.obj
 0001:0004c550       sf_machine_global_initializer_called 000000018004d550 f   ekffede_sfun_registry.obj
 0001:0004c580       sf_machine_global_method_dispatcher 000000018004d580 f   ekffede_sfun_registry.obj
 0001:0004c5e0       sf_machine_global_terminator 000000018004d5e0 f   ekffede_sfun_registry.obj
 0001:0004c620       sf_register_machine_exported_symbols 000000018004d620 f   ekffede_sfun_registry.obj
 0001:0004c640       callCustomFcn              000000018004d640 f   ekffede_sfun_registry.obj
 0001:0004c650       sf_machine_global_initializer 000000018004d650 f   ekffede_sfun_registry.obj
 0001:0004c6c0       _ssSetStateAbsTol          000000018004d6c0 f   ekffede_sfun_registry.obj
 0001:0004c7a0       _ssGetAbsTol               000000018004d7a0 f   ekffede_sfun_registry.obj
 0001:0004c810       _ssSetInputPortMatrixDimensions 000000018004d810 f   ekffede_sfun_registry.obj
 0001:0004c920       _ssSetOutputPortMatrixDimensions 000000018004d920 f   ekffede_sfun_registry.obj
 0001:0004ca30       _ssSetInputPortVectorDimension 000000018004da30 f   ekffede_sfun_registry.obj
 0001:0004cb00       _ssSetOutputPortVectorDimension 000000018004db00 f   ekffede_sfun_registry.obj
 0001:0004cbd0       ssIsRunTimeParamTunable    000000018004dbd0 f   ekffede_sfun_registry.obj
 0001:0004cc40       ssGetSFuncBlockHandle      000000018004dc40 f   ekffede_sfun_registry.obj
 0001:0004ccb0       _ssGetCurrentInputPortWidth 000000018004dcb0 f   ekffede_sfun_registry.obj
 0001:0004cdd0       _ssGetCurrentOutputPortWidth 000000018004ddd0 f   ekffede_sfun_registry.obj
 0001:0004cef0       _ssGetCallSystemNumFcnCallDestinations 000000018004def0 f   ekffede_sfun_registry.obj
 0001:0004cf60       ssWarning                  000000018004df60 f   ekffede_sfun_registry.obj
 0001:0004d070       ssGetIsZeroCrossControlDisabled 000000018004e070 f   ekffede_sfun_registry.obj
 0001:0004d0e0       ssSetIsInputPortUsedForContZcSignal 000000018004e0e0 f   ekffede_sfun_registry.obj
 0001:0004d150       ssSetZcSignalIsZcElementDisc 000000018004e150 f   ekffede_sfun_registry.obj
 0001:0004d200       ssSetZcSignalName          000000018004e200 f   ekffede_sfun_registry.obj
 0001:0004d270       ssSetZcSignalWidth         000000018004e270 f   ekffede_sfun_registry.obj
 0001:0004d2e0       ssSetZcSignalZcEventType   000000018004e2e0 f   ekffede_sfun_registry.obj
 0001:0004d350       ssSetZcSignalType          000000018004e350 f   ekffede_sfun_registry.obj
 0001:0004d3c0       ssSetZcSignalZcTol         000000018004e3c0 f   ekffede_sfun_registry.obj
 0001:0004d430       ssSetZcSignalNeedsEventNotification 000000018004e430 f   ekffede_sfun_registry.obj
 0001:0004d4a0       ssCreateAndAddZcSignalInfo 000000018004e4a0 f   ekffede_sfun_registry.obj
 0001:0004d510       ssCloneAndAddZcSignalInfo  000000018004e510 f   ekffede_sfun_registry.obj
 0001:0004d580       ssGetNumZcSignals          000000018004e580 f   ekffede_sfun_registry.obj
 0001:0004d5f0       ssGetZcSignalVector        000000018004e5f0 f   ekffede_sfun_registry.obj
 0001:0004d660       ssGetZcSignalZcEvents      000000018004e660 f   ekffede_sfun_registry.obj
 0001:0004d6d0       ssGetZcSignalName          000000018004e6d0 f   ekffede_sfun_registry.obj
 0001:0004d740       ssGetZcSignalWidth         000000018004e740 f   ekffede_sfun_registry.obj
 0001:0004d7b0       ssGetZcSignalZcEventType   000000018004e7b0 f   ekffede_sfun_registry.obj
 0001:0004d820       ssGetZcSignalType          000000018004e820 f   ekffede_sfun_registry.obj
 0001:0004d890       ssGetZcSignalZcTol         000000018004e890 f   ekffede_sfun_registry.obj
 0001:0004d910       ssGetZcSignalNeedsEventNotification 000000018004e910 f   ekffede_sfun_registry.obj
 0001:0004d980       ssGetZcSignalIsZcElementDisc 000000018004e980 f   ekffede_sfun_registry.obj
 0001:0004da20       ssGetIsInputPortElementContinuous 000000018004ea20 f   ekffede_sfun_registry.obj
 0001:0004dac0       _ssGetInputPortSignalPtrsFcn 000000018004eac0 f   ekffede_sfun_registry.obj
 0001:0004dd80       _ssGetInputPortSignalFcn   000000018004ed80 f   ekffede_sfun_registry.obj
 0001:0004dfa0       _ssSetInputPortDirectFeedThroughFcn 000000018004efa0 f   ekffede_sfun_registry.obj
 0001:0004e100       _ssSetInputPortReusableFcn 000000018004f100 f   ekffede_sfun_registry.obj
 0001:0004e1f0       _ssSetOutputPortReusableFcn 000000018004f1f0 f   ekffede_sfun_registry.obj
 0001:0004e2d0       ssGetDTypeIdFromMxArray    000000018004f2d0 f   ekffede_sfun_registry.obj
 0001:0004e3f0       ssWriteRTWStr              000000018004f3f0 f   ekffede_sfun_registry.obj
 0001:0004e450       ssWriteRTWMxVectParam      000000018004f450 f   ekffede_sfun_registry.obj
 0001:0004e4b0       ssWriteRTWMx2dMatParam     000000018004f4b0 f   ekffede_sfun_registry.obj
 0001:0004e530       ssWriteRTWNameValuePair    000000018004f530 f   ekffede_sfun_registry.obj
 0001:0004ea20       ssWriteRTWParameters       000000018004fa20 f   ekffede_sfun_registry.obj
 0001:0004f020       ssWriteRTWParamSettings    0000000180050020 f   ekffede_sfun_registry.obj
 0001:0004f6f0       ssWriteRTWWorkVect         00000001800506f0 f   ekffede_sfun_registry.obj
 0001:0004fbf0       mexFunction                0000000180050bf0 f   ekffede_sfun_registry.obj
 0001:00051830       ProcessMexSfunctionEveryCall 0000000180052830 f   ekffede_sfun_registry.obj
 0001:000519a0       ekffede_initializer        00000001800529a0 f   ekffede_sfun.obj
 0001:000519b0       ekffede_terminator         00000001800529b0 f   ekffede_sfun.obj
 0001:000519c0       sf_ekffede_method_dispatcher 00000001800529c0 f   ekffede_sfun.obj
 0001:00051c60       sf_ekffede_process_check_sum_call 0000000180052c60 f   ekffede_sfun.obj
 0001:000521d0       sf_ekffede_autoinheritance_info 00000001800531d0 f   ekffede_sfun.obj
 0001:00052450       sf_ekffede_get_eml_resolved_functions_info 0000000180053450 f   ekffede_sfun.obj
 0001:00052990       ekffede_debug_initialize   0000000180053990 f   ekffede_sfun.obj
 0001:00052a00       ekffede_register_exported_symbols 0000000180053a00 f   ekffede_sfun.obj
 0001:00052ab0       sf_mex_mx_is_numeric       0000000180053ab0 f   sfc_mex:sfc_mex.obj
 0001:00052af0       strcmp_ignore_ws           0000000180053af0 f   sfc_mex:sfc_mex.obj
 0001:00052c30       sf_mex_duplicatearraysafe  0000000180053c30 f   sfc_mex:sfc_mex.obj
 0001:00052d90       sf_set_error_debugger_context_message_fcn 0000000180053d90 f   sfc_mex:sfc_mex.obj
 0001:00052da0       sf_set_debugger_matlab_error_fcn 0000000180053da0 f   sfc_mex:sfc_mex.obj
 0001:00052dd0       sf_set_error_prefix_string 0000000180053dd0 f   sfc_mex:sfc_mex.obj
 0001:00052e00       sf_get_error_prefix_string 0000000180053e00 f   sfc_mex:sfc_mex.obj
 0001:00052e10       sf_get_current_jmp_buf_ptr 0000000180053e10 f   sfc_mex:sfc_mex.obj
 0001:00052e20       sf_set_current_jmp_buf_ptr 0000000180053e20 f   sfc_mex:sfc_mex.obj
 0001:00052e30       sf_mex_set_halt_simulation 0000000180053e30 f   sfc_mex:sfc_mex.obj
 0001:00052e40       sf_mex_get_halt_simulation 0000000180053e40 f   sfc_mex:sfc_mex.obj
 0001:00052e50       sf_mex_clear_error_message 0000000180053e50 f   sfc_mex:sfc_mex.obj
 0001:00052e70       sf_mex_get_error_message_for_read 0000000180053e70 f   sfc_mex:sfc_mex.obj
 0001:00052e80       sf_mex_get_error_message_buffer_length 0000000180053e80 f   sfc_mex:sfc_mex.obj
 0001:00052f60       sf_mex_warning_message     0000000180053f60 f   sfc_mex:sfc_mex.obj
 0001:00052fd0       sf_mex_v_errbuf_createf    0000000180053fd0 f   sfc_mex:sfc_mex.obj
 0001:00052fe0       sf_mex_errbuf_createf      0000000180053fe0 f   sfc_mex:sfc_mex.obj
 0001:00053010       sf_mex_v_errbuf_catf       0000000180054010 f   sfc_mex:sfc_mex.obj
 0001:00053050       sf_mex_errbuf_catf         0000000180054050 f   sfc_mex:sfc_mex.obj
 0001:000530a0       sf_mex_errbuf_copy         00000001800540a0 f   sfc_mex:sfc_mex.obj
 0001:000530b0       sf_mex_errbuf_clear        00000001800540b0 f   sfc_mex:sfc_mex.obj
 0001:000530c0       sf_mex_errbuf_isempty      00000001800540c0 f   sfc_mex:sfc_mex.obj
 0001:000531d0       sf_mex_set_error_status    00000001800541d0 f   sfc_mex:sfc_mex.obj
 0001:00053220       sf_mex_error_direct_call   0000000180054220 f   sfc_mex:sfc_mex.obj
 0001:00053240       sf_mex_error_message_no_long_jump 0000000180054240 f   sfc_mex:sfc_mex.obj
 0001:00053260       sf_mex_long_jump_on_error  0000000180054260 f   sfc_mex:sfc_mex.obj
 0001:00053290       sf_mex_call_matlab         0000000180054290 f   sfc_mex:sfc_mex.obj
 0001:000533b0       sf_mex_check_builtin       00000001800543b0 f   sfc_mex:sfc_mex.obj
 0001:000533f0       sf_mex_check_builtin_vs    00000001800543f0 f   sfc_mex:sfc_mex.obj
 0001:00053450       sf_mex_check_enum          0000000180054450 f   sfc_mex:sfc_mex.obj
 0001:00053480       sf_mex_create_enum         0000000180054480 f   sfc_mex:sfc_mex.obj
 0001:000534a0       sf_mex_get_enum_element    00000001800544a0 f   sfc_mex:sfc_mex.obj
 0001:000534b0       sf_mex_createcellarray     00000001800544b0 f   sfc_mex:sfc_mex.obj
 0001:000534c0       sf_mex_setcell             00000001800544c0 f   sfc_mex:sfc_mex.obj
 0001:000534d0       sf_mex_getcell             00000001800544d0 f   sfc_mex:sfc_mex.obj
 0001:000534e0       sf_mex_dup                 00000001800544e0 f   sfc_mex:sfc_mex.obj
 0001:00053500       sf_mex_assign              0000000180054500 f   sfc_mex:sfc_mex.obj
 0001:00053560       sf_mex_destroy             0000000180054560 f   sfc_mex:sfc_mex.obj
 0001:00053590       mx_array_has_fi_type       0000000180054590 f   sfc_mex:sfc_mex.obj
 0001:000535c0       sf_mex_convert_from_fi     00000001800545c0 f   sfc_mex:sfc_mex.obj
 0001:00053670       sf_mex_convert_to_double   0000000180054670 f   sfc_mex:sfc_mex.obj
 0001:00053790       sf_mex_import_fi_vs        0000000180054790 f   sfc_mex:sfc_mex.obj
 0001:00053950       sf_matrix_matrix_index_ok  0000000180054950 f   sfc_mex:sfc_mex.obj
 0001:000539e0       sf_vector_vector_index_ok  00000001800549e0 f   sfc_mex:sfc_mex.obj
 0001:00053a10       ssGetCurrentInputPortDimensions_wrapper 0000000180054a10 f   sfc_mex:sfc_mex.obj
 0001:00053a30       ssGetCurrentOutputPortDimensions_wrapper 0000000180054a30 f   sfc_mex:sfc_mex.obj
 0001:00053a50       sf_mex_emlrt_context_is_debug_mode 0000000180054a50 f   sfc_mex:sfc_mex.obj
 0001:00053a60       sf_mex_emlrt_context_set_debug_mode 0000000180054a60 f   sfc_mex:sfc_mex.obj
 0001:00053ad0       sf_clear_error_manager_info 0000000180054ad0 f   sfc_mex:sfc_mex.obj
 0001:00053b20       sf_mex_stop_simulation_abruptly_wo_error 0000000180054b20 f   sfc_mex:sfc_mex.obj
 0001:00053b60       sf_mex_error_message       0000000180054b60 f   sfc_mex:sfc_mex.obj
 0001:00053bc0       sf_react_to_error_in_matlab_call 0000000180054bc0 f   sfc_mex:sfc_mex.obj
 0001:00053bf0       sf_mex_addfield            0000000180054bf0 f   sfc_mex:sfc_mex.obj
 0001:00053c90       sf_mex_getfield            0000000180054c90 f   sfc_mex:sfc_mex.obj
 0001:00053f90       sf_mex_check_class         0000000180054f90 f   sfc_mex:sfc_mex.obj
 0001:00054080       sf_mex_is_real             0000000180055080 f   sfc_mex:sfc_mex.obj
 0001:000544f0       sf_mex_decode_encoded_mx_struct_array 00000001800554f0 f   sfc_mex:sfc_mex.obj
 0001:000547d0       sf_mex_lw_bounds_check     00000001800557d0 f   sfc_mex:sfc_mex.obj
 0001:00054800       sf_mex_lw_size_eq_check_1d 0000000180055800 f   sfc_mex:sfc_mex.obj
 0001:00054820       sf_mex_lw_size_eq_check_nd 0000000180055820 f   sfc_mex:sfc_mex.obj
 0001:00054a00       sf_mex_lw_dim_size_eq_check 0000000180055a00 f   sfc_mex:sfc_mex.obj
 0001:00054a30       sf_mex_lw_dim_size_geq_check 0000000180055a30 f   sfc_mex:sfc_mex.obj
 0001:00054a60       sf_mex_lw_sub_assign_size_check_nd 0000000180055a60 f   sfc_mex:sfc_mex.obj
 0001:00054c90       sf_mex_lw_runtime_error_msgid 0000000180055c90 f   sfc_mex:sfc_mex.obj
 0001:00054d80       sf_mex_lw_matrix_matrix_index_check 0000000180055d80 f   sfc_mex:sfc_mex.obj
 0001:00054da0       sf_mex_lw_vector_vector_index_check 0000000180055da0 f   sfc_mex:sfc_mex.obj
 0001:00054de0       sf_mex_lw_non_negative_check 0000000180055de0 f   sfc_mex:sfc_mex.obj
 0001:00054e20       sf_mex_overflow_error      0000000180055e20 f   sfc_mex:sfc_mex.obj
 0001:00054e30       sf_mex_dividebyzero_error  0000000180055e30 f   sfc_mex:sfc_mex.obj
 0001:00054e40       sf_mex_unsafe_enum_error   0000000180055e40 f   sfc_mex:sfc_mex.obj
 0001:00054e50       sf_emlrtErrHandler         0000000180055e50 f   sfc_mex:sfc_mex.obj
 0001:00054f10       sf_mex_printf              0000000180055f10 f   sfc_mex:sfc_mex.obj
 0001:000550a0       sf_mex_check_size          00000001800560a0 f   sfc_mex:sfc_mex.obj
 0001:00055370       sf_mex_check_struct        0000000180056370 f   sfc_mex:sfc_mex.obj
 0001:000555d0       sf_mex_check_struct_vs     00000001800565d0 f   sfc_mex:sfc_mex.obj
 0001:00055660       sf_mex_check_fi            0000000180056660 f   sfc_mex:sfc_mex.obj
 0001:00055760       sf_mex_check_fi_vs         0000000180056760 f   sfc_mex:sfc_mex.obj
 0001:00055800       sf_echo_expression         0000000180056800 f   sfc_mex:sfc_mex.obj
 0001:00055860       sf_assertion_failed        0000000180056860 f   sfc_mex:sfc_mex.obj
 0001:00055b40       sf_mex_evalin              0000000180056b40 f   sfc_mex:sfc_mex.obj
 0001:00055db0       sf_mex_export              0000000180056db0 f   sfc_mex:sfc_mex.obj
 0001:00055e70       sf_mex_get_ml_var_no_error 0000000180056e70 f   sfc_mex:sfc_mex.obj
 0001:00056010       sf_mex_get_ml_var          0000000180057010 f   sfc_mex:sfc_mex.obj
 0001:000564b0       ml_set_element_value_in_array 00000001800574b0 f   sfc_mex:sfc_mex.obj
 0001:00057b80       sf_mex_call_impl           0000000180058b80 f   sfc_mex:sfc_mex.obj
 0001:000580b0       sf_mex_call_debug          00000001800590b0 f   sfc_mex:sfc_mex.obj
 0001:000580e0       sf_mex_call                00000001800590e0 f   sfc_mex:sfc_mex.obj
 0001:00058730       sf_mex_createstruct        0000000180059730 f   sfc_mex:sfc_mex.obj
 0001:00058820       sf_mex_createstructarray   0000000180059820 f   sfc_mex:sfc_mex.obj
 0001:000588a0       sf_mex_get_mx_datatype_from_sf_datatype 00000001800598a0 f   sfc_mex:sfc_mex.obj
 0001:00058bb0       sf_mex_ml_var_sub          0000000180059bb0 f   sfc_mex:sfc_mex.obj
 0001:00058d80       sf_mex_ml_var_subsasgn     0000000180059d80 f   sfc_mex:sfc_mex.obj
 0001:00059170       sf_mex_sub                 000000018005a170 f   sfc_mex:sfc_mex.obj
 0001:00059370       sf_mex_subsasgn            000000018005a370 f   sfc_mex:sfc_mex.obj
 0001:00059850       sf_mex_create              000000018005a850 f   sfc_mex:sfc_mex.obj
 0001:0005a2a0       sf_mex_import_named        000000018005b2a0 f   sfc_mex:sfc_mex.obj
 0001:0005a300       sf_mex_import              000000018005b300 f   sfc_mex:sfc_mex.obj
 0001:0005a350       sf_mex_import_vs           000000018005b350 f   sfc_mex:sfc_mex.obj
 0001:0005a460       sf_mex_lower_fixpt_mx_array 000000018005b460 f   sfc_mex:sfc_mex.obj
 0001:0005aa50       sim_mode_is_rtw_gen        000000018005ba50 f   sfc_mex:sfc_sf.obj
 0001:0005aa80       sim_mode_is_external       000000018005ba80 f   sfc_mex:sfc_sf.obj
 0001:0005aa90       sim_mode_is_modelref_sim   000000018005ba90 f   sfc_mex:sfc_sf.obj
 0001:0005aab0       mdlInitializeSizes         000000018005bab0 f   sfc_mex:sfc_sf.obj
 0001:0005aad0       mdlInitializeSampleTimes   000000018005bad0 f   sfc_mex:sfc_sf.obj
 0001:0005ab10       mdlZeroCrossings           000000018005bb10 f   sfc_mex:sfc_sf.obj
 0001:0005abf0       mdlDerivatives             000000018005bbf0 f   sfc_mex:sfc_sf.obj
 0001:0005aca0       mdl_initialize_conditions_processing 000000018005bca0 f   sfc_mex:sfc_sf.obj
 0001:0005acd0       mdlInitializeConditions    000000018005bcd0 f   sfc_mex:sfc_sf.obj
 0001:0005ad90       mdlGetSimState             000000018005bd90 f   sfc_mex:sfc_sf.obj
 0001:0005ada0       mdlSetSimState             000000018005bda0 f   sfc_mex:sfc_sf.obj
 0001:0005adb0       mdl_ext_mode_exec_processing 000000018005bdb0 f   sfc_mex:sfc_sf.obj
 0001:0005add0       mdlExtModeExec             000000018005bdd0 f   sfc_mex:sfc_sf.obj
 0001:0005af60       mdlTerminate               000000018005bf60 f   sfc_mex:sfc_sf.obj
 0001:0005afd0       mdlRTW                     000000018005bfd0 f   sfc_mex:sfc_sf.obj
 0001:0005b000       mdlSetWorkWidths           000000018005c000 f   sfc_mex:sfc_sf.obj
 0001:0005b010       mdlProcessParameters       000000018005c010 f   sfc_mex:sfc_sf.obj
 0001:0005b020       mdl_start_processing       000000018005c020 f   sfc_mex:sfc_sf.obj
 0001:0005b060       mdlStart                   000000018005c060 f   sfc_mex:sfc_sf.obj
 0001:0005b150       mdlEnable                  000000018005c150 f   sfc_mex:sfc_sf.obj
 0001:0005b220       mdlDisable                 000000018005c220 f   sfc_mex:sfc_sf.obj
 0001:0005b2d0       sf_get_chart_instance_ptr  000000018005c2d0 f   sfc_mex:sfc_sf.obj
 0001:0005b2f0       sf_rtw_info_uint_prop      000000018005c2f0 f   sfc_mex:sfc_sf.obj
 0001:0005b460       sf_is_chart_inlinable      000000018005c460 f   sfc_mex:sfc_sf.obj
 0001:0005b480       sf_mark_output_events_with_multiple_callers 000000018005c480 f   sfc_mex:sfc_sf.obj
 0001:0005b640       sf_mark_chart_reusable_outputs 000000018005c640 f   sfc_mex:sfc_sf.obj
 0001:0005b8c0       sf_mark_chart_expressionable_inputs 000000018005c8c0 f   sfc_mex:sfc_sf.obj
 0001:0005bc20       sf_get_subchart_simstruct  000000018005cc20 f   sfc_mex:sfc_sf.obj
 0001:0005bc70       sf_write_symbol_mapping    000000018005cc70 f   sfc_mex:sfc_sf.obj
 0001:0005bec0       sf_get_fixpt_data_type_id  000000018005cec0 f   sfc_mex:sfc_sf.obj
 0001:0005bf00       sf_get_enum_data_type_id   000000018005cf00 f   sfc_mex:sfc_sf.obj
 0001:0005bf40       sf_get_param_data_type_id  000000018005cf40 f   sfc_mex:sfc_sf.obj
 0001:0005bf70       sf_mex_listen_for_ctrl_c_force 000000018005cf70 f   sfc_mex:sfc_sf.obj
 0001:0005c080       sf_mex_draw_now            000000018005d080 f   sfc_mex:sfc_sf.obj
 0001:0005c0c0       sf_mex_set_debugger_sim_status_listener_fcn 000000018005d0c0 f   sfc_mex:sfc_sf.obj
 0001:0005c0d0       sf_mex_listen_for_ctrl_c   000000018005d0d0 f   sfc_mex:sfc_sf.obj
 0001:0005c160       sf_mex_get_sfun_param      000000018005d160 f   sfc_mex:sfc_sf.obj
 0001:0005c1b0       sf_get_runtime_param_data  000000018005d1b0 f   sfc_mex:sfc_sf.obj
 0001:0005c1f0       sf_call_output_fcn_call    000000018005d1f0 f   sfc_mex:sfc_sf.obj
 0001:0005c330       sf_call_output_fcn_enable  000000018005d330 f   sfc_mex:sfc_sf.obj
 0001:0005c3c0       sf_call_output_fcn_disable 000000018005d3c0 f   sfc_mex:sfc_sf.obj
 0001:0005c450       sf_clear_rtw_identifier    000000018005d450 f   sfc_mex:sfc_sf.obj
 0001:0005cc40       sf_set_encoded_dwork_info  000000018005dc40 f   sfc_mex:sfc_sf.obj
 0001:0005cc90       sf_get_dwork_info_from_mat_file 000000018005dc90 f   sfc_mex:sfc_sf.obj
 0001:0005ce80       sf_set_rtw_dwork_info      000000018005de80 f   sfc_mex:sfc_sf.obj
 0001:0005cff0       mdlOutputs                 000000018005dff0 f   sfc_mex:sfc_sf.obj
 0001:0005d190       sf_debug_disp              000000018005e190 f   sfc_debug:sfcdebug.obj
 0001:0005d3f0       sf_debug_data_runtime_size_mismatch_error_check 000000018005e3f0 f   sfc_debug:sfcdebug.obj
 0001:0005d490       sf_debug_try_loading_machine 000000018005e490 f   sfc_debug:sfcdebug.obj
 0001:0005d590       sf_debug_reset_current_state_configuration 000000018005e590 f   sfc_debug:sfcdebug.obj
 0001:0005d620       sf_debug_store_current_state_configuration 000000018005e620 f   sfc_debug:sfcdebug.obj
 0001:0005d6b0       sf_debug_restore_previous_state_configuration 000000018005e6b0 f   sfc_debug:sfcdebug.obj
 0001:0005d740       sf_debug_restore_previous_state_configuration2 000000018005e740 f   sfc_debug:sfcdebug.obj
 0001:0005d7d0       sf_debug_get_event_scope   000000018005e7d0 f   sfc_debug:sfcdebug.obj
 0001:0005d940       use_debugger_step_animation 000000018005e940 f   sfc_debug:sfcdebug.obj
 0001:0005d960       sf_debug_get_script_id     000000018005e960 f   sfc_debug:sfcdebug.obj
 0001:0005d9f0       sf_debug_set_script_translation 000000018005e9f0 f   sfc_debug:sfcdebug.obj
 0001:0005dab0       sf_debug_get_current_machine_id 000000018005eab0 f   sfc_debug:sfcdebug.obj
 0001:0005dad0       sf_debug_get_current_optional_integer 000000018005ead0 f   sfc_debug:sfcdebug.obj
 0001:0005dae0       sf_debug_get_current_machine_number 000000018005eae0 f   sfc_debug:sfcdebug.obj
 0001:0005db00       sf_debug_get_current_machine_name 000000018005eb00 f   sfc_debug:sfcdebug.obj
 0001:0005db20       sf_debug_get_current_chart_id 000000018005eb20 f   sfc_debug:sfcdebug.obj
 0001:0005db70       sf_debug_get_current_chart_number 000000018005eb70 f   sfc_debug:sfcdebug.obj
 0001:0005db80       sf_debug_get_current_instance_number 000000018005eb80 f   sfc_debug:sfcdebug.obj
 0001:0005db90       sf_debug_get_current_is_minor_time_step 000000018005eb90 f   sfc_debug:sfcdebug.obj
 0001:0005dc10       sf_debug_get_current_object_type 000000018005ec10 f   sfc_debug:sfcdebug.obj
 0001:0005dc20       sf_debug_get_current_instance_handle 000000018005ec20 f   sfc_debug:sfcdebug.obj
 0001:0005dc80       sf_debug_get_current_event_type 000000018005ec80 f   sfc_debug:sfcdebug.obj
 0001:0005dc90       sf_debug_get_current_object_id 000000018005ec90 f   sfc_debug:sfcdebug.obj
 0001:0005dcd0       sf_debug_get_current_active_event_type 000000018005ecd0 f   sfc_debug:sfcdebug.obj
 0001:0005dce0       sf_debug_get_current_active_event_id 000000018005ece0 f   sfc_debug:sfcdebug.obj
 0001:0005dd20       sf_debug_get_current_tag_type 000000018005ed20 f   sfc_debug:sfcdebug.obj
 0001:0005dd30       sf_debug_get_current_simulation_time 000000018005ed30 f   sfc_debug:sfcdebug.obj
 0001:0005dd40       sf_debug_get_current_coverage_percentage 000000018005ed40 f   sfc_debug:sfcdebug.obj
 0001:0005dd50       sf_debug_current_statement_context 000000018005ed50 f   sfc_debug:sfcdebug.obj
 0001:0005dde0       sf_debug_get_current_statement_info 000000018005ede0 f   sfc_debug:sfcdebug.obj
 0001:0005df60       sf_debug_terminate_instance 000000018005ef60 f   sfc_debug:sfcdebug.obj
 0001:0005e270       sf_debug_assertion_failed  000000018005f270 f   sfc_debug:sfcdebug.obj
 0001:0005e420       sf_debug_set_number_of_data_with_change_event_for_machine 000000018005f420 f   sfc_debug:sfcdebug.obj
 0001:0005e460       sf_debug_set_machine_event_thresholds 000000018005f460 f   sfc_debug:sfcdebug.obj
 0001:0005e480       sf_debug_set_machine_event_scope 000000018005f480 f   sfc_debug:sfcdebug.obj
 0001:0005e4c0       sf_debug_set_machine_data_thresholds 000000018005f4c0 f   sfc_debug:sfcdebug.obj
 0001:0005e500       sf_debug_set_machine_data_scope 000000018005f500 f   sfc_debug:sfcdebug.obj
 0001:0005e590       sf_debug_set_machine_data_name 000000018005f590 f   sfc_debug:sfcdebug.obj
 0001:0005e630       sf_debug_set_machine_data_size 000000018005f630 f   sfc_debug:sfcdebug.obj
 0001:0005e770       sf_debug_set_machine_data_type 000000018005f770 f   sfc_debug:sfcdebug.obj
 0001:0005e8e0       sf_debug_get_chart_data_number 000000018005f8e0 f   sfc_debug:sfcdebug.obj
 0001:0005e900       sf_debug_get_chart_event_number 000000018005f900 f   sfc_debug:sfcdebug.obj
 0001:0005e920       sf_debug_set_chart_state_info 000000018005f920 f   sfc_debug:sfcdebug.obj
 0001:0005e9a0       sf_debug_set_chart_decomposition 000000018005f9a0 f   sfc_debug:sfcdebug.obj
 0001:0005ea10       sf_debug_set_chart_substate_count 000000018005fa10 f   sfc_debug:sfcdebug.obj
 0001:0005eaf0       sf_debug_set_chart_substate_index 000000018005faf0 f   sfc_debug:sfcdebug.obj
 0001:0005eb60       sf_debug_set_chart_state_substate_count 000000018005fb60 f   sfc_debug:sfcdebug.obj
 0001:0005ec70       sf_debug_set_chart_state_substate_index 000000018005fc70 f   sfc_debug:sfcdebug.obj
 0001:0005ecf0       sf_debug_set_number_of_data_with_change_event_for_chart 000000018005fcf0 f   sfc_debug:sfcdebug.obj
 0001:0005ed70       sf_debug_set_number_of_states_with_entry_event_for_chart 000000018005fd70 f   sfc_debug:sfcdebug.obj
 0001:0005ede0       sf_debug_set_number_of_states_with_exit_event_for_chart 000000018005fde0 f   sfc_debug:sfcdebug.obj
 0001:0005ee50       sf_debug_set_chart_disable_implicit_casting 000000018005fe50 f   sfc_debug:sfcdebug.obj
 0001:0005eec0       sf_debug_set_chart_event_thresholds 000000018005fec0 f   sfc_debug:sfcdebug.obj
 0001:0005ef30       sf_debug_set_chart_data_compiled_props 000000018005ff30 f   sfc_debug:sfcdebug.obj
 0001:0005f280       sf_debug_set_chart_data_props 0000000180060280 f   sfc_debug:sfcdebug.obj
 0001:0005f5a0       sf_debug_check_fi_license  00000001800605a0 f   sfc_debug:sfcdebug.obj
 0001:0005f790       sf_debug_symbol_scope_push 0000000180060790 f   sfc_debug:sfcdebug.obj
 0001:0005f7d0       sf_debug_symbol_scope_push_eml 00000001800607d0 f   sfc_debug:sfcdebug.obj
 0001:0005f820       sf_debug_symbol_scope_pop  0000000180060820 f   sfc_debug:sfcdebug.obj
 0001:0005f860       sf_debug_symbol_scope_add_importable 0000000180060860 f   sfc_debug:sfcdebug.obj
 0001:0005f8e0       sf_debug_symbol_scope_add  00000001800608e0 f   sfc_debug:sfcdebug.obj
 0001:0005f960       sf_debug_symbol_scope_add_dyn_importable 0000000180060960 f   sfc_debug:sfcdebug.obj
 0001:0005fa20       sf_debug_symbol_scope_add_dyn 0000000180060a20 f   sfc_debug:sfcdebug.obj
 0001:0005fa50       sf_debug_symbol_scope_add_eml_importable 0000000180060a50 f   sfc_debug:sfcdebug.obj
 0001:0005fa90       sf_debug_symbol_scope_add_eml 0000000180060a90 f   sfc_debug:sfcdebug.obj
 0001:0005fad0       sf_debug_symbol_scope_add_eml_dyn_importable 0000000180060ad0 f   sfc_debug:sfcdebug.obj
 0001:0005fb40       sf_debug_symbol_scope_add_eml_dyn 0000000180060b40 f   sfc_debug:sfcdebug.obj
 0001:0005fba0       sf_debug_symbol_switch     0000000180060ba0 f   sfc_debug:sfcdebug.obj
 0001:0005fbc0       sf_debug_symbol_scope_add_verbose 0000000180060bc0 f   sfc_debug:sfcdebug.obj
 0001:0005fc90       sf_debug_set_machine_data_value_ptr 0000000180060c90 f   sfc_debug:sfcdebug.obj
 0001:0005fcd0       sf_debug_set_instance_data_value_ptr 0000000180060cd0 f   sfc_debug:sfcdebug.obj
 0001:0005fd90       sf_debug_unset_instance_data_value_ptr 0000000180060d90 f   sfc_debug:sfcdebug.obj
 0001:0005fe40       sf_debug_set_chart_event_scope 0000000180060e40 f   sfc_debug:sfcdebug.obj
 0001:0005fec0       sf_debug_set_chart_transition_coverage_maps 0000000180060ec0 f   sfc_debug:sfcdebug.obj
 0001:0005ffd0       sf_debug_set_chart_state_coverage_maps 0000000180060fd0 f   sfc_debug:sfcdebug.obj
 0001:000600b0       sf_debug_set_instance_transition_coverage_weights 00000001800610b0 f   sfc_debug:sfcdebug.obj
 0001:00060150       sf_debug_set_instance_state_coverage_weights 0000000180061150 f   sfc_debug:sfcdebug.obj
 0001:000603a0       sf_debug_unload_machine    00000001800613a0 f   sfc_debug:sfcdebug.obj
 0001:000603f0       sf_debug_load_machine      00000001800613f0 f   sfc_debug:sfcdebug.obj
 0001:000604f0       sf_debug_set_active_instance_in_data_dictionary 00000001800614f0 f   sfc_debug:sfcdebug.obj
 0001:000606d0       sf_debug_set_active_instance 00000001800616d0 f   sfc_debug:sfcdebug.obj
 0001:00060810       sf_debug_chart_visiblity_change 0000000180061810 f   sfc_debug:sfcdebug.obj
 0001:000608f0       sf_debug_select_chart      00000001800618f0 f   sfc_debug:sfcdebug.obj
 0001:000609c0       sf_debug_set_instance_cv_ids 00000001800619c0 f   sfc_debug:sfcdebug.obj
 0001:00060cd0       sf_debug_select_charts     0000000180061cd0 f   sfc_debug:sfcdebug.obj
 0001:00060e10       sf_debug_initialized       0000000180061e10 f   sfc_debug:sfcdebug.obj
 0001:00060e20       sf_debug_is_uninterruptible 0000000180061e20 f   sfc_debug:sfcdebug.obj
 0001:00060e50       sf_debug_initialize_debugger_gui 0000000180061e50 f   sfc_debug:sfcdebug.obj
 0001:00061240       sf_debug_resume            0000000180062240 f   sfc_debug:sfcdebug.obj
 0001:00061260       sf_debug_go                0000000180062260 f   sfc_debug:sfcdebug.obj
 0001:00061270       sf_debug_break             0000000180062270 f   sfc_debug:sfcdebug.obj
 0001:00061280       sf_debug_step_over         0000000180062280 f   sfc_debug:sfcdebug.obj
 0001:00061290       sf_debug_step_out          0000000180062290 f   sfc_debug:sfcdebug.obj
 0001:000612a0       sf_debug_set_disable_all_breakpoints 00000001800622a0 f   sfc_debug:sfcdebug.obj
 0001:000612b0       sf_debug_disable_all_breakpoints_and_go 00000001800622b0 f   sfc_debug:sfcdebug.obj
 0001:000612c0       sf_debug_break_on_chart_entry 00000001800622c0 f   sfc_debug:sfcdebug.obj
 0001:000612d0       sf_debug_break_on_event_broadcast 00000001800622d0 f   sfc_debug:sfcdebug.obj
 0001:000612e0       sf_debug_break_on_state_entry 00000001800622e0 f   sfc_debug:sfcdebug.obj
 0001:000612f0       sf_debug_break_between_times 00000001800622f0 f   sfc_debug:sfcdebug.obj
 0001:00061310       sf_debug_browse_data       0000000180062310 f   sfc_debug:sfcdebug.obj
 0001:00061330       sf_debug_watch_data        0000000180062330 f   sfc_debug:sfcdebug.obj
 0001:00061350       sf_debug_assign_data       0000000180062350 f   sfc_debug:sfcdebug.obj
 0001:00061370       sf_debug_whos              0000000180062370 f   sfc_debug:sfcdebug.obj
 0001:00061390       sf_debug_get_consistency_info 0000000180062390 f   sfc_debug:sfcdebug.obj
 0001:000613a0       sf_debug_browse_trace      00000001800623a0 f   sfc_debug:sfcdebug.obj
 0001:000613b0       sf_debug_set_breakpoints   00000001800623b0 f   sfc_debug:sfcdebug.obj
 0001:00061510       sf_debug_set_eml_breakpoints 0000000180062510 f   sfc_debug:sfcdebug.obj
 0001:00061670       sf_debug_set_script_breakpoints 0000000180062670 f   sfc_debug:sfcdebug.obj
 0001:000616f0       sf_debug_add_script_breakpoints 00000001800626f0 f   sfc_debug:sfcdebug.obj
 0001:00061760       sf_debug_clear_script_breakpoints 0000000180062760 f   sfc_debug:sfcdebug.obj
 0001:000617d0       sf_debug_query_script_breakpoints 00000001800627d0 f   sfc_debug:sfcdebug.obj
 0001:00061890       sf_debug_get_eml_script_id 0000000180062890 f   sfc_debug:sfcdebug.obj
 0001:000618e0       sf_debug_set_watch         00000001800628e0 f   sfc_debug:sfcdebug.obj
 0001:00061b10       sf_debug_get_coverage      0000000180062b10 f   sfc_debug:sfcdebug.obj
 0001:00061b20       sf_debug_get_instance_handle 0000000180062b20 f   sfc_debug:sfcdebug.obj
 0001:00061bb0       sf_debug_get_active_states 0000000180062bb0 f   sfc_debug:sfcdebug.obj
 0001:00061bc0       sf_debug_get_animation     0000000180062bc0 f   sfc_debug:sfcdebug.obj
 0001:00061bd0       sf_debug_set_animation     0000000180062bd0 f   sfc_debug:sfcdebug.obj
 0001:00061be0       sf_debug_animate           0000000180062be0 f   sfc_debug:sfcdebug.obj
 0001:00061c10       sf_debug_cycle_detection_check 0000000180062c10 f   sfc_debug:sfcdebug.obj
 0001:00061c20       sf_debug_data_range_check  0000000180062c20 f   sfc_debug:sfcdebug.obj
 0001:00061c30       sf_debug_transition_conflict_check 0000000180062c30 f   sfc_debug:sfcdebug.obj
 0001:00061c40       sf_debug_state_consistency_check 0000000180062c40 f   sfc_debug:sfcdebug.obj
 0001:00061c50       sf_debug_data_range_check_enabled 0000000180062c50 f   sfc_debug:sfcdebug.obj
 0001:00061c70       sf_debug_transition_conflict_check_enabled 0000000180062c70 f   sfc_debug:sfcdebug.obj
 0001:00061c90       sf_debug_transition_conflict_check_begin 0000000180062c90 f   sfc_debug:sfcdebug.obj
 0001:00061cb0       sf_debug_transition_conflict_check_end 0000000180062cb0 f   sfc_debug:sfcdebug.obj
 0001:00061cd0       sf_debug_stop_debugging    0000000180062cd0 f   sfc_debug:sfcdebug.obj
 0001:00061d00       sf_debug_is_cycle_detected 0000000180062d00 f   sfc_debug:sfcdebug.obj
 0001:00061d10       sf_debug_is_array_bounds_detected 0000000180062d10 f   sfc_debug:sfcdebug.obj
 0001:00061d20       sf_debug_get_state_vectors_data_size 0000000180062d20 f   sfc_debug:sfcdebug.obj
 0001:00061d60       sf_debug_get_state_vectors_data 0000000180062d60 f   sfc_debug:sfcdebug.obj
 0001:00061e60       sf_debug_set_state_vectors_data 0000000180062e60 f   sfc_debug:sfcdebug.obj
 0001:00062120       sf_debug_get_script_index  0000000180063120 f   sfc_debug:sfcdebug.obj
 0001:000622b0       sf_debug_add_script        00000001800632b0 f   sfc_debug:sfcdebug.obj
 0001:00062440       cv_eval_point              0000000180063440 f   sfc_debug:sfcdebug.obj
 0001:000625b0       sf_debug_cv_init_state     00000001800635b0 f   sfc_debug:sfcdebug.obj
 0001:000626d0       sf_debug_cv_init_chart     00000001800636d0 f   sfc_debug:sfcdebug.obj
 0001:000627b0       sf_debug_cv_init_trans     00000001800637b0 f   sfc_debug:sfcdebug.obj
 0001:00062920       cv_eml_init_script         0000000180063920 f   sfc_debug:sfcdebug.obj
 0001:00062a00       cv_eml_init_fcn            0000000180063a00 f   sfc_debug:sfcdebug.obj
 0001:00062ab0       cv_eml_init_testobjective  0000000180063ab0 f   sfc_debug:sfcdebug.obj
 0001:00062b60       cv_eml_init_if             0000000180063b60 f   sfc_debug:sfcdebug.obj
 0001:00062c10       cv_eml_init_for            0000000180063c10 f   sfc_debug:sfcdebug.obj
 0001:00062cc0       cv_eml_init_while          0000000180063cc0 f   sfc_debug:sfcdebug.obj
 0001:00062d70       cv_eml_init_mcdc           0000000180063d70 f   sfc_debug:sfcdebug.obj
 0001:00062e70       cv_eml_init_switch         0000000180063e70 f   sfc_debug:sfcdebug.obj
 0001:00062f50       cv_eml_eval                0000000180063f50 f   sfc_debug:sfcdebug.obj
 0001:00063030       sf_debug_bm_is_a_eml_breakpoint 0000000180064030 f   sfc_debug:sfcdebug.obj
 0001:00063180       sf_debug_temporal_threshold 0000000180064180 f   sfc_debug:sfcdebug.obj
 0001:000634e0       sf_debug_transition_conflict_error 00000001800644e0 f   sfc_debug:sfcdebug.obj
 0001:00063860       sf_debug_state_inconsistency_error 0000000180064860 f   sfc_debug:sfcdebug.obj
 0001:00063980       sf_debug_check_for_state_inconsistency 0000000180064980 f   sfc_debug:sfcdebug.obj
 0001:000639b0       sf_debug_cycle_detecton_error 00000001800649b0 f   sfc_debug:sfcdebug.obj
 0001:000641a0       sf_debug_size_eq_check_1d  00000001800651a0 f   sfc_debug:sfcdebug.obj
 0001:000641c0       sf_debug_size_eq_check_nd  00000001800651c0 f   sfc_debug:sfcdebug.obj
 0001:000643a0       sf_debug_dim_size_eq_check 00000001800653a0 f   sfc_debug:sfcdebug.obj
 0001:000643d0       sf_debug_dim_size_geq_check 00000001800653d0 f   sfc_debug:sfcdebug.obj
 0001:00064400       sf_debug_sub_assign_size_check_nd 0000000180065400 f   sfc_debug:sfcdebug.obj
 0001:00064640       sf_debug_matrix_matrix_index_check 0000000180065640 f   sfc_debug:sfcdebug.obj
 0001:00064670       sf_debug_vector_vector_index_check 0000000180065670 f   sfc_debug:sfcdebug.obj
 0001:000646a0       sf_debug_runtime_error_msgid 00000001800656a0 f   sfc_debug:sfcdebug.obj
 0001:00064730       sf_debug_data_array_bounds_error_check 0000000180065730 f   sfc_debug:sfcdebug.obj
 0001:00064840       sf_debug_eml_data_array_bounds_error_check 0000000180065840 f   sfc_debug:sfcdebug.obj
 0001:00064d20       sf_debug_integer_check     0000000180065d20 f   sfc_debug:sfcdebug.obj
 0001:00064e00       sf_debug_not_nan_check     0000000180065e00 f   sfc_debug:sfcdebug.obj
 0001:00064ec0       sf_debug_non_negative_check 0000000180065ec0 f   sfc_debug:sfcdebug.obj
 0001:00064f80       sf_debug_overflow_detection 0000000180065f80 f   sfc_debug:sfcdebug.obj
 0001:00065670       sf_debug_cast_to_real32_T  0000000180066670 f   sfc_debug:sfcdebug.obj
 0001:00065730       sf_debug_cast_to_int8_T    0000000180066730 f   sfc_debug:sfcdebug.obj
 0001:000657f0       sf_debug_cast_to_uint8_T   00000001800667f0 f   sfc_debug:sfcdebug.obj
 0001:000658b0       sf_debug_cast_to_int16_T   00000001800668b0 f   sfc_debug:sfcdebug.obj
 0001:00065970       sf_debug_cast_to_uint16_T  0000000180066970 f   sfc_debug:sfcdebug.obj
 0001:00065a30       sf_debug_cast_to_int32_T   0000000180066a30 f   sfc_debug:sfcdebug.obj
 0001:00065af0       sf_debug_cast_to_uint32_T  0000000180066af0 f   sfc_debug:sfcdebug.obj
 0001:00065bb0       sf_debug_data_range_error  0000000180066bb0 f   sfc_debug:sfcdebug.obj
 0001:00066030       sf_debug_data_range_error_wrapper_min_max 0000000180067030 f   sfc_debug:sfcdebug.obj
 0001:00066120       sf_debug_data_range_error_wrapper_min 0000000180067120 f   sfc_debug:sfcdebug.obj
 0001:00066200       sf_debug_data_range_error_wrapper_max 0000000180067200 f   sfc_debug:sfcdebug.obj
 0001:000662e0       sf_debug_data_range_wrapper 00000001800672e0 f   sfc_debug:sfcdebug.obj
 0001:00066390       sf_debug_set_current_status_info 0000000180067390 f   sfc_debug:sfcdebug.obj
 0001:00066740       sf_debug_call              0000000180067740 f   sfc_debug:sfcdebug.obj
 0001:00067600       sf_debug_initialize_machine 0000000180068600 f   sfc_debug:sfcdebug.obj
 0001:00067910       sf_debug_initialize_chart  0000000180068910 f   sfc_debug:sfcdebug.obj
 0001:00067df0       sf_debug_ensure_script     0000000180068df0 f   sfc_debug:sfcdebug.obj
 0001:00067eb0       cv_script_init_script      0000000180068eb0 f   sfc_debug:sfcdebug.obj
 0001:00067f90       cv_script_init_fcn         0000000180068f90 f   sfc_debug:sfcdebug.obj
 0001:00068040       cv_script_init_testobjective 0000000180069040 f   sfc_debug:sfcdebug.obj
 0001:000680f0       cv_script_init_if          00000001800690f0 f   sfc_debug:sfcdebug.obj
 0001:000681a0       cv_script_init_for         00000001800691a0 f   sfc_debug:sfcdebug.obj
 0001:00068250       cv_script_init_while       0000000180069250 f   sfc_debug:sfcdebug.obj
 0001:00068300       cv_script_init_mcdc        0000000180069300 f   sfc_debug:sfcdebug.obj
 0001:00068400       cv_script_init_switch      0000000180069400 f   sfc_debug:sfcdebug.obj
 0001:000684e0       cv_script_eval             00000001800694e0 f   sfc_debug:sfcdebug.obj
 0001:000685c0       eml_debug_line_call        00000001800695c0 f   sfc_debug:sfcdebug.obj
 0001:00068770       sf_debug_terminate         0000000180069770 f   sfc_debug:sfcdebug.obj
 0001:000688e0       sf_debug_set_script_cv_ids 00000001800698e0 f   sfc_debug:sfcdebug.obj
 0001:00068ab0       sf_debug_api               0000000180069ab0 f   sfc_debug:sfc_api.obj
 0001:0006a2e0       sf_debug_sm_terminate      000000018006b2e0 f   sfc_debug:sfdb_animation.obj
 0001:0006a4a0       sf_debug_reset_path_objects 000000018006b4a0 f   sfc_debug:sfdb_animation.obj
 0001:0006a520       sf_debug_sm_reset_object_selection_status 000000018006b520 f   sfc_debug:sfdb_animation.obj
 0001:0006a5c0       sf_debug_sm_reset_state_buffer 000000018006b5c0 f   sfc_debug:sfdb_animation.obj
 0001:0006a690       sf_debug_sm_store_state_buffer 000000018006b690 f   sfc_debug:sfdb_animation.obj
 0001:0006a710       sf_debug_sm_restore_state_buffer1 000000018006b710 f   sfc_debug:sfdb_animation.obj
 0001:0006a780       sf_debug_sm_restore_state_buffer2 000000018006b780 f   sfc_debug:sfdb_animation.obj
 0001:0006a7f0       sf_debug_sm_chart_active   000000018006b7f0 f   sfc_debug:sfdb_animation.obj
 0001:0006a840       sf_debug_sm_select_active_objects 000000018006b840 f   sfc_debug:sfdb_animation.obj
 0001:0006acf0       sf_debug_sm_is_chart_active 000000018006bcf0 f   sfc_debug:sfdb_animation.obj
 0001:0006ad30       sf_debug_sm_is_state_active 000000018006bd30 f   sfc_debug:sfdb_animation.obj
 0001:0006af70       sf_debug_sm_get_active_states 000000018006bf70 f   sfc_debug:sfdb_animation.obj
 0001:0006b530       sf_debug_sm_initialize_instance 000000018006c530 f   sfc_debug:sfdb_animation.obj
 0001:0006b780       sf_debug_sm_change_object_selection_status 000000018006c780 f   sfc_debug:sfdb_animation.obj
 0001:0006ba70       cv_create_interface        000000018006ca70 f   sfc_debug:cv_sfinterface.obj
 0001:0006bdd0       cv_init_trans              000000018006cdd0 f   sfc_debug:cv_sfinterface.obj
 0001:0006be20       cv_init_state              000000018006ce20 f   sfc_debug:cv_sfinterface.obj
 0001:0006be90       cv_init_chart              000000018006ce90 f   sfc_debug:cv_sfinterface.obj
 0001:0006bee0       cv_dec_update_call         000000018006cee0 f   sfc_debug:cv_sfinterface.obj
 0001:0006bf20       cv_cond_update_call        000000018006cf20 f   sfc_debug:cv_sfinterface.obj
 0001:0006bf60       cv_sigrange_update         000000018006cf60 f   sfc_debug:cv_sfinterface.obj
 0001:0006bfa0       cvsf_eml_eval              000000018006cfa0 f   sfc_debug:cv_sfinterface.obj
 0001:0006c080       cvsf_eml_init_script       000000018006d080 f   sfc_debug:cv_sfinterface.obj
 0001:0006c100       cvsf_eml_init_fcn          000000018006d100 f   sfc_debug:cv_sfinterface.obj
 0001:0006c160       cvsf_eml_init_testobjective 000000018006d160 f   sfc_debug:cv_sfinterface.obj
 0001:0006c1c0       cvsf_eml_init_if           000000018006d1c0 f   sfc_debug:cv_sfinterface.obj
 0001:0006c220       cvsf_eml_init_for          000000018006d220 f   sfc_debug:cv_sfinterface.obj
 0001:0006c270       cvsf_eml_init_while        000000018006d270 f   sfc_debug:cv_sfinterface.obj
 0001:0006c2c0       cvsf_eml_init_mcdc         000000018006d2c0 f   sfc_debug:cv_sfinterface.obj
 0001:0006c350       cvsf_eml_init_switch       000000018006d350 f   sfc_debug:cv_sfinterface.obj
 0001:0006c3c0       cvsf_script_eval           000000018006d3c0 f   sfc_debug:cv_sfinterface.obj
 0001:0006c4a0       cvsf_script_init_script    000000018006d4a0 f   sfc_debug:cv_sfinterface.obj
 0001:0006c520       cvsf_script_init_fcn       000000018006d520 f   sfc_debug:cv_sfinterface.obj
 0001:0006c580       cvsf_script_init_testobjective 000000018006d580 f   sfc_debug:cv_sfinterface.obj
 0001:0006c5e0       cvsf_script_init_if        000000018006d5e0 f   sfc_debug:cv_sfinterface.obj
 0001:0006c640       cvsf_script_init_for       000000018006d640 f   sfc_debug:cv_sfinterface.obj
 0001:0006c690       cvsf_script_init_while     000000018006d690 f   sfc_debug:cv_sfinterface.obj
 0001:0006c6e0       cvsf_script_init_mcdc      000000018006d6e0 f   sfc_debug:cv_sfinterface.obj
 0001:0006c770       cvsf_script_init_switch    000000018006d770 f   sfc_debug:cv_sfinterface.obj
 0001:0006c7e0       cv_destroy_interface       000000018006d7e0 f   sfc_debug:cv_sfinterface.obj
 0001:0006c800       cv_create_instance_objects 000000018006d800 f   sfc_debug:cv_sfinterface.obj
 0001:0006ccb0       cv_is_enabled              000000018006dcb0 f   sfc_debug:cv_sfinterface.obj
 0001:0006ccc0       sf_debug_cv_initialize_script 000000018006dcc0 f   sfc_debug:cv_sfinterface.obj
 0001:0006ce70       sf_debug_cv_initialize_instance 000000018006de70 f   sfc_debug:cv_sfinterface.obj
 0001:0006d210       sf_debug_cv_terminate_chart 000000018006e210 f   sfc_debug:cv_sfinterface.obj
 0001:0006d350       cv_call_trans_test         000000018006e350 f   sfc_debug:cv_sfinterface.obj
 0001:0006d360       cv_call_sub_cond_test      000000018006e360 f   sfc_debug:cv_sfinterface.obj
 0001:0006d490       sf_debug_hm_initialize_instance 000000018006e490 f   sfc_debug:sfdb_handle_management.obj
 0001:0006da10       sf_debug_hm_get_object_id  000000018006ea10 f   sfc_debug:sfdb_handle_management.obj
 0001:0006f980       sf_debug_object_is_eml_function 0000000180070980 f   sfc_debug:sfdb_handle_management.obj
 0001:0006f9f0       sf_debug_hm_initialize_ids_in_machine 00000001800709f0 f   sfc_debug:sfdb_handle_management.obj
 0001:0006fb60       sf_debug_hm_initialize_ids_in_chart 0000000180070b60 f   sfc_debug:sfdb_handle_management.obj
 0001:0006fca0       sf_debug_hm_initialize_chart 0000000180070ca0 f   sfc_debug:sfdb_handle_management.obj
 0001:00070450       sf_debug_hm_terminate      0000000180071450 f   sfc_debug:sfdb_handle_management.obj
 0001:000704b0       sf_debug_hm_initialize_machine 00000001800714b0 f   sfc_debug:sfdb_handle_management.obj
 0001:00070c60       sf_debug_st_initialize_machine 0000000180071c60 f   sfc_debug:sfdb_data_browse.obj
 0001:00070d20       sf_debug_st_initialize_instance 0000000180071d20 f   sfc_debug:sfdb_data_browse.obj
 0001:00070f50       sf_debug_st_terminate      0000000180071f50 f   sfc_debug:sfdb_data_browse.obj
 0001:000712f0       sf_debug_st_set_data_value_ptr_in_machine 00000001800722f0 f   sfc_debug:sfdb_data_browse.obj
 0001:00071380       sf_debug_st_set_data_value_ptr_in_instance 0000000180072380 f   sfc_debug:sfdb_data_browse.obj
 0001:00071460       sf_debug_st_unset_data_value_ptr_in_machine 0000000180072460 f   sfc_debug:sfdb_data_browse.obj
 0001:000714d0       sf_debug_st_unset_data_value_ptr_in_instance 00000001800724d0 f   sfc_debug:sfdb_data_browse.obj
 0001:000717e0       sf_debug_mx_value          00000001800727e0 f   sfc_debug:sfdb_data_browse.obj
 0001:00071840       sf_debug_mx_packed_vector  0000000180072840 f   sfc_debug:sfdb_data_browse.obj
 0001:00071920       sf_debug_mx_uint_vector    0000000180072920 f   sfc_debug:sfdb_data_browse.obj
 0001:000719e0       sf_debug_st_get_double_value_from_void_ptr_vector 00000001800729e0 f   sfc_debug:sfdb_data_browse.obj
 0001:000724d0       sf_debug_st_browse_data    00000001800734d0 f   sfc_debug:sfdb_data_browse.obj
 0001:00072c70       sf_debug_ss_initialize     0000000180073c70 f   sfc_debug:sfdb_symbol_scope.obj
 0001:00072c90       sf_debug_ss_terminate      0000000180073c90 f   sfc_debug:sfdb_symbol_scope.obj
 0001:00072d20       sf_debug_ss_push_symbol_scope 0000000180073d20 f   sfc_debug:sfdb_symbol_scope.obj
 0001:00072e20       sf_debug_ss_push_symbol_scope_eml 0000000180073e20 f   sfc_debug:sfdb_symbol_scope.obj
 0001:00072e80       sf_debug_ss_pop_symbol_scope 0000000180073e80 f   sfc_debug:sfdb_symbol_scope.obj
 0001:00072f30       sf_debug_ss_add_symbol     0000000180073f30 f   sfc_debug:sfdb_symbol_scope.obj
 0001:00073090       sf_debug_ss_add_symbol_eml 0000000180074090 f   sfc_debug:sfdb_symbol_scope.obj
 0001:00073d70       sf_debug_ss_set_data_value 0000000180074d70 f   sfc_debug:sfdb_symbol_scope.obj
 0001:00074210       sf_debug_ss_watch_data     0000000180075210 f   sfc_debug:sfdb_symbol_scope.obj
 0001:000742b0       sf_debug_ss_assign_data    00000001800752b0 f   sfc_debug:sfdb_symbol_scope.obj
 0001:00074cb0       get_data_entry_name        0000000180075cb0 f   sfc_debug:sfdb_symbol_scope.obj
 0001:00074d00       sf_debug_ss_whos           0000000180075d00 f   sfc_debug:sfdb_symbol_scope.obj
 0001:00075410       sf_debug_cc_initialize_chart 0000000180076410 f   sfc_debug:sfdb_coverage.obj
 0001:00075e00       sf_debug_cc_initialize_instance 0000000180076e00 f   sfc_debug:sfdb_coverage.obj
 0001:00076c00       sf_debug_cc_terminate      0000000180077c00 f   sfc_debug:sfdb_coverage.obj
 0001:00076cf0       sf_debug_cc_set_transition_maps 0000000180077cf0 f   sfc_debug:sfdb_coverage.obj
 0001:00076e20       sf_debug_cc_set_state_maps 0000000180077e20 f   sfc_debug:sfdb_coverage.obj
 0001:00076f00       sf_debug_cc_set_transition_weights 0000000180077f00 f   sfc_debug:sfdb_coverage.obj
 0001:000771d0       sf_debug_cc_set_state_weights 00000001800781d0 f   sfc_debug:sfdb_coverage.obj
 0001:000774a0       sf_debug_cc_mark_transition_guard 00000001800784a0 f   sfc_debug:sfdb_coverage.obj
 0001:00077530       sf_debug_cc_mark_transition_trigger 0000000180078530 f   sfc_debug:sfdb_coverage.obj
 0001:000775c0       sf_debug_cc_mark_transition_decision 00000001800785c0 f   sfc_debug:sfdb_coverage.obj
 0001:00077630       sf_debug_cc_mark_transition_condition_action 0000000180078630 f   sfc_debug:sfdb_coverage.obj
 0001:00077680       sf_debug_cc_mark_transition_transition_action 0000000180078680 f   sfc_debug:sfdb_coverage.obj
 0001:000776d0       sf_debug_cc_mark_state_entry 00000001800786d0 f   sfc_debug:sfdb_coverage.obj
 0001:00077720       sf_debug_cc_mark_state_during 0000000180078720 f   sfc_debug:sfdb_coverage.obj
 0001:00077770       sf_debug_cc_mark_state_exit 0000000180078770 f   sfc_debug:sfdb_coverage.obj
 0001:00077fb0       sf_debug_cc_get_coverage   0000000180078fb0 f   sfc_debug:sfdb_coverage.obj
 0001:00078550       sf_debug_bm_clear_script_breakpoints 0000000180079550 f   sfc_debug:sfdb_breakpoints.obj
 0001:00078580       sf_debug_bm_set_script_breakpoint 0000000180079580 f   sfc_debug:sfdb_breakpoints.obj
 0001:00078600       sf_debug_bm_clear_single_script_breakpoint 0000000180079600 f   sfc_debug:sfdb_breakpoints.obj
 0001:00078680       sf_debug_bm_query_script_breakpoint 0000000180079680 f   sfc_debug:sfdb_breakpoints.obj
 0001:000786d0       sf_debug_bm_initialize_scripts 00000001800796d0 f   sfc_debug:sfdb_breakpoints.obj
 0001:00078df0       sf_debug_bm_terminate      0000000180079df0 f   sfc_debug:sfdb_breakpoints.obj
 0001:000790e0       sf_debug_bm_remove_all_breakpoints_in_machine 000000018007a0e0 f   sfc_debug:sfdb_breakpoints.obj
 0001:00079150       sf_debug_bm_remove_all_breakpoints_in_chart 000000018007a150 f   sfc_debug:sfdb_breakpoints.obj
 0001:000792a0       sf_debug_bm_initialize_global_breakpoints 000000018007a2a0 f   sfc_debug:sfdb_breakpoints.obj
 0001:00079420       sf_debug_bm_set_breakpoint 000000018007a420 f   sfc_debug:sfdb_breakpoints.obj
 0001:00079a50       sf_debug_bm_set_eml_breakpoint 000000018007aa50 f   sfc_debug:sfdb_breakpoints.obj
 0001:00079af0       sf_debug_bm_initialize_machine_breakpoint_map 000000018007aaf0 f   sfc_debug:sfdb_breakpoints.obj
 0001:00079f10       sf_debug_bm_is_a_breakpoint 000000018007af10 f   sfc_debug:sfdb_breakpoints.obj
 0001:0007a430       sf_debug_bm_get_all_breakpoints_in_machine 000000018007b430 f   sfc_debug:sfdb_breakpoints.obj
 0001:0007a730       sf_debug_bm_get_all_breakpoints_in_chart 000000018007b730 f   sfc_debug:sfdb_breakpoints.obj
 0001:0007b3f0       sf_debug_bm_initialize_machine 000000018007c3f0 f   sfc_debug:sfdb_breakpoints.obj
 0001:0007b4c0       sf_debug_bm_initialize_chart 000000018007c4c0 f   sfc_debug:sfdb_breakpoints.obj
 0001:0007b8e0       sf_debug_sc_terminate      000000018007c8e0 f   sfc_debug:sfdb_state_consistency.obj
 0001:0007bc10       sf_debug_sc_is_chart_consistent 000000018007cc10 f   sfc_debug:sfdb_state_consistency.obj
 0001:0007bec0       sf_debug_sc_get_consistency_error_info 000000018007cec0 f   sfc_debug:sfdb_state_consistency.obj
 0001:0007c310       sf_debug_tm_terminate      000000018007d310 f   sfc_debug:sfdb_call_stack.obj
 0001:0007c3d0       sf_debug_tm_push_chart_instance 000000018007d3d0 f   sfc_debug:sfdb_call_stack.obj
 0001:0007c520       sf_debug_tm_pop_chart_instance 000000018007d520 f   sfc_debug:sfdb_call_stack.obj
 0001:0007c580       sf_debug_tm_push_trace_node 000000018007d580 f   sfc_debug:sfdb_call_stack.obj
 0001:0007c710       sf_debug_tm_pop_trace_node 000000018007d710 f   sfc_debug:sfdb_call_stack.obj
 0001:0007c790       sf_debug_tm_get_current_global_trace_index 000000018007d790 f   sfc_debug:sfdb_call_stack.obj
 0001:0007c7a0       sf_debug_tm_get_current_local_trace_index 000000018007d7a0 f   sfc_debug:sfdb_call_stack.obj
 0001:0007c7d0       sf_debug_tm_set_cycle_detected_flag 000000018007d7d0 f   sfc_debug:sfdb_call_stack.obj
 0001:0007c810       sf_debug_tm_set_cycle_started_flag 000000018007d810 f   sfc_debug:sfdb_call_stack.obj
 0001:0007c850       sf_debug_tm_get_chart_number_from_stack 000000018007d850 f   sfc_debug:sfdb_call_stack.obj
 0001:0007ca50       sf_debug_tm_browse_trace   000000018007da50 f   sfc_debug:sfdb_call_stack.obj
 0001:0007cd90       sf_debug_cd_initialize_instance 000000018007dd90 f   sfc_debug:sfdb_cycle_detection.obj
 0001:0007d040       sf_debug_cd_mark_processed_transition_in_instance 000000018007e040 f   sfc_debug:sfdb_cycle_detection.obj
 0001:0007d0e0       sf_debug_cd_checksum_push  000000018007e0e0 f   sfc_debug:sfdb_cycle_detection.obj
 0001:0007d3a0       sf_debug_cd_checksum_pop   000000018007e3a0 f   sfc_debug:sfdb_cycle_detection.obj
 0001:0007d410       sf_debug_cd_turn_off_cycle_detection 000000018007e410 f   sfc_debug:sfdb_cycle_detection.obj
 0001:0007d460       sf_debug_cd_terminate      000000018007e460 f   sfc_debug:sfdb_cycle_detection.obj
 0001:0007d6a0       md5_initialize_state       000000018007e6a0 f   sfc_debug:ckmd5.obj
 0001:0007e110       md5_update_state           000000018007f110 f   sfc_debug:ckmd5.obj
 0001:0007e130       md5_get_hash               000000018007f130 f   sfc_debug:ckmd5.obj
 0001:0007e160       md5_get_hash_for_a_single_string 000000018007f160 f   sfc_debug:ckmd5.obj
 0001:0007e1c4       mxGetPr                    000000018007f1c4 f   libmx:libmx.dll
 0001:0007e1ca       mxCreateDoubleScalar       000000018007f1ca f   libmx:libmx.dll
 0001:0007e1d0       mxSetField_730             000000018007f1d0 f   libmx:libmx.dll
 0001:0007e1d6       mxCreateDoubleMatrix_730   000000018007f1d6 f   libmx:libmx.dll
 0001:0007e1dc       mxCreateStructMatrix_730   000000018007f1dc f   libmx:libmx.dll
 0001:0007e1e2       mxDestroyArray             000000018007f1e2 f   libmx:libmx.dll
 0001:0007e1e8       mxCreateString             000000018007f1e8 f   libmx:libmx.dll
 0001:0007e1ee       mxDuplicateArray           000000018007f1ee f   libmx:libmx.dll
 0001:0007e1f4       mxGetString_730            000000018007f1f4 f   libmx:libmx.dll
 0001:0007e1fa       mxIsChar                   000000018007f1fa f   libmx:libmx.dll
 0001:0007e200       mxGetClassID               000000018007f200 f   libmx:libmx.dll
 0001:0007e206       mxIsNumeric                000000018007f206 f   libmx:libmx.dll
 0001:0007e20c       mxIsComplex                000000018007f20c f   libmx:libmx.dll
 0001:0007e212       mxGetN                     000000018007f212 f   libmx:libmx.dll
 0001:0007e218       mxGetM                     000000018007f218 f   libmx:libmx.dll
 0001:0007e21e       mxCalloc                   000000018007f21e f   libmx:libmx.dll
 0001:0007e224       mxGetScalar                000000018007f224 f   libmx:libmx.dll
 0001:0007e22a       mxIsLogical                000000018007f22a f   libmx:libmx.dll
 0001:0007e230       mxCreateDoubleMatrix_700   000000018007f230 f   libmx:libmx.dll
 0001:0007e236       mxFree                     000000018007f236 f   libmx:libmx.dll
 0001:0007e23c       mxArrayToString            000000018007f23c f   libmx:libmx.dll
 0001:0007e242       mxCreateCellMatrix_700     000000018007f242 f   libmx:libmx.dll
 0001:0007e248       mxSetCell_700              000000018007f248 f   libmx:libmx.dll
 0001:0007e24e       mxGetCell_700              000000018007f24e f   libmx:libmx.dll
 0001:0007e254       mxGetClassName             000000018007f254 f   libmx:libmx.dll
 0001:0007e25a       mxSetField_700             000000018007f25a f   libmx:libmx.dll
 0001:0007e260       mxAddField                 000000018007f260 f   libmx:libmx.dll
 0001:0007e266       mxGetField_700             000000018007f266 f   libmx:libmx.dll
 0001:0007e26c       mxGetNumberOfElements      000000018007f26c f   libmx:libmx.dll
 0001:0007e272       mxIsStruct                 000000018007f272 f   libmx:libmx.dll
 0001:0007e278       mxIsClass                  000000018007f278 f   libmx:libmx.dll
 0001:0007e27e       mxGetLogicals              000000018007f27e f   libmx:libmx.dll
 0001:0007e284       mxIsSparse                 000000018007f284 f   libmx:libmx.dll
 0001:0007e28a       mxSetFieldByNumber_700     000000018007f28a f   libmx:libmx.dll
 0001:0007e290       mxGetFieldByNumber_700     000000018007f290 f   libmx:libmx.dll
 0001:0007e296       mxGetFieldNameByNumber     000000018007f296 f   libmx:libmx.dll
 0001:0007e29c       mxGetNumberOfFields        000000018007f29c f   libmx:libmx.dll
 0001:0007e2a2       mxCreateStructMatrix_700   000000018007f2a2 f   libmx:libmx.dll
 0001:0007e2a8       mxGetFieldNumber           000000018007f2a8 f   libmx:libmx.dll
 0001:0007e2ae       mxIsNaN                    000000018007f2ae f   libmx:libmx.dll
 0001:0007e2b4       mxIsEmpty                  000000018007f2b4 f   libmx:libmx.dll
 0001:0007e2ba       mxGetData                  000000018007f2ba f   libmx:libmx.dll
 0001:0007e2c0       mxGetImagData              000000018007f2c0 f   libmx:libmx.dll
 0001:0007e2c6       mxArrayClassIDName         000000018007f2c6 f   libmx:libmx.dll
 0001:0007e2cc       mxCreateNumericMatrix_700  000000018007f2cc f   libmx:libmx.dll
 0001:0007e2d2       mxCreateStructArray_700    000000018007f2d2 f   libmx:libmx.dll
 0001:0007e2d8       mxCalcSingleSubscript_700  000000018007f2d8 f   libmx:libmx.dll
 0001:0007e2de       mxGetDimensions_700        000000018007f2de f   libmx:libmx.dll
 0001:0007e2e4       mxGetNumberOfDimensions_700 000000018007f2e4 f   libmx:libmx.dll
 0001:0007e2ea       mxCreateNumericArray_700   000000018007f2ea f   libmx:libmx.dll
 0001:0007e2f0       mxGetElementSize           000000018007f2f0 f   libmx:libmx.dll
 0001:0007e2f6       mxCreateStringFromNChars_700 000000018007f2f6 f   libmx:libmx.dll
 0001:0007e2fc       mxGetString_700            000000018007f2fc f   libmx:libmx.dll
 0001:0007e302       mxIsLogicalScalarTrue      000000018007f302 f   libmx:libmx.dll
 0001:0007e308       mxCreateLogicalScalar      000000018007f308 f   libmx:libmx.dll
 0001:0007e30e       mexUnlock                  000000018007f30e f   libmex:libmex.dll
 0001:0007e314       mexIsLocked                000000018007f314 f   libmex:libmex.dll
 0001:0007e31a       mexWarnMsgTxt              000000018007f31a f   libmex:libmex.dll
 0001:0007e320       mexCallMATLAB              000000018007f320 f   libmex:libmex.dll
 0001:0007e326       mexErrMsgTxt               000000018007f326 f   libmex:libmex.dll
 0001:0007e32c       mexSetTrapFlag             000000018007f32c f   libmex:libmex.dll
 0001:0007e332       mexMakeArrayPersistent     000000018007f332 f   libmex:libmex.dll
 0001:0007e338       mexPutVariable             000000018007f338 f   libmex:libmex.dll
 0001:0007e33e       mexGetVariable             000000018007f33e f   libmex:libmex.dll
 0001:0007e344       mexLock                    000000018007f344 f   libmex:libmex.dll
 0001:0007e34a       mexMakeMemoryPersistent    000000018007f34a f   libmex:libmex.dll
 0001:0007e350       mexFunctionName            000000018007f350 f   libmex:libmex.dll
 0001:0007e356       ssRegisterDataTypeFxpFSlopeFixExpBias 000000018007f356 f   libfixedpoint:libfixedpoint.dll
 0001:0007e35c       utVSNprintf                000000018007f35c f   libut:libut.dll
 0001:0007e362       utCPUtime                  000000018007f362 f   libut:libut.dll
 0001:0007e368       utFree                     000000018007f368 f   libut:libut.dll
 0001:0007e36e       utMalloc                   000000018007f36e f   libut:libut.dll
 0001:0007e374       muDoubleScalarSqrt         000000018007f374 f   libmwmathutil:libmwmathutil.dll
 0001:0007e37a       muDoubleScalarPower        000000018007f37a f   libmwmathutil:libmwmathutil.dll
 0001:0007e380       muDoubleScalarFloor        000000018007f380 f   libmwmathutil:libmwmathutil.dll
 0001:0007e386       muDoubleScalarAbs          000000018007f386 f   libmwmathutil:libmwmathutil.dll
 0001:0007e38c       muDoubleScalarSin          000000018007f38c f   libmwmathutil:libmwmathutil.dll
 0001:0007e392       muDoubleScalarAtan2        000000018007f392 f   libmwmathutil:libmwmathutil.dll
 0001:0007e398       muDoubleScalarCos          000000018007f398 f   libmwmathutil:libmwmathutil.dll
 0001:0007e39e       emlrtCheckBuiltInCtxR2011a 000000018007f39e f   libemlrt:libemlrt.dll
 0001:0007e3a4       emlrtCheckVsBuiltInCtxR2011a 000000018007f3a4 f   libemlrt:libemlrt.dll
 0001:0007e3aa       emlrtCheckEnumR2009a       000000018007f3aa f   libemlrt:libemlrt.dll
 0001:0007e3b0       emlrtCreateEnumR2010a      000000018007f3b0 f   libemlrt:libemlrt.dll
 0001:0007e3b6       emlrtGetEnumElementR2009a  000000018007f3b6 f   libemlrt:libemlrt.dll
 0001:0007e3bc       emlrtCreateReference       000000018007f3bc f   libemlrt:libemlrt.dll
 0001:0007e3c2       emlrtImportVsFiArrayR2009b 000000018007f3c2 f   libemlrt:libemlrt.dll
 0001:0007e3c8       emlrtExtractMessageId      000000018007f3c8 f   libemlrt:libemlrt.dll
 0001:0007e3ce       emlrtTranslateMessageIDtoLCPstring 000000018007f3ce f   libemlrt:libemlrt.dll
 0001:0007e3d4       emlrtGetEnumUnderlyingArrayR2009a 000000018007f3d4 f   libemlrt:libemlrt.dll
 0001:0007e3da       emlrtIsEnumR2009a          000000018007f3da f   libemlrt:libemlrt.dll
 0001:0007e3e0       dnrm232                    000000018007f3e0 f   libmwblascompat32:libmwblascompat32.dll
 0001:0007e3e6       ddot32                     000000018007f3e6 f   libmwblascompat32:libmwblascompat32.dll
 0001:0007e3ec       idamax32                   000000018007f3ec f   libmwblascompat32:libmwblascompat32.dll
 0001:0007e3f2       dswap32                    000000018007f3f2 f   libmwblascompat32:libmwblascompat32.dll
 0001:0007e3f8       dger32                     000000018007f3f8 f   libmwblascompat32:libmwblascompat32.dll
 0001:0007e400       __GSHandlerCheckCommon     000000018007f400 f   MSVCRT:gshandler.obj
 0001:0007e464       __GSHandlerCheck           000000018007f464 f   MSVCRT:gshandler.obj
 0001:0007e4a0       __security_check_cookie    000000018007f4a0 f   MSVCRT:amdsecgs.obj
 0001:0007e4c0       memset                     000000018007f4c0 f   MSVCRT:MSVCR100.dll
 0001:0007e4c6       malloc                     000000018007f4c6 f   MSVCRT:MSVCR100.dll
 0001:0007e4cc       free                       000000018007f4cc f   MSVCRT:MSVCR100.dll
 0001:0007e4d2       strlen                     000000018007f4d2 f   MSVCRT:MSVCR100.dll
 0001:0007e4d8       strcmp                     000000018007f4d8 f   MSVCRT:MSVCR100.dll
 0001:0007e4de       sprintf                    000000018007f4de f   MSVCRT:MSVCR100.dll
 0001:0007e4e4       strcat                     000000018007f4e4 f   MSVCRT:MSVCR100.dll
 0001:0007e4ea       memcpy                     000000018007f4ea f   MSVCRT:MSVCR100.dll
 0001:0007e4f0       NtCurrentTeb               000000018007f4f0 f i MSVCRT:crtdll.obj
 0001:0007e55c       _CRT_INIT                  000000018007f55c f   MSVCRT:crtdll.obj
 0001:0007e8f4       _DllMainCRTStartup         000000018007f8f4 f   MSVCRT:crtdll.obj
 0001:0007e932       strncpy                    000000018007f932 f   MSVCRT:MSVCR100.dll
 0001:0007e950       __chkstk                   000000018007f950 f   MSVCRT:chkstk.obj
 0001:0007e950       _alloca_probe              000000018007f950     MSVCRT:chkstk.obj
 0001:0007e99e       longjmp                    000000018007f99e f   MSVCRT:MSVCR100.dll
 0001:0007e9a4       strncmp                    000000018007f9a4 f   MSVCRT:MSVCR100.dll
 0001:0007e9aa       ceil                       000000018007f9aa f   MSVCRT:MSVCR100.dll
 0001:0007e9b0       strrchr                    000000018007f9b0 f   MSVCRT:MSVCR100.dll
 0001:0007e9b6       _setjmp                    000000018007f9b6 f   MSVCRT:MSVCR100.dll
 0001:0007e9bc       calloc                     000000018007f9bc f   MSVCRT:MSVCR100.dll
 0001:0007e9c2       realloc                    000000018007f9c2 f   MSVCRT:MSVCR100.dll
 0001:0007e9c8       ldexp                      000000018007f9c8 f   MSVCRT:MSVCR100.dll
 0001:0007e9d0       __report_gsfailure         000000018007f9d0 f   MSVCRT:gs_report.obj
 0001:0007eb1c       __clean_type_info_names    000000018007fb1c f   MSVCRT:tncleanup.obj
 0001:0007eb28       _onexit                    000000018007fb28 f   MSVCRT:atonexit.obj
 0001:0007ebd8       atexit                     000000018007fbd8 f   MSVCRT:atonexit.obj
 0001:0007ebf0       _RTC_Initialize            000000018007fbf0 f   MSVCRT:_initsect_.obj
 0001:0007ec28       _RTC_Terminate             000000018007fc28 f   MSVCRT:_initsect_.obj
 0001:0007ec60       _malloc_crt                000000018007fc60 f   MSVCRT:MSVCR100.dll
 0001:0007ec70       _ValidateImageBase         000000018007fc70 f   MSVCRT:pesect.obj
 0001:0007eca0       _FindPESection             000000018007fca0 f   MSVCRT:pesect.obj
 0001:0007ecf0       _IsNonwritableInCurrentImage 000000018007fcf0 f   MSVCRT:pesect.obj
 0001:0007ed32       _initterm                  000000018007fd32 f   MSVCRT:MSVCR100.dll
 0001:0007ed38       _initterm_e                000000018007fd38 f   MSVCRT:MSVCR100.dll
 0001:0007ed3e       _encoded_null              000000018007fd3e f   MSVCRT:MSVCR100.dll
 0001:0007ed44       _amsg_exit                 000000018007fd44 f   MSVCRT:MSVCR100.dll
 0001:0007ed4a       __C_specific_handler       000000018007fd4a f   MSVCRT:MSVCR100.dll
 0001:0007ed50       __CppXcptFilter            000000018007fd50 f   MSVCRT:MSVCR100.dll
 0001:0007ed58       DllMain                    000000018007fd58 f   MSVCRT:dllmain.obj
 0001:0007ed7c       __security_init_cookie     000000018007fd7c f   MSVCRT:gs_support.obj
 0001:0007ee30       __crt_debugger_hook        000000018007fe30 f   MSVCRT:MSVCR100.dll
 0001:0007ee36       __clean_type_info_names_internal 000000018007fe36 f   MSVCRT:MSVCR100.dll
 0001:0007ee3c       _unlock                    000000018007fe3c f   MSVCRT:MSVCR100.dll
 0001:0007ee42       __dllonexit                000000018007fe42 f   MSVCRT:MSVCR100.dll
 0001:0007ee48       _lock                      000000018007fe48 f   MSVCRT:MSVCR100.dll
 0001:0007ee4e       EncodePointer              000000018007fe4e f   kernel32:KERNEL32.dll
 0001:0007ee54       DecodePointer              000000018007fe54 f   kernel32:KERNEL32.dll
 0001:0007ee5a       Sleep                      000000018007fe5a f   kernel32:KERNEL32.dll
 0001:0007ee60       TerminateProcess           000000018007fe60 f   kernel32:KERNEL32.dll
 0001:0007ee66       GetCurrentProcess          000000018007fe66 f   kernel32:KERNEL32.dll
 0001:0007ee6c       UnhandledExceptionFilter   000000018007fe6c f   kernel32:KERNEL32.dll
 0001:0007ee72       SetUnhandledExceptionFilter 000000018007fe72 f   kernel32:KERNEL32.dll
 0001:0007ee78       IsDebuggerPresent          000000018007fe78 f   kernel32:KERNEL32.dll
 0001:0007ee7e       RtlVirtualUnwind           000000018007fe7e f   kernel32:KERNEL32.dll
 0001:0007ee84       RtlLookupFunctionEntry     000000018007fe84 f   kernel32:KERNEL32.dll
 0001:0007ee8a       RtlCaptureContext          000000018007fe8a f   kernel32:KERNEL32.dll
 0001:0007ee90       DisableThreadLibraryCalls  000000018007fe90 f   kernel32:KERNEL32.dll
 0001:0007ee96       QueryPerformanceCounter    000000018007fe96 f   kernel32:KERNEL32.dll
 0001:0007ee9c       GetTickCount               000000018007fe9c f   kernel32:KERNEL32.dll
 0001:0007eea2       GetCurrentThreadId         000000018007fea2 f   kernel32:KERNEL32.dll
 0001:0007eea8       GetCurrentProcessId        000000018007fea8 f   kernel32:KERNEL32.dll
 0001:0007eeae       GetSystemTimeAsFileTime    000000018007feae f   kernel32:KERNEL32.dll
[...]
 0001:00057410       ml_check_mx_array_for_single_castability 0000000180058410 f   sfc_mex:sfc_mex.obj
 0001:000574b0       ml_check_mx_array_for_logical_castability 00000001800584b0 f   sfc_mex:sfc_mex.obj
 0001:00057550       ml_check_mx_array_for_int8_castability 0000000180058550 f   sfc_mex:sfc_mex.obj
 0001:00057600       ml_check_mx_array_for_uint8_castability 0000000180058600 f   sfc_mex:sfc_mex.obj
 0001:00057660       ml_check_mx_array_for_int16_castability 0000000180058660 f   sfc_mex:sfc_mex.obj
 0001:000576c0       ml_check_mx_array_for_uint16_castability 00000001800586c0 f   sfc_mex:sfc_mex.obj
 0001:00057720       ml_check_mx_array_for_int32_castability 0000000180058720 f   sfc_mex:sfc_mex.obj
 0001:00057780       ml_check_mx_array_for_uint32_castability 0000000180058780 f   sfc_mex:sfc_mex.obj
 0001:000577e0       ml_check_mx_array_for_castability 00000001800587e0 f   sfc_mex:sfc_mex.obj
 0001:00058110       set_data_value             0000000180059110 f   sfc_mex:sfc_mex.obj
 0001:00058480       get_data_value             0000000180059480 f   sfc_mex:sfc_mex.obj
 0001:00058590       get_next_element_address   0000000180059590 f   sfc_mex:sfc_mex.obj
 0001:00058660       sf_normalize_index         0000000180059660 f   sfc_mex:sfc_mex.obj
 0001:000589f0       ml_array_index_bound_check 00000001800599f0 f   sfc_mex:sfc_mex.obj
 0001:00059510       mx_value                   000000018005a510 f   sfc_mex:sfc_mex.obj
 0001:00059560       sf_create_numeric_array    000000018005a560 f   sfc_mex:sfc_mex.obj
 0001:00059600       sf_mex_assign_to_mx_array  000000018005a600 f   sfc_mex:sfc_mex.obj
 0001:00059950       assign_from_mx_array       000000018005a950 f   sfc_mex:sfc_mex.obj
 0001:0005a180       sf_mex_import_v            000000018005b180 f   sfc_mex:sfc_mex.obj
 0001:0005a750       get_machine_and_chart_file_number 000000018005b750 f   sfc_mex:sfc_sf.obj
 0001:0005a840       get_sfun_block_specialization 000000018005b840 f   sfc_mex:sfc_sf.obj
 0001:0005a8c0       call_sf_machine_global_method_dispatcher 000000018005b8c0 f   sfc_mex:sfc_sf.obj
 0001:0005aaf0       mdl_zeroCrossings_processing 000000018005baf0 f   sfc_mex:sfc_sf.obj
 0001:0005abc0       mdl_derivatives_processing 000000018005bbc0 f   sfc_mex:sfc_sf.obj
 0001:0005ae80       mdl_outputs_continuous_legacy 000000018005be80 f   sfc_mex:sfc_sf.obj
 0001:0005af00       mdl_outputs_processing     000000018005bf00 f   sfc_mex:sfc_sf.obj
 0001:0005b130       mdl_enable_processing      000000018005c130 f   sfc_mex:sfc_sf.obj
 0001:0005b200       mdl_disable_processing     000000018005c200 f   sfc_mex:sfc_sf.obj
 0001:0005bb50       write_symbol_mapping       000000018005cb50 f   sfc_mex:sfc_sf.obj
 0001:0005c270       sf_call_output_fcn_enable_disable 000000018005d270 f   sfc_mex:sfc_sf.obj
 0001:0005c4f0       set_dwork_information_from_mx_array 000000018005d4f0 f   sfc_mex:sfc_sf.obj
 0001:0005cde0       ptr2mxStruct               000000018005dde0 f   sfc_mex:sfc_sf.obj
 0001:0005d0f0       SNPRINTF_WRAPPER           000000018005e0f0 f   sfc_debug:sfcdebug.obj
 0001:0005d110       sf_debug_chart_instance_initialized_quick 000000018005e110 f   sfc_debug:sfcdebug.obj
 0001:0005d120       sf_debug_chart_instance_initialized 000000018005e120 f   sfc_debug:sfcdebug.obj
 0001:0005d2c0       sfrtAddSize                000000018005e2c0 f   sfc_debug:sfcdebug.obj
 0001:0005d380       sfrtGenSizeString          000000018005e380 f   sfc_debug:sfcdebug.obj
 0001:0005da90       sf_debug_sim_status_listener 000000018005ea90 f   sfc_debug:sfcdebug.obj
 0001:0005e000       sf_debug_form_mask_bits    000000018005f000 f   sfc_debug:sfcdebug.obj
 0001:0005e040       sf_debug_form_sf_data_type_offsets 000000018005f040 f   sfc_debug:sfcdebug.obj
 0001:0005e100       sf_debug_free_all          000000018005f100 f   sfc_debug:sfcdebug.obj
 0001:0005e280       sf_debug_append_debugger_context 000000018005f280 f   sfc_debug:sfcdebug.obj
 0001:0005e540       local_strdup               000000018005f540 f   sfc_debug:sfcdebug.obj
 0001:0005f420       sf_debug_em_terminate      0000000180060420 f   sfc_debug:sfcdebug.obj
 0001:0005f460       sf_debug_push_eml_function 0000000180060460 f   sfc_debug:sfcdebug.obj
 0001:0005f500       sf_debug_pop_eml_function  0000000180060500 f   sfc_debug:sfcdebug.obj
 0001:00060200       sf_debug_get_machine_number_from_id_or_name 0000000180061200 f   sfc_debug:sfcdebug.obj
 0001:00060350       sf_debug_get_chart_number_from_id 0000000180061350 f   sfc_debug:sfcdebug.obj
 0001:00060fc0       sf_debug_transfer_control_to_debugger_GUI 0000000180061fc0 f   sfc_debug:sfcdebug.obj
 0001:00061f60       sf_debug_scripts_rehash    0000000180062f60 f   sfc_debug:sfcdebug.obj
 0001:000621a0       sf_debug_get_script_line_count 00000001800631a0 f   sfc_debug:sfcdebug.obj
 0001:000628b0       cv_eml_state_cvId          00000001800638b0 f   sfc_debug:sfcdebug.obj
 0001:00063ad0       sf_debug_data_array_bounds_error 0000000180064ad0 f   sfc_debug:sfcdebug.obj
 0001:00063f00       eml_debug_runtime_error_doclink 0000000180064f00 f   sfc_debug:sfcdebug.obj
 0001:00064080       sf_debug_runtime_error     0000000180065080 f   sfc_debug:sfcdebug.obj
 0001:000640f0       sf_debug_matlab_error      00000001800650f0 f   sfc_debug:sfcdebug.obj
 0001:000649a0       sf_debug_data_value_error  00000001800659a0 f   sfc_debug:sfcdebug.obj
 0001:000652a0       sf_debug_data_loss_error   00000001800662a0 f   sfc_debug:sfcdebug.obj
 0001:00065f00       call_cv_range_check        0000000180066f00 f   sfc_debug:sfcdebug.obj
 0001:000666d0       sf_debug_invoke_cycle_detection_code 00000001800676d0 f   sfc_debug:sfcdebug.obj
 0001:00067540       sf_reset_debug_info_struct 0000000180068540 f   sfc_debug:sfcdebug.obj
 0001:00067e30       cv_script_cvId             0000000180068e30 f   sfc_debug:sfcdebug.obj
 0001:00068c20       sfc_api_chart_visible      0000000180069c20 f   sfc_debug:sfc_api.obj
 0001:00068ca0       sfc_api_active_instance    0000000180069ca0 f   sfc_debug:sfc_api.obj
 0001:00068d20       sfc_api_machine_load       0000000180069d20 f   sfc_debug:sfc_api.obj
 0001:00068df0       sfc_api_debugger_alive     0000000180069df0 f   sfc_debug:sfc_api.obj
 0001:00068e00       sfc_api_go                 0000000180069e00 f   sfc_debug:sfc_api.obj
 0001:00068e10       sfc_api_step_over          0000000180069e10 f   sfc_debug:sfc_api.obj
 0001:00068e20       sfc_api_step_out           0000000180069e20 f   sfc_debug:sfc_api.obj
 0001:00068e30       sfc_api_resume             0000000180069e30 f   sfc_debug:sfc_api.obj
 0001:00068e40       sfc_api_break              0000000180069e40 f   sfc_debug:sfc_api.obj
 0001:00068e50       sfc_api_stop_debugging     0000000180069e50 f   sfc_debug:sfc_api.obj
 0001:00068ea0       sfc_api_is_cycle_detected  0000000180069ea0 f   sfc_debug:sfc_api.obj
 0001:00068ef0       sfc_api_is_array_bounds_detected 0000000180069ef0 f   sfc_debug:sfc_api.obj
 0001:00068f40       sfc_api_set_disable_all_breakpoints 0000000180069f40 f   sfc_debug:sfc_api.obj
 0001:00068fb0       sfc_api_disable_all_breakpoints_and_go 0000000180069fb0 f   sfc_debug:sfc_api.obj
 0001:00068fc0       sfc_api_close              0000000180069fc0 f   sfc_debug:sfc_api.obj
 0001:00068fd0       sfc_api_browse_data        0000000180069fd0 f   sfc_debug:sfc_api.obj
 0001:00069040       sfc_api_watch_data         000000018006a040 f   sfc_debug:sfc_api.obj
 0001:000690e0       sfc_api_assign_data        000000018006a0e0 f   sfc_debug:sfc_api.obj
 0001:00069180       sfc_api_whos               000000018006a180 f   sfc_debug:sfc_api.obj
 0001:00069210       sfc_api_get_consistency_info 000000018006a210 f   sfc_debug:sfc_api.obj
 0001:00069220       sfc_api_browse_trace       000000018006a220 f   sfc_debug:sfc_api.obj
 0001:00069230       sfc_api_break_on_chart_entry 000000018006a230 f   sfc_debug:sfc_api.obj
 0001:00069250       sfc_api_break_on_event_broadcast 000000018006a250 f   sfc_debug:sfc_api.obj
 0001:00069270       sfc_api_break_on_state_entry 000000018006a270 f   sfc_debug:sfc_api.obj
 0001:00069290       sfc_api_set_watch          000000018006a290 f   sfc_debug:sfc_api.obj
 0001:00069330       sfc_api_set_breakpoints    000000018006a330 f   sfc_debug:sfc_api.obj
 0001:000693d0       sfc_api_set_eml_breakpoints 000000018006a3d0 f   sfc_debug:sfc_api.obj
 0001:00069450       sfc_api_set_script_breakpoints 000000018006a450 f   sfc_debug:sfc_api.obj
 0001:000694a0       sfc_api_add_script_breakpoints 000000018006a4a0 f   sfc_debug:sfc_api.obj
 0001:000694f0       sfc_api_clear_script_breakpoints 000000018006a4f0 f   sfc_debug:sfc_api.obj
 0001:00069540       sfc_api_query_script_breakpoints 000000018006a540 f   sfc_debug:sfc_api.obj
 0001:000695a0       sfc_api_get_script_id      000000018006a5a0 f   sfc_debug:sfc_api.obj
 0001:00069660       sfc_api_get_active_states  000000018006a660 f   sfc_debug:sfc_api.obj
 0001:000696e0       sfc_api_break_between_times 000000018006a6e0 f   sfc_debug:sfc_api.obj
 0001:00069740       sfc_api_get_instance_handle 000000018006a740 f   sfc_debug:sfc_api.obj
 0001:000697f0       sfc_api_get_coverage       000000018006a7f0 f   sfc_debug:sfc_api.obj
 0001:00069870       sfc_api_set_animation      000000018006a870 f   sfc_debug:sfc_api.obj
 0001:000698c0       sfc_api_select_chart       000000018006a8c0 f   sfc_debug:sfc_api.obj
 0001:00069920       sfc_api_select_charts      000000018006a920 f   sfc_debug:sfc_api.obj
 0001:00069950       sfc_api_cycle_detection_check 000000018006a950 f   sfc_debug:sfc_api.obj
 0001:000699a0       sfc_api_data_range_check   000000018006a9a0 f   sfc_debug:sfc_api.obj
 0001:000699f0       sfc_api_transition_conflict_check 000000018006a9f0 f   sfc_debug:sfc_api.obj
 0001:00069a40       sfc_api_state_consistency_check 000000018006aa40 f   sfc_debug:sfc_api.obj
 0001:00069a90       sfc_api_set_instance_cv_ids 000000018006aa90 f   sfc_debug:sfc_api.obj
 0001:00069ba0       sfc_api_set_script_cv_ids  000000018006aba0 f   sfc_debug:sfc_api.obj
 0001:00069c40       sfc_api_get_current_machine_id 000000018006ac40 f   sfc_debug:sfc_api.obj
 0001:00069c70       sfc_api_get_current_machine_number 000000018006ac70 f   sfc_debug:sfc_api.obj
 0001:00069ca0       sfc_api_get_current_chart_number 000000018006aca0 f   sfc_debug:sfc_api.obj
 0001:00069cd0       sfc_api_get_current_instance_number 000000018006acd0 f   sfc_debug:sfc_api.obj
 0001:00069d00       sfc_api_get_current_instance_handle 000000018006ad00 f   sfc_debug:sfc_api.obj
 0001:00069d20       sfc_api_get_current_is_minor_time_step 000000018006ad20 f   sfc_debug:sfc_api.obj
 0001:00069d50       sfc_api_get_current_machine_name 000000018006ad50 f   sfc_debug:sfc_api.obj
 0001:00069d70       sfc_api_get_current_chart_id 000000018006ad70 f   sfc_debug:sfc_api.obj
 0001:00069da0       sfc_api_get_current_object_type 000000018006ada0 f   sfc_debug:sfc_api.obj
 0001:00069dd0       sfc_api_get_current_event_type 000000018006add0 f   sfc_debug:sfc_api.obj
 0001:00069e00       sfc_api_get_current_object_id 000000018006ae00 f   sfc_debug:sfc_api.obj
 0001:00069e30       sfc_get_current_active_event_type 000000018006ae30 f   sfc_debug:sfc_api.obj
 0001:00069e60       sfc_api_get_current_active_event_id 000000018006ae60 f   sfc_debug:sfc_api.obj
 0001:00069e90       sfc_api_get_current_simulation_time 000000018006ae90 f   sfc_debug:sfc_api.obj
 0001:00069eb0       sfc_get_current_tag_type   000000018006aeb0 f   sfc_debug:sfc_api.obj
 0001:00069ee0       sfc_get_current_coverage_percentage 000000018006aee0 f   sfc_debug:sfc_api.obj
 0001:00069f00       sfc_get_current_statement_context 000000018006af00 f   sfc_debug:sfc_api.obj
 0001:00069f20       sfc_get_current_optional_integer 000000018006af20 f   sfc_debug:sfc_api.obj
 0001:00069f50       sfc_get_current_statement_info 000000018006af50 f   sfc_debug:sfc_api.obj
 0001:00069ff0       sfc_api_get                000000018006aff0 f   sfc_debug:sfc_api.obj
 0001:0006a150       sf_debug_sm_is_using_unified_editors 000000018006b150 f   sfc_debug:sfdb_animation.obj
 0001:0006a1f0       sf_debug_sm_is_chart_visible_in_unified_editors 000000018006b1f0 f   sfc_debug:sfdb_animation.obj
 0001:0006a2b0       sf_debug_sm_check_if_chart_is_visible 000000018006b2b0 f   sfc_debug:sfdb_animation.obj
 0001:0006adb0       sf_debug_sm_fill_state_activity_data 000000018006bdb0 f   sfc_debug:sfdb_animation.obj
 0001:0006d3a0       sf_debug_hm_get_simulink_handle 000000018006e3a0 f   sfc_debug:sfdb_handle_management.obj
 0001:0006def0       sf_debug_hm_initialize_globals 000000018006eef0 f   sfc_debug:sfdb_handle_management.obj
 0001:0006dff0       sf_debug_hm_get_machine_debug_flag 000000018006eff0 f   sfc_debug:sfdb_handle_management.obj
 0001:0006e160       sf_debug_hm_get_machine_id 000000018006f160 f   sfc_debug:sfdb_handle_management.obj
 0001:0006e280       sf_debug_hm_get_chart_id   000000018006f280 f   sfc_debug:sfdb_handle_management.obj
 0001:0006e420       sf_debug_hm_register_executing_SFunction 000000018006f420 f   sfc_debug:sfdb_handle_management.obj
 0001:0006e5c0       sf_debug_hm_get_chart_active_instance 000000018006f5c0 f   sfc_debug:sfdb_handle_management.obj
 0001:0006e730       sf_debug_hm_get_chart_visibility 000000018006f730 f   sfc_debug:sfdb_handle_management.obj
 0001:0006e880       sf_debug_hm_form_object_boolean_properties 000000018006f880 f   sfc_debug:sfdb_handle_management.obj
 0001:0006eb50       sf_debug_hm_form_object_properties 000000018006fb50 f   sfc_debug:sfdb_handle_management.obj
 0001:0006ed90       sf_debug_hm_terminate_charts 000000018006fd90 f   sfc_debug:sfdb_handle_management.obj
 0001:0006f500       sf_debug_hm_terminate_machines 0000000180070500 f   sfc_debug:sfdb_handle_management.obj
 0001:00070e20       void_ptr_stack_vector_free_total 0000000180071e20 f   sfc_debug:sfdb_data_browse.obj
 0001:00070eb0       sf_debug_st_terminate_machine 0000000180071eb0 f   sfc_debug:sfdb_data_browse.obj
 0001:00070ef0       sf_debug_st_terminate_instance 0000000180071ef0 f   sfc_debug:sfdb_data_browse.obj
 0001:000712a0       push_on_to_void_ptr_stack  00000001800722a0 f   sfc_debug:sfdb_data_browse.obj
 0001:00071430       pop_from_void_ptr_stack    0000000180072430 f   sfc_debug:sfdb_data_browse.obj
 0001:00071560       sf_debug_st_get_data_value 0000000180072560 f   sfc_debug:sfdb_data_browse.obj
 0001:00071af0       mx_value                   0000000180072af0 f   sfc_debug:sfdb_data_browse.obj
 0001:00071b30       sf_debug_st_fill_data_struct 0000000180072b30 f   sfc_debug:sfdb_data_browse.obj
 0001:00071e70       data_type_format_strings   0000000180072e70 f   sfc_debug:sfdb_data_browse.obj
 0001:00071f20       sf_debug_st_fill_data      0000000180072f20 f   sfc_debug:sfdb_data_browse.obj
 0001:00073160       sf_debug_ss_copy_dimension 0000000180074160 f   sfc_debug:sfdb_symbol_scope.obj
 0001:00073220       sf_debug_ss_get_number_elements 0000000180074220 f   sfc_debug:sfdb_symbol_scope.obj
 0001:00073240       sf_debug_ss_fill_data_struct 0000000180074240 f   sfc_debug:sfdb_symbol_scope.obj
 0001:00073590       sf_debug_ss_reset_data_info 0000000180074590 f   sfc_debug:sfdb_symbol_scope.obj
 0001:000735f0       sf_debug_fill_data_info_by_symbol_scope_entry 00000001800745f0 f   sfc_debug:sfdb_symbol_scope.obj
 0001:000736b0       sf_debug_fill_data_info_by_data_vector 00000001800746b0 f   sfc_debug:sfdb_symbol_scope.obj
 0001:00073900       sf_debug_ss_get_data_info  0000000180074900 f   sfc_debug:sfdb_symbol_scope.obj
 0001:00073bf0       sf_debug_select_mex_function 0000000180074bf0 f   sfc_debug:sfdb_symbol_scope.obj
 0001:00073c20       sf_debug_is_dyn_matrix_initialized 0000000180074c20 f   sfc_debug:sfdb_symbol_scope.obj
 0001:00073c40       sf_debug_ss_set_data_value_try 0000000180074c40 f   sfc_debug:sfdb_symbol_scope.obj
 0001:00073e10       sf_debug_ss_get_data_value 0000000180074e10 f   sfc_debug:sfdb_symbol_scope.obj
 0001:00074360       sf_debug_ss_data_bytes_string 0000000180075360 f   sfc_debug:sfdb_symbol_scope.obj
 0001:00074410       sf_debug_ss_data_class_string 0000000180075410 f   sfc_debug:sfdb_symbol_scope.obj
 0001:000747a0       sf_debug_ss_data_size_string 00000001800757a0 f   sfc_debug:sfdb_symbol_scope.obj
 0001:00074880       sf_debug_ss_data_create_data_info_struct 0000000180075880 f   sfc_debug:sfdb_symbol_scope.obj
 0001:00074b50       sf_debug_ss_data_create_name_value_pair 0000000180075b50 f   sfc_debug:sfdb_symbol_scope.obj
 0001:00074bf0       sf_debug_ss_data_get_whos_info 0000000180075bf0 f   sfc_debug:sfdb_symbol_scope.obj
 0001:00074c00       same_named_data_in_data_array 0000000180075c00 f   sfc_debug:sfdb_symbol_scope.obj
 0001:00076470       sf_debug_cc_terminate_chart 0000000180077470 f   sfc_debug:sfdb_coverage.obj
 0001:00076810       sf_debug_cc_terminate_instance 0000000180077810 f   sfc_debug:sfdb_coverage.obj
 0001:00077400       sf_debug_cc_mark_object_if_needed 0000000180078400 f   sfc_debug:sfdb_coverage.obj
 0001:000777c0       sf_debug_cc_fill_transition_coverage_data 00000001800787c0 f   sfc_debug:sfdb_coverage.obj
 0001:00077950       sf_debug_cc_fill_transition_coverage_map 0000000180078950 f   sfc_debug:sfdb_coverage.obj
 0001:00077c00       sf_debug_cc_fill_state_coverage_map 0000000180078c00 f   sfc_debug:sfdb_coverage.obj
 0001:00077e50       sf_debug_cc_fill_state_coverage_data 0000000180078e50 f   sfc_debug:sfdb_coverage.obj
 0001:00078a90       sf_debug_bm_initialize_eml 0000000180079a90 f   sfc_debug:sfdb_breakpoints.obj
 0001:00079c00       sf_debug_bm_map_debug_tag_to_breakpoint_tag 000000018007ac00 f   sfc_debug:sfdb_breakpoints.obj
 0001:00079ce0       sf_debug_bm_is_a_eml_breakpoint_impl 000000018007ace0 f   sfc_debug:sfdb_breakpoints.obj
 0001:0007b760       sf_debug_sc_push_on_error_stack 000000018007c760 f   sfc_debug:sfdb_state_consistency.obj
 0001:0007b890       sf_debug_sc_reset_error_stack 000000018007c890 f   sfc_debug:sfdb_state_consistency.obj
 0001:0007ba20       sf_debug_sc_is_state_inconsistent 000000018007ca20 f   sfc_debug:sfdb_state_consistency.obj
 0001:0007bd20       sf_debug_sc_fill_consistency_info 000000018007cd20 f   sfc_debug:sfdb_state_consistency.obj
 0001:0007c300       void_assertion_fcn         000000018007d300 f   sfc_debug:sfdb_call_stack.obj
 0001:0007c880       sf_debug_tm_fill_local_trace 000000018007d880 f   sfc_debug:sfdb_call_stack.obj
 0001:0007ce50       sf_debug_cd_terminate_instance 000000018007de50 f   sfc_debug:sfdb_cycle_detection.obj
 0001:0007ceb0       sf_debug_cd_free_checksum_stack 000000018007deb0 f   sfc_debug:sfdb_cycle_detection.obj
 0001:0007cf00       sf_debug_cd_reset_pack_strings 000000018007df00 f   sfc_debug:sfdb_cycle_detection.obj
 0001:0007d5c0       md5file_clear              000000018007e5c0 f   sfc_debug:ckmd5.obj
 0001:0007d5f0       Encode                     000000018007e5f0 f   sfc_debug:ckmd5.obj
 0001:0007d640       Decode                     000000018007e640 f   sfc_debug:ckmd5.obj
 0001:0007d6e0       MD5Transform               000000018007e6e0 f   sfc_debug:ckmd5.obj
 0001:0007df30       md5file_addn               000000018007ef30 f   sfc_debug:ckmd5.obj
 0001:0007e000       md5file_hash               000000018007f000 f   sfc_debug:ckmd5.obj
 0001:0007e4fc       pre_c_init                 000000018007f4fc f   MSVCRT:crtdll.obj
 0001:0007e7b8       __DllMainCRTStartup        000000018007f7b8 f   MSVCRT:crtdll.obj
 0001:0007eec0       __DllMainCRTStartup$filt$0 000000018007fec0 f   MSVCRT:crtdll.obj
 0001:0007eef0       __DllMainCRTStartup$fin$1  000000018007fef0 f   MSVCRT:crtdll.obj
 0001:0007ef0a       _onexit$fin$0              000000018007ff0a f   MSVCRT:atonexit.obj
 0001:0007ef30       _IsNonwritableInCurrentImage$filt$0 000000018007ff30 f   MSVCRT:pesect.obj
